Component: ARM Compiler 5.06 update 7 (build 960) Tool: armlink [4d3601]

==============================================================================

Section Cross References

    startup_stm32h750xx.o(STACK) refers (Special) to heapauxi.o(.text) for __use_two_region_memory
    startup_stm32h750xx.o(HEAP) refers (Special) to heapauxi.o(.text) for __use_two_region_memory
    startup_stm32h750xx.o(RESET) refers (Special) to heapauxi.o(.text) for __use_two_region_memory
    startup_stm32h750xx.o(RESET) refers to startup_stm32h750xx.o(STACK) for __initial_sp
    startup_stm32h750xx.o(RESET) refers to startup_stm32h750xx.o(.text) for Reset_Handler
    startup_stm32h750xx.o(RESET) refers to stm32h7xx_it.o(i.NMI_Handler) for NMI_Handler
    startup_stm32h750xx.o(RESET) refers to stm32h7xx_it.o(i.HardFault_Handler) for HardFault_Handler
    startup_stm32h750xx.o(RESET) refers to stm32h7xx_it.o(i.MemManage_Handler) for MemManage_Handler
    startup_stm32h750xx.o(RESET) refers to stm32h7xx_it.o(i.BusFault_Handler) for BusFault_Handler
    startup_stm32h750xx.o(RESET) refers to stm32h7xx_it.o(i.UsageFault_Handler) for UsageFault_Handler
    startup_stm32h750xx.o(RESET) refers to stm32h7xx_it.o(i.SVC_Handler) for SVC_Handler
    startup_stm32h750xx.o(RESET) refers to stm32h7xx_it.o(i.DebugMon_Handler) for DebugMon_Handler
    startup_stm32h750xx.o(RESET) refers to stm32h7xx_it.o(i.PendSV_Handler) for PendSV_Handler
    startup_stm32h750xx.o(RESET) refers to stm32h7xx_it.o(i.SysTick_Handler) for SysTick_Handler
    startup_stm32h750xx.o(RESET) refers to stm32h7xx_it.o(i.EXTI4_IRQHandler) for EXTI4_IRQHandler
    startup_stm32h750xx.o(RESET) refers to stm32h7xx_it.o(i.DMA1_Stream0_IRQHandler) for DMA1_Stream0_IRQHandler
    startup_stm32h750xx.o(RESET) refers to stm32h7xx_it.o(i.DMA1_Stream1_IRQHandler) for DMA1_Stream1_IRQHandler
    startup_stm32h750xx.o(RESET) refers to stm32h7xx_it.o(i.DMA1_Stream2_IRQHandler) for DMA1_Stream2_IRQHandler
    startup_stm32h750xx.o(RESET) refers to stm32h7xx_it.o(i.DMA1_Stream3_IRQHandler) for DMA1_Stream3_IRQHandler
    startup_stm32h750xx.o(RESET) refers to stm32h7xx_it.o(i.DMA1_Stream4_IRQHandler) for DMA1_Stream4_IRQHandler
    startup_stm32h750xx.o(RESET) refers to stm32h7xx_it.o(i.DMA1_Stream5_IRQHandler) for DMA1_Stream5_IRQHandler
    startup_stm32h750xx.o(RESET) refers to stm32h7xx_it.o(i.DMA1_Stream6_IRQHandler) for DMA1_Stream6_IRQHandler
    startup_stm32h750xx.o(RESET) refers to stm32h7xx_it.o(i.EXTI9_5_IRQHandler) for EXTI9_5_IRQHandler
    startup_stm32h750xx.o(RESET) refers to stm32h7xx_it.o(i.USART2_IRQHandler) for USART2_IRQHandler
    startup_stm32h750xx.o(RESET) refers to stm32h7xx_it.o(i.EXTI15_10_IRQHandler) for EXTI15_10_IRQHandler
    startup_stm32h750xx.o(RESET) refers to stm32h7xx_it.o(i.DMA1_Stream7_IRQHandler) for DMA1_Stream7_IRQHandler
    startup_stm32h750xx.o(RESET) refers to stm32h7xx_it.o(i.UART4_IRQHandler) for UART4_IRQHandler
    startup_stm32h750xx.o(RESET) refers to stm32h7xx_it.o(i.UART5_IRQHandler) for UART5_IRQHandler
    startup_stm32h750xx.o(RESET) refers to stm32h7xx_it.o(i.TIM6_DAC_IRQHandler) for TIM6_DAC_IRQHandler
    startup_stm32h750xx.o(RESET) refers to stm32h7xx_it.o(i.TIM7_IRQHandler) for TIM7_IRQHandler
    startup_stm32h750xx.o(RESET) refers to stm32h7xx_it.o(i.DMA2_Stream0_IRQHandler) for DMA2_Stream0_IRQHandler
    startup_stm32h750xx.o(RESET) refers to stm32h7xx_it.o(i.DMA2_Stream1_IRQHandler) for DMA2_Stream1_IRQHandler
    startup_stm32h750xx.o(RESET) refers to stm32h7xx_it.o(i.UART7_IRQHandler) for UART7_IRQHandler
    startup_stm32h750xx.o(RESET) refers to stm32h7xx_it.o(i.UART8_IRQHandler) for UART8_IRQHandler
    startup_stm32h750xx.o(.text) refers (Special) to heapauxi.o(.text) for __use_two_region_memory
    startup_stm32h750xx.o(.text) refers to system_stm32h7xx.o(i.SystemInit) for SystemInit
    startup_stm32h750xx.o(.text) refers to __main.o(!!!main) for __main
    startup_stm32h750xx.o(.text) refers to startup_stm32h750xx.o(HEAP) for Heap_Mem
    startup_stm32h750xx.o(.text) refers to startup_stm32h750xx.o(STACK) for Stack_Mem
    main.o(i.SystemClock_Config) refers to rt_memclr_w.o(.text) for __aeabi_memclr4
    main.o(i.SystemClock_Config) refers to stm32h7xx_hal_pwr_ex.o(i.HAL_PWREx_ConfigSupply) for HAL_PWREx_ConfigSupply
    main.o(i.SystemClock_Config) refers to stm32h7xx_hal_rcc.o(i.HAL_RCC_OscConfig) for HAL_RCC_OscConfig
    main.o(i.SystemClock_Config) refers to main.o(i.Error_Handler) for Error_Handler
    main.o(i.SystemClock_Config) refers to stm32h7xx_hal_rcc.o(i.HAL_RCC_ClockConfig) for HAL_RCC_ClockConfig
    main.o(i.main) refers to stm32h7xx_hal.o(i.HAL_Init) for HAL_Init
    main.o(i.main) refers to main.o(i.SystemClock_Config) for SystemClock_Config
    main.o(i.main) refers to gpio.o(i.MX_GPIO_Init) for MX_GPIO_Init
    main.o(i.main) refers to dma.o(i.MX_DMA_Init) for MX_DMA_Init
    main.o(i.main) refers to tim.o(i.MX_TIM1_Init) for MX_TIM1_Init
[...]
    _printf_return_value                     0x00000000   Number         0  printf_stubs.o ABSOLUTE
    _printf_sizespec                         0x00000000   Number         0  printf_stubs.o ABSOLUTE
    _printf_widthprec                        0x00000000   Number         0  printf_stubs.o ABSOLUTE
    __ARM_exceptions_init                     - Undefined Weak Reference
    __alloca_initialize                       - Undefined Weak Reference
    __arm_fini_                               - Undefined Weak Reference
    __arm_preinit_                            - Undefined Weak Reference
    __cpp_initialize__aeabi_                  - Undefined Weak Reference
    __cxa_finalize                            - Undefined Weak Reference
    __sigvec_lookup                           - Undefined Weak Reference
    _atexit_init                              - Undefined Weak Reference
    _call_atexit_fns                          - Undefined Weak Reference
    _clock_init                               - Undefined Weak Reference
    _fp_trap_init                             - Undefined Weak Reference
    _fp_trap_shutdown                         - Undefined Weak Reference
    _get_lc_collate                           - Undefined Weak Reference
    _get_lc_monetary                          - Undefined Weak Reference
    _get_lc_time                              - Undefined Weak Reference
    _getenv_init                              - Undefined Weak Reference
    _handle_redirection                       - Undefined Weak Reference
    _init_alloc                               - Undefined Weak Reference
    _init_user_alloc                          - Undefined Weak Reference
    _initio                                   - Undefined Weak Reference
    _printf_mbtowc                            - Undefined Weak Reference
    _printf_wc                                - Undefined Weak Reference
    _rand_init                                - Undefined Weak Reference
    _signal_finish                            - Undefined Weak Reference
    _signal_init                              - Undefined Weak Reference
    _terminate_alloc                          - Undefined Weak Reference
    _terminate_user_alloc                     - Undefined Weak Reference
    _terminateio                              - Undefined Weak Reference
    __Vectors_Size                           0x00000298   Number         0  startup_stm32h750xx.o ABSOLUTE
    __Vectors                                0x08000000   Data           4  startup_stm32h750xx.o(RESET)
    __Vectors_End                            0x08000298   Data           0  startup_stm32h750xx.o(RESET)
    __main                                   0x08000299   Thumb Code     8  __main.o(!!!main)
    __scatterload                            0x080002a1   Thumb Code     0  __scatter.o(!!!scatter)
    __scatterload_rt2                        0x080002a1   Thumb Code    44  __scatter.o(!!!scatter)
    __scatterload_rt2_thumb_only             0x080002a1   Thumb Code     0  __scatter.o(!!!scatter)
    __scatterload_null                       0x080002af   Thumb Code     0  __scatter.o(!!!scatter)
    __scatterload_copy                       0x080002d5   Thumb Code    26  __scatter_copy.o(!!handler_copy)
    __scatterload_zeroinit                   0x080002f1   Thumb Code    28  __scatter_zi.o(!!handler_zi)
    __rt_lib_init                            0x0800030d   Thumb Code     0  libinit.o(.ARM.Collect$$libinit$$00000000)
    __rt_lib_init_fp_1                       0x0800030f   Thumb Code     0  libinit2.o(.ARM.Collect$$libinit$$00000001)
    __rt_lib_init_alloca_1                   0x08000313   Thumb Code     0  libinit2.o(.ARM.Collect$$libinit$$0000002E)
    __rt_lib_init_argv_1                     0x08000313   Thumb Code     0  libinit2.o(.ARM.Collect$$libinit$$0000002C)
    __rt_lib_init_atexit_1                   0x08000313   Thumb Code     0  libinit2.o(.ARM.Collect$$libinit$$0000001B)
    __rt_lib_init_clock_1                    0x08000313   Thumb Code     0  libinit2.o(.ARM.Collect$$libinit$$00000021)
    __rt_lib_init_cpp_1                      0x08000313   Thumb Code     0  libinit2.o(.ARM.Collect$$libinit$$00000032)
    __rt_lib_init_exceptions_1               0x08000313   Thumb Code     0  libinit2.o(.ARM.Collect$$libinit$$00000030)
    __rt_lib_init_fp_trap_1                  0x08000313   Thumb Code     0  libinit2.o(.ARM.Collect$$libinit$$0000001F)
    __rt_lib_init_getenv_1                   0x08000313   Thumb Code     0  libinit2.o(.ARM.Collect$$libinit$$00000023)
    __rt_lib_init_heap_1                     0x08000313   Thumb Code     0  libinit2.o(.ARM.Collect$$libinit$$0000000A)
    __rt_lib_init_lc_collate_1               0x08000313   Thumb Code     0  libinit2.o(.ARM.Collect$$libinit$$00000011)
    __rt_lib_init_lc_ctype_1                 0x08000313   Thumb Code     0  libinit2.o(.ARM.Collect$$libinit$$00000013)
    __rt_lib_init_lc_monetary_1              0x08000313   Thumb Code     0  libinit2.o(.ARM.Collect$$libinit$$00000015)
    __rt_lib_init_lc_numeric_1               0x08000313   Thumb Code     0  libinit2.o(.ARM.Collect$$libinit$$00000017)
    __rt_lib_init_lc_time_1                  0x08000313   Thumb Code     0  libinit2.o(.ARM.Collect$$libinit$$00000019)
    __rt_lib_init_preinit_1                  0x08000313   Thumb Code     0  libinit2.o(.ARM.Collect$$libinit$$00000004)
    __rt_lib_init_rand_1                     0x08000313   Thumb Code     0  libinit2.o(.ARM.Collect$$libinit$$0000000E)
    __rt_lib_init_return                     0x08000313   Thumb Code     0  libinit2.o(.ARM.Collect$$libinit$$00000033)
    __rt_lib_init_signal_1                   0x08000313   Thumb Code     0  libinit2.o(.ARM.Collect$$libinit$$0000001D)
    __rt_lib_init_stdio_1                    0x08000313   Thumb Code     0  libinit2.o(.ARM.Collect$$libinit$$00000025)
    __rt_lib_init_user_alloc_1               0x08000313   Thumb Code     0  libinit2.o(.ARM.Collect$$libinit$$0000000C)
    __rt_lib_shutdown                        0x08000315   Thumb Code     0  libshutdown.o(.ARM.Collect$$libshutdown$$00000000)
    __rt_lib_shutdown_cpp_1                  0x08000317   Thumb Code     0  libshutdown2.o(.ARM.Collect$$libshutdown$$00000004)
    __rt_lib_shutdown_fini_1                 0x08000317   Thumb Code     0  libshutdown2.o(.ARM.Collect$$libshutdown$$00000002)
    __rt_lib_shutdown_fp_trap_1              0x08000317   Thumb Code     0  libshutdown2.o(.ARM.Collect$$libshutdown$$00000009)
    __rt_lib_shutdown_heap_1                 0x08000317   Thumb Code     0  libshutdown2.o(.ARM.Collect$$libshutdown$$00000011)
    __rt_lib_shutdown_return                 0x08000317   Thumb Code     0  libshutdown2.o(.ARM.Collect$$libshutdown$$00000012)
    __rt_lib_shutdown_signal_1               0x08000317   Thumb Code     0  libshutdown2.o(.ARM.Collect$$libshutdown$$0000000C)
    __rt_lib_shutdown_stdio_1                0x08000317   Thumb Code     0  libshutdown2.o(.ARM.Collect$$libshutdown$$00000006)
    __rt_lib_shutdown_user_alloc_1           0x08000317   Thumb Code     0  libshutdown2.o(.ARM.Collect$$libshutdown$$0000000E)
    __rt_entry                               0x08000319   Thumb Code     0  __rtentry.o(.ARM.Collect$$rtentry$$00000000)
    __rt_entry_presh_1                       0x08000319   Thumb Code     0  __rtentry2.o(.ARM.Collect$$rtentry$$00000002)
    __rt_entry_sh                            0x08000319   Thumb Code     0  __rtentry4.o(.ARM.Collect$$rtentry$$00000004)
    __rt_entry_li                            0x0800031f   Thumb Code     0  __rtentry2.o(.ARM.Collect$$rtentry$$0000000A)
    __rt_entry_postsh_1                      0x0800031f   Thumb Code     0  __rtentry2.o(.ARM.Collect$$rtentry$$00000009)
    __rt_entry_main                          0x08000323   Thumb Code     0  __rtentry2.o(.ARM.Collect$$rtentry$$0000000D)
    __rt_entry_postli_1                      0x08000323   Thumb Code     0  __rtentry2.o(.ARM.Collect$$rtentry$$0000000C)
    __rt_exit                                0x0800032b   Thumb Code     0  rtexit.o(.ARM.Collect$$rtexit$$00000000)
    __rt_exit_ls                             0x0800032d   Thumb Code     0  rtexit2.o(.ARM.Collect$$rtexit$$00000003)
    __rt_exit_prels_1                        0x0800032d   Thumb Code     0  rtexit2.o(.ARM.Collect$$rtexit$$00000002)
    __rt_exit_exit                           0x08000331   Thumb Code     0  rtexit2.o(.ARM.Collect$$rtexit$$00000004)
    Reset_Handler                            0x08000339   Thumb Code     8  startup_stm32h750xx.o(.text)
    ADC3_IRQHandler                          0x08000353   Thumb Code     0  startup_stm32h750xx.o(.text)
    ADC_IRQHandler                           0x08000353   Thumb Code     0  startup_stm32h750xx.o(.text)
    BDMA_Channel0_IRQHandler                 0x08000353   Thumb Code     0  startup_stm32h750xx.o(.text)
    BDMA_Channel1_IRQHandler                 0x08000353   Thumb Code     0  startup_stm32h750xx.o(.text)
    BDMA_Channel2_IRQHandler                 0x08000353   Thumb Code     0  startup_stm32h750xx.o(.text)
    BDMA_Channel3_IRQHandler                 0x08000353   Thumb Code     0  startup_stm32h750xx.o(.text)
    BDMA_Channel4_IRQHandler                 0x08000353   Thumb Code     0  startup_stm32h750xx.o(.text)
    BDMA_Channel5_IRQHandler                 0x08000353   Thumb Code     0  startup_stm32h750xx.o(.text)
    BDMA_Channel6_IRQHandler                 0x08000353   Thumb Code     0  startup_stm32h750xx.o(.text)
    BDMA_Channel7_IRQHandler                 0x08000353   Thumb Code     0  startup_stm32h750xx.o(.text)
    CEC_IRQHandler                           0x08000353   Thumb Code     0  startup_stm32h750xx.o(.text)
    COMP1_IRQHandler                         0x08000353   Thumb Code     0  startup_stm32h750xx.o(.text)
    CRS_IRQHandler                           0x08000353   Thumb Code     0  startup_stm32h750xx.o(.text)
    CRYP_IRQHandler                          0x08000353   Thumb Code     0  startup_stm32h750xx.o(.text)
    DCMI_IRQHandler                          0x08000353   Thumb Code     0  startup_stm32h750xx.o(.text)
    DFSDM1_FLT0_IRQHandler                   0x08000353   Thumb Code     0  startup_stm32h750xx.o(.text)
    DFSDM1_FLT1_IRQHandler                   0x08000353   Thumb Code     0  startup_stm32h750xx.o(.text)
    DFSDM1_FLT2_IRQHandler                   0x08000353   Thumb Code     0  startup_stm32h750xx.o(.text)
    DFSDM1_FLT3_IRQHandler                   0x08000353   Thumb Code     0  startup_stm32h750xx.o(.text)
    DMA2D_IRQHandler                         0x08000353   Thumb Code     0  startup_stm32h750xx.o(.text)
    DMA2_Stream2_IRQHandler                  0x08000353   Thumb Code     0  startup_stm32h750xx.o(.text)
    DMA2_Stream3_IRQHandler                  0x08000353   Thumb Code     0  startup_stm32h750xx.o(.text)
    DMA2_Stream4_IRQHandler                  0x08000353   Thumb Code     0  startup_stm32h750xx.o(.text)
    DMA2_Stream5_IRQHandler                  0x08000353   Thumb Code     0  startup_stm32h750xx.o(.text)
    DMA2_Stream6_IRQHandler                  0x08000353   Thumb Code     0  startup_stm32h750xx.o(.text)
    DMA2_Stream7_IRQHandler                  0x08000353   Thumb Code     0  startup_stm32h750xx.o(.text)
    DMAMUX1_OVR_IRQHandler                   0x08000353   Thumb Code     0  startup_stm32h750xx.o(.text)
    DMAMUX2_OVR_IRQHandler                   0x08000353   Thumb Code     0  startup_stm32h750xx.o(.text)
    ECC_IRQHandler                           0x08000353   Thumb Code     0  startup_stm32h750xx.o(.text)
    ETH_IRQHandler                           0x08000353   Thumb Code     0  startup_stm32h750xx.o(.text)
    ETH_WKUP_IRQHandler                      0x08000353   Thumb Code     0  startup_stm32h750xx.o(.text)
    EXTI0_IRQHandler                         0x08000353   Thumb Code     0  startup_stm32h750xx.o(.text)
    EXTI1_IRQHandler                         0x08000353   Thumb Code     0  startup_stm32h750xx.o(.text)
    EXTI2_IRQHandler                         0x08000353   Thumb Code     0  startup_stm32h750xx.o(.text)
    EXTI3_IRQHandler                         0x08000353   Thumb Code     0  startup_stm32h750xx.o(.text)
    FDCAN1_IT0_IRQHandler                    0x08000353   Thumb Code     0  startup_stm32h750xx.o(.text)
    FDCAN1_IT1_IRQHandler                    0x08000353   Thumb Code     0  startup_stm32h750xx.o(.text)
    FDCAN2_IT0_IRQHandler                    0x08000353   Thumb Code     0  startup_stm32h750xx.o(.text)
    FDCAN2_IT1_IRQHandler                    0x08000353   Thumb Code     0  startup_stm32h750xx.o(.text)
    FDCAN_CAL_IRQHandler                     0x08000353   Thumb Code     0  startup_stm32h750xx.o(.text)
    FLASH_IRQHandler                         0x08000353   Thumb Code     0  startup_stm32h750xx.o(.text)
    FMC_IRQHandler                           0x08000353   Thumb Code     0  startup_stm32h750xx.o(.text)
    FPU_IRQHandler                           0x08000353   Thumb Code     0  startup_stm32h750xx.o(.text)
    HASH_RNG_IRQHandler                      0x08000353   Thumb Code     0  startup_stm32h750xx.o(.text)
    HRTIM1_FLT_IRQHandler                    0x08000353   Thumb Code     0  startup_stm32h750xx.o(.text)
    HRTIM1_Master_IRQHandler                 0x08000353   Thumb Code     0  startup_stm32h750xx.o(.text)
    HRTIM1_TIMA_IRQHandler                   0x08000353   Thumb Code     0  startup_stm32h750xx.o(.text)
    HRTIM1_TIMB_IRQHandler                   0x08000353   Thumb Code     0  startup_stm32h750xx.o(.text)
    HRTIM1_TIMC_IRQHandler                   0x08000353   Thumb Code     0  startup_stm32h750xx.o(.text)
    HRTIM1_TIMD_IRQHandler                   0x08000353   Thumb Code     0  startup_stm32h750xx.o(.text)
    HRTIM1_TIME_IRQHandler                   0x08000353   Thumb Code     0  startup_stm32h750xx.o(.text)
    HSEM1_IRQHandler                         0x08000353   Thumb Code     0  startup_stm32h750xx.o(.text)
    I2C1_ER_IRQHandler                       0x08000353   Thumb Code     0  startup_stm32h750xx.o(.text)
    I2C1_EV_IRQHandler                       0x08000353   Thumb Code     0  startup_stm32h750xx.o(.text)
    I2C2_ER_IRQHandler                       0x08000353   Thumb Code     0  startup_stm32h750xx.o(.text)
    I2C2_EV_IRQHandler                       0x08000353   Thumb Code     0  startup_stm32h750xx.o(.text)
    I2C3_ER_IRQHandler                       0x08000353   Thumb Code     0  startup_stm32h750xx.o(.text)
    I2C3_EV_IRQHandler                       0x08000353   Thumb Code     0  startup_stm32h750xx.o(.text)
    I2C4_ER_IRQHandler                       0x08000353   Thumb Code     0  startup_stm32h750xx.o(.text)
    I2C4_EV_IRQHandler                       0x08000353   Thumb Code     0  startup_stm32h750xx.o(.text)
    JPEG_IRQHandler                          0x08000353   Thumb Code     0  startup_stm32h750xx.o(.text)
    LPTIM1_IRQHandler                        0x08000353   Thumb Code     0  startup_stm32h750xx.o(.text)
    LPTIM2_IRQHandler                        0x08000353   Thumb Code     0  startup_stm32h750xx.o(.text)
    LPTIM3_IRQHandler                        0x08000353   Thumb Code     0  startup_stm32h750xx.o(.text)
    LPTIM4_IRQHandler                        0x08000353   Thumb Code     0  startup_stm32h750xx.o(.text)
    LPTIM5_IRQHandler                        0x08000353   Thumb Code     0  startup_stm32h750xx.o(.text)
    LPUART1_IRQHandler                       0x08000353   Thumb Code     0  startup_stm32h750xx.o(.text)
    LTDC_ER_IRQHandler                       0x08000353   Thumb Code     0  startup_stm32h750xx.o(.text)
    LTDC_IRQHandler                          0x08000353   Thumb Code     0  startup_stm32h750xx.o(.text)
    MDIOS_IRQHandler                         0x08000353   Thumb Code     0  startup_stm32h750xx.o(.text)
    MDIOS_WKUP_IRQHandler                    0x08000353   Thumb Code     0  startup_stm32h750xx.o(.text)
    MDMA_IRQHandler                          0x08000353   Thumb Code     0  startup_stm32h750xx.o(.text)
    OTG_FS_EP1_IN_IRQHandler                 0x08000353   Thumb Code     0  startup_stm32h750xx.o(.text)
    OTG_FS_EP1_OUT_IRQHandler                0x08000353   Thumb Code     0  startup_stm32h750xx.o(.text)
    OTG_FS_IRQHandler                        0x08000353   Thumb Code     0  startup_stm32h750xx.o(.text)
    OTG_FS_WKUP_IRQHandler                   0x08000353   Thumb Code     0  startup_stm32h750xx.o(.text)
    OTG_HS_EP1_IN_IRQHandler                 0x08000353   Thumb Code     0  startup_stm32h750xx.o(.text)
    OTG_HS_EP1_OUT_IRQHandler                0x08000353   Thumb Code     0  startup_stm32h750xx.o(.text)
    OTG_HS_IRQHandler                        0x08000353   Thumb Code     0  startup_stm32h750xx.o(.text)
    OTG_HS_WKUP_IRQHandler                   0x08000353   Thumb Code     0  startup_stm32h750xx.o(.text)
    PVD_AVD_IRQHandler                       0x08000353   Thumb Code     0  startup_stm32h750xx.o(.text)
    QUADSPI_IRQHandler                       0x08000353   Thumb Code     0  startup_stm32h750xx.o(.text)
    RCC_IRQHandler                           0x08000353   Thumb Code     0  startup_stm32h750xx.o(.text)
    RTC_Alarm_IRQHandler                     0x08000353   Thumb Code     0  startup_stm32h750xx.o(.text)
    RTC_WKUP_IRQHandler                      0x08000353   Thumb Code     0  startup_stm32h750xx.o(.text)
    SAI1_IRQHandler                          0x08000353   Thumb Code     0  startup_stm32h750xx.o(.text)
    SAI2_IRQHandler                          0x08000353   Thumb Code     0  startup_stm32h750xx.o(.text)
    SAI3_IRQHandler                          0x08000353   Thumb Code     0  startup_stm32h750xx.o(.text)
    SAI4_IRQHandler                          0x08000353   Thumb Code     0  startup_stm32h750xx.o(.text)
    SDMMC1_IRQHandler                        0x08000353   Thumb Code     0  startup_stm32h750xx.o(.text)
    SDMMC2_IRQHandler                        0x08000353   Thumb Code     0  startup_stm32h750xx.o(.text)
    SPDIF_RX_IRQHandler                      0x08000353   Thumb Code     0  startup_stm32h750xx.o(.text)
    SPI1_IRQHandler                          0x08000353   Thumb Code     0  startup_stm32h750xx.o(.text)
    SPI2_IRQHandler                          0x08000353   Thumb Code     0  startup_stm32h750xx.o(.text)
    SPI3_IRQHandler                          0x08000353   Thumb Code     0  startup_stm32h750xx.o(.text)
    SPI4_IRQHandler                          0x08000353   Thumb Code     0  startup_stm32h750xx.o(.text)
    SPI5_IRQHandler                          0x08000353   Thumb Code     0  startup_stm32h750xx.o(.text)
    SPI6_IRQHandler                          0x08000353   Thumb Code     0  startup_stm32h750xx.o(.text)
    SWPMI1_IRQHandler                        0x08000353   Thumb Code     0  startup_stm32h750xx.o(.text)
    TAMP_STAMP_IRQHandler                    0x08000353   Thumb Code     0  startup_stm32h750xx.o(.text)
    TIM15_IRQHandler                         0x08000353   Thumb Code     0  startup_stm32h750xx.o(.text)
    TIM16_IRQHandler                         0x08000353   Thumb Code     0  startup_stm32h750xx.o(.text)
    TIM17_IRQHandler                         0x08000353   Thumb Code     0  startup_stm32h750xx.o(.text)
    TIM1_BRK_IRQHandler                      0x08000353   Thumb Code     0  startup_stm32h750xx.o(.text)
    TIM1_CC_IRQHandler                       0x08000353   Thumb Code     0  startup_stm32h750xx.o(.text)
    TIM1_TRG_COM_IRQHandler                  0x08000353   Thumb Code     0  startup_stm32h750xx.o(.text)
    TIM1_UP_IRQHandler                       0x08000353   Thumb Code     0  startup_stm32h750xx.o(.text)
    TIM2_IRQHandler                          0x08000353   Thumb Code     0  startup_stm32h750xx.o(.text)
    TIM3_IRQHandler                          0x08000353   Thumb Code     0  startup_stm32h750xx.o(.text)
    TIM4_IRQHandler                          0x08000353   Thumb Code     0  startup_stm32h750xx.o(.text)
    TIM5_IRQHandler                          0x08000353   Thumb Code     0  startup_stm32h750xx.o(.text)
    TIM8_BRK_TIM12_IRQHandler                0x08000353   Thumb Code     0  startup_stm32h750xx.o(.text)
    TIM8_CC_IRQHandler                       0x08000353   Thumb Code     0  startup_stm32h750xx.o(.text)
    TIM8_TRG_COM_TIM14_IRQHandler            0x08000353   Thumb Code     0  startup_stm32h750xx.o(.text)
    TIM8_UP_TIM13_IRQHandler                 0x08000353   Thumb Code     0  startup_stm32h750xx.o(.text)
    USART1_IRQHandler                        0x08000353   Thumb Code     0  startup_stm32h750xx.o(.text)
    USART3_IRQHandler                        0x08000353   Thumb Code     0  startup_stm32h750xx.o(.text)
    USART6_IRQHandler                        0x08000353   Thumb Code     0  startup_stm32h750xx.o(.text)
    WAKEUP_PIN_IRQHandler                    0x08000353   Thumb Code     0  startup_stm32h750xx.o(.text)
    WWDG_IRQHandler                          0x08000353   Thumb Code     0  startup_stm32h750xx.o(.text)
    __user_initial_stackheap                 0x08000355   Thumb Code     0  startup_stm32h750xx.o(.text)
    __aeabi_uldivmod                         0x08000379   Thumb Code     0  lludivv7m.o(.text)
    _ll_udiv                                 0x08000379   Thumb Code   238  lludivv7m.o(.text)
    __aeabi_memclr4                          0x08000467   Thumb Code     0  rt_memclr_w.o(.text)
    __aeabi_memclr8                          0x08000467   Thumb Code     0  rt_memclr_w.o(.text)
    __rt_memclr_w                            0x08000467   Thumb Code    78  rt_memclr_w.o(.text)
    _memset_w                                0x0800046b   Thumb Code     0  rt_memclr_w.o(.text)
    __use_two_region_memory                  0x080004b5   Thumb Code     2  heapauxi.o(.text)
    __rt_heap_escrow$2region                 0x080004b7   Thumb Code     2  heapauxi.o(.text)
    __rt_heap_expand$2region                 0x080004b9   Thumb Code     2  heapauxi.o(.text)
    __user_libspace                          0x080004bd   Thumb Code     8  libspace.o(.text)
    __user_perproc_libspace                  0x080004bd   Thumb Code     0  libspace.o(.text)
    __user_perthread_libspace                0x080004bd   Thumb Code     0  libspace.o(.text)
    __user_setup_stackheap                   0x080004c5   Thumb Code    74  sys_stackheap_outer.o(.text)
    exit                                     0x0800050f   Thumb Code    18  exit.o(.text)
    _sys_exit                                0x08000521   Thumb Code     8  sys_exit.o(.text)
    __I$use$semihosting                      0x0800052d   Thumb Code     0  use_no_semi.o(.text)
    __use_no_semihosting_swi                 0x0800052d   Thumb Code     2  use_no_semi.o(.text)
    __semihosting_library_function           0x0800052f   Thumb Code     0  indicate_semi.o(.text)
    A_to_B_tracking_line                     0x08000531   Thumb Code   396  forward.o(i.A_to_B_tracking_line)
    BusFault_Handler                         0x080006c1   Thumb Code     2  stm32h7xx_it.o(i.BusFault_Handler)
    DMA1_Stream0_IRQHandler                  0x080006c5   Thumb Code     6  stm32h7xx_it.o(i.DMA1_Stream0_IRQHandler)
    DMA1_Stream1_IRQHandler                  0x080006d1   Thumb Code     6  stm32h7xx_it.o(i.DMA1_Stream1_IRQHandler)
    DMA1_Stream2_IRQHandler                  0x080006dd   Thumb Code     6  stm32h7xx_it.o(i.DMA1_Stream2_IRQHandler)
    DMA1_Stream3_IRQHandler                  0x080006e9   Thumb Code     6  stm32h7xx_it.o(i.DMA1_Stream3_IRQHandler)
    DMA1_Stream4_IRQHandler                  0x080006f5   Thumb Code     6  stm32h7xx_it.o(i.DMA1_Stream4_IRQHandler)
    DMA1_Stream5_IRQHandler                  0x08000701   Thumb Code     6  stm32h7xx_it.o(i.DMA1_Stream5_IRQHandler)
    DMA1_Stream6_IRQHandler                  0x0800070d   Thumb Code     6  stm32h7xx_it.o(i.DMA1_Stream6_IRQHandler)
    DMA1_Stream7_IRQHandler                  0x08000719   Thumb Code     6  stm32h7xx_it.o(i.DMA1_Stream7_IRQHandler)
    DMA2_Stream0_IRQHandler                  0x08000725   Thumb Code     6  stm32h7xx_it.o(i.DMA2_Stream0_IRQHandler)
    DMA2_Stream1_IRQHandler                  0x08000731   Thumb Code     6  stm32h7xx_it.o(i.DMA2_Stream1_IRQHandler)
    DebugMon_Handler                         0x08000bcd   Thumb Code     2  stm32h7xx_it.o(i.DebugMon_Handler)
    EXTI15_10_IRQHandler                     0x08000bcf   Thumb Code    22  stm32h7xx_it.o(i.EXTI15_10_IRQHandler)
    EXTI4_IRQHandler                         0x08000be5   Thumb Code     6  stm32h7xx_it.o(i.EXTI4_IRQHandler)
    EXTI9_5_IRQHandler                       0x08000beb   Thumb Code    18  stm32h7xx_it.o(i.EXTI9_5_IRQHandler)
    Emm_V5_Origin_Trigger_Return             0x08000bfd   Thumb Code    26  emm_v5.o(i.Emm_V5_Origin_Trigger_Return)
    Emm_V5_Pos_Control                       0x08000c21   Thumb Code    58  emm_v5.o(i.Emm_V5_Pos_Control)
    Error_Handler                            0x08000c65   Thumb Code     4  main.o(i.Error_Handler)
    HAL_DMA_Abort                            0x08000c69   Thumb Code   880  stm32h7xx_hal_dma.o(i.HAL_DMA_Abort)
    HAL_DMA_Abort_IT                         0x08000fe5   Thumb Code   674  stm32h7xx_hal_dma.o(i.HAL_DMA_Abort_IT)
    HAL_DMA_GetError                         0x08001295   Thumb Code     4  stm32h7xx_hal_dma.o(i.HAL_DMA_GetError)
    HAL_DMA_IRQHandler                       0x08001299   Thumb Code  1948  stm32h7xx_hal_dma.o(i.HAL_DMA_IRQHandler)
    HAL_DMA_Init                             0x08001a41   Thumb Code   994  stm32h7xx_hal_dma.o(i.HAL_DMA_Init)
    HAL_DMA_Start_IT                         0x08001e3d   Thumb Code   734  stm32h7xx_hal_dma.o(i.HAL_DMA_Start_IT)
    HAL_Delay                                0x08002129   Thumb Code    32  stm32h7xx_hal.o(i.HAL_Delay)
    HAL_GPIO_EXTI_Callback                   0x0800214d   Thumb Code    30  key.o(i.HAL_GPIO_EXTI_Callback)
    HAL_GPIO_EXTI_IRQHandler                 0x08002171   Thumb Code    24  stm32h7xx_hal_gpio.o(i.HAL_GPIO_EXTI_IRQHandler)
    HAL_GPIO_Init                            0x08002189   Thumb Code   498  stm32h7xx_hal_gpio.o(i.HAL_GPIO_Init)
    HAL_GPIO_ReadPin                         0x080023ad   Thumb Code    14  stm32h7xx_hal_gpio.o(i.HAL_GPIO_ReadPin)
    HAL_GPIO_WritePin                        0x080023bb   Thumb Code    14  stm32h7xx_hal_gpio.o(i.HAL_GPIO_WritePin)
    HAL_GetREVID                             0x080023c9   Thumb Code     8  stm32h7xx_hal.o(i.HAL_GetREVID)
    HAL_GetTick                              0x080023d5   Thumb Code     6  stm32h7xx_hal.o(i.HAL_GetTick)
    HAL_IncTick                              0x080023e1   Thumb Code    12  stm32h7xx_hal.o(i.HAL_IncTick)
    HAL_Init                                 0x080023f1   Thumb Code    74  stm32h7xx_hal.o(i.HAL_Init)
    HAL_InitTick                             0x0800244d   Thumb Code    66  stm32h7xx_hal.o(i.HAL_InitTick)
    HAL_MspInit                              0x08002499   Thumb Code    22  stm32h7xx_hal_msp.o(i.HAL_MspInit)
    HAL_NVIC_EnableIRQ                       0x080024b5   Thumb Code    26  stm32h7xx_hal_cortex.o(i.HAL_NVIC_EnableIRQ)
    HAL_NVIC_SetPriority                     0x080024d1   Thumb Code    60  stm32h7xx_hal_cortex.o(i.HAL_NVIC_SetPriority)
    HAL_NVIC_SetPriorityGrouping             0x08002511   Thumb Code    26  stm32h7xx_hal_cortex.o(i.HAL_NVIC_SetPriorityGrouping)
    HAL_PWREx_ConfigSupply                   0x08002535   Thumb Code    82  stm32h7xx_hal_pwr_ex.o(i.HAL_PWREx_ConfigSupply)
    HAL_RCCEx_GetD3PCLK1Freq                 0x0800258d   Thumb Code    26  stm32h7xx_hal_rcc_ex.o(i.HAL_RCCEx_GetD3PCLK1Freq)
    HAL_RCCEx_GetPLL2ClockFreq               0x080025b1   Thumb Code   424  stm32h7xx_hal_rcc_ex.o(i.HAL_RCCEx_GetPLL2ClockFreq)
    HAL_RCCEx_GetPLL3ClockFreq               0x08002771   Thumb Code   424  stm32h7xx_hal_rcc_ex.o(i.HAL_RCCEx_GetPLL3ClockFreq)
    HAL_RCCEx_PeriphCLKConfig                0x08002931   Thumb Code  2338  stm32h7xx_hal_rcc_ex.o(i.HAL_RCCEx_PeriphCLKConfig)
    HAL_RCC_ClockConfig                      0x08003259   Thumb Code   604  stm32h7xx_hal_rcc.o(i.HAL_RCC_ClockConfig)
    HAL_RCC_GetHCLKFreq                      0x080034d5   Thumb Code    52  stm32h7xx_hal_rcc.o(i.HAL_RCC_GetHCLKFreq)
    HAL_RCC_GetPCLK1Freq                     0x08003519   Thumb Code    26  stm32h7xx_hal_rcc.o(i.HAL_RCC_GetPCLK1Freq)
    HAL_RCC_GetPCLK2Freq                     0x0800353d   Thumb Code    26  stm32h7xx_hal_rcc.o(i.HAL_RCC_GetPCLK2Freq)
    HAL_RCC_GetSysClockFreq                  0x08003561   Thumb Code   402  stm32h7xx_hal_rcc.o(i.HAL_RCC_GetSysClockFreq)
    HAL_RCC_OscConfig                        0x08003715   Thumb Code  1592  stm32h7xx_hal_rcc.o(i.HAL_RCC_OscConfig)
    HAL_SYSTICK_Config                       0x08003d51   Thumb Code    40  stm32h7xx_hal_cortex.o(i.HAL_SYSTICK_Config)
    HAL_TIMEx_Break2Callback                 0x08003d79   Thumb Code     2  stm32h7xx_hal_tim_ex.o(i.HAL_TIMEx_Break2Callback)
    HAL_TIMEx_BreakCallback                  0x08003d7b   Thumb Code     2  stm32h7xx_hal_tim_ex.o(i.HAL_TIMEx_BreakCallback)
    HAL_TIMEx_CommutCallback                 0x08003d7d   Thumb Code     2  stm32h7xx_hal_tim_ex.o(i.HAL_TIMEx_CommutCallback)
    HAL_TIMEx_ConfigBreakDeadTime            0x08003d81   Thumb Code   132  stm32h7xx_hal_tim_ex.o(i.HAL_TIMEx_ConfigBreakDeadTime)
    HAL_TIMEx_MasterConfigSynchronization    0x08003e0d   Thumb Code   132  stm32h7xx_hal_tim_ex.o(i.HAL_TIMEx_MasterConfigSynchronization)
    HAL_TIM_Base_Init                        0x08003ead   Thumb Code    78  stm32h7xx_hal_tim.o(i.HAL_TIM_Base_Init)
    HAL_TIM_Base_MspInit                     0x08003efd   Thumb Code   118  tim.o(i.HAL_TIM_Base_MspInit)
    HAL_TIM_Base_Start_IT                    0x08003f85   Thumb Code   116  stm32h7xx_hal_tim.o(i.HAL_TIM_Base_Start_IT)
    HAL_TIM_ConfigClockSource                0x08004019   Thumb Code   260  stm32h7xx_hal_tim.o(i.HAL_TIM_ConfigClockSource)
    HAL_TIM_Encoder_Init                     0x08004121   Thumb Code   178  stm32h7xx_hal_tim.o(i.HAL_TIM_Encoder_Init)
    HAL_TIM_Encoder_MspInit                  0x080041d9   Thumb Code   146  tim.o(i.HAL_TIM_Encoder_MspInit)
    HAL_TIM_Encoder_Start                    0x0800427d   Thumb Code   168  stm32h7xx_hal_tim.o(i.HAL_TIM_Encoder_Start)
    HAL_TIM_IC_CaptureCallback               0x08004325   Thumb Code     2  stm32h7xx_hal_tim.o(i.HAL_TIM_IC_CaptureCallback)
    HAL_TIM_IRQHandler                       0x08004327   Thumb Code   396  stm32h7xx_hal_tim.o(i.HAL_TIM_IRQHandler)
    HAL_TIM_MspPostInit                      0x080044b5   Thumb Code    72  tim.o(i.HAL_TIM_MspPostInit)
    HAL_TIM_OC_DelayElapsedCallback          0x08004509   Thumb Code     2  stm32h7xx_hal_tim.o(i.HAL_TIM_OC_DelayElapsedCallback)
    HAL_TIM_PWM_ConfigChannel                0x0800450b   Thumb Code   310  stm32h7xx_hal_tim.o(i.HAL_TIM_PWM_ConfigChannel)
    HAL_TIM_PWM_Init                         0x08004641   Thumb Code    78  stm32h7xx_hal_tim.o(i.HAL_TIM_PWM_Init)
    HAL_TIM_PWM_MspInit                      0x0800468f   Thumb Code     2  stm32h7xx_hal_tim.o(i.HAL_TIM_PWM_MspInit)
    HAL_TIM_PWM_PulseFinishedCallback        0x08004691   Thumb Code     2  stm32h7xx_hal_tim.o(i.HAL_TIM_PWM_PulseFinishedCallback)
    HAL_TIM_PWM_Start                        0x08004695   Thumb Code   254  stm32h7xx_hal_tim.o(i.HAL_TIM_PWM_Start)
    HAL_TIM_PeriodElapsedCallback            0x080047bd   Thumb Code   104  bsp_timer.o(i.HAL_TIM_PeriodElapsedCallback)
    HAL_TIM_TriggerCallback                  0x0800482d   Thumb Code     2  stm32h7xx_hal_tim.o(i.HAL_TIM_TriggerCallback)
    HAL_UARTEx_DisableFifoMode               0x0800482f   Thumb Code    60  stm32h7xx_hal_uart_ex.o(i.HAL_UARTEx_DisableFifoMode)
    HAL_UARTEx_ReceiveToIdle_DMA             0x0800486b   Thumb Code    94  stm32h7xx_hal_uart_ex.o(i.HAL_UARTEx_ReceiveToIdle_DMA)
    HAL_UARTEx_RxEventCallback               0x080048c9   Thumb Code   234  bsp_usart.o(i.HAL_UARTEx_RxEventCallback)
    HAL_UARTEx_RxFifoFullCallback            0x080049d1   Thumb Code     2  stm32h7xx_hal_uart_ex.o(i.HAL_UARTEx_RxFifoFullCallback)
    HAL_UARTEx_SetRxFifoThreshold            0x080049d3   Thumb Code    76  stm32h7xx_hal_uart_ex.o(i.HAL_UARTEx_SetRxFifoThreshold)
    HAL_UARTEx_SetTxFifoThreshold            0x08004a1f   Thumb Code    76  stm32h7xx_hal_uart_ex.o(i.HAL_UARTEx_SetTxFifoThreshold)
    HAL_UARTEx_TxFifoEmptyCallback           0x08004a6b   Thumb Code     2  stm32h7xx_hal_uart_ex.o(i.HAL_UARTEx_TxFifoEmptyCallback)
    HAL_UARTEx_WakeupCallback                0x08004a6d   Thumb Code     2  stm32h7xx_hal_uart_ex.o(i.HAL_UARTEx_WakeupCallback)
    HAL_UART_DMAStop                         0x08004a6f   Thumb Code   154  stm32h7xx_hal_uart.o(i.HAL_UART_DMAStop)
    HAL_UART_ErrorCallback                   0x08004b09   Thumb Code    74  bsp_usart.o(i.HAL_UART_ErrorCallback)
    HAL_UART_IRQHandler                      0x08004b65   Thumb Code   864  stm32h7xx_hal_uart.o(i.HAL_UART_IRQHandler)
    HAL_UART_Init                            0x08004ed9   Thumb Code   112  stm32h7xx_hal_uart.o(i.HAL_UART_Init)
    HAL_UART_MspInit                         0x08004f49   Thumb Code  1228  usart.o(i.HAL_UART_MspInit)
    HAL_UART_Receive_DMA                     0x0800541d   Thumb Code    84  stm32h7xx_hal_uart.o(i.HAL_UART_Receive_DMA)
    HAL_UART_RxCpltCallback                  0x08005475   Thumb Code     2  stm32h7xx_hal_uart.o(i.HAL_UART_RxCpltCallback)
    HAL_UART_RxHalfCpltCallback              0x08005477   Thumb Code     2  stm32h7xx_hal_uart.o(i.HAL_UART_RxHalfCpltCallback)
    HAL_UART_Transmit_DMA                    0x08005479   Thumb Code   152  stm32h7xx_hal_uart.o(i.HAL_UART_Transmit_DMA)
    HAL_UART_TxCpltCallback                  0x0800551d   Thumb Code     2  stm32h7xx_hal_uart.o(i.HAL_UART_TxCpltCallback)
    HAL_UART_TxHalfCpltCallback              0x0800551f   Thumb Code     2  stm32h7xx_hal_uart.o(i.HAL_UART_TxHalfCpltCallback)
    HardFault_Handler                        0x08005521   Thumb Code     2  stm32h7xx_it.o(i.HardFault_Handler)
    MX_DMA_Init                              0x08005525   Thumb Code   200  dma.o(i.MX_DMA_Init)
    MX_GPIO_Init                             0x080055f1   Thumb Code   406  gpio.o(i.MX_GPIO_Init)
    MX_TIM1_Init                             0x080057a1   Thumb Code   222  tim.o(i.MX_TIM1_Init)
    MX_TIM3_Init                             0x08005889   Thumb Code   102  tim.o(i.MX_TIM3_Init)
    MX_TIM5_Init                             0x080058f9   Thumb Code   102  tim.o(i.MX_TIM5_Init)
    MX_TIM6_Init                             0x08005969   Thumb Code    64  tim.o(i.MX_TIM6_Init)
    MX_TIM7_Init                             0x080059b1   Thumb Code    62  tim.o(i.MX_TIM7_Init)
    MX_UART4_Init                            0x080059f9   Thumb Code    94  usart.o(i.MX_UART4_Init)
    MX_UART5_Init                            0x08005a61   Thumb Code    94  usart.o(i.MX_UART5_Init)
    MX_UART7_Init                            0x08005ac9   Thumb Code    94  usart.o(i.MX_UART7_Init)
    MX_UART8_Init                            0x08005b31   Thumb Code    94  usart.o(i.MX_UART8_Init)
    MX_USART2_UART_Init                      0x08005b99   Thumb Code    94  usart.o(i.MX_USART2_UART_Init)
    MemManage_Handler                        0x08005c01   Thumb Code     2  stm32h7xx_it.o(i.MemManage_Handler)
    NMI_Handler                              0x08005c03   Thumb Code     2  stm32h7xx_it.o(i.NMI_Handler)
    OLED_Clear                               0x08005c05   Thumb Code    34  oled.o(i.OLED_Clear)
    OLED_ClearArea                           0x08005c2d   Thumb Code    94  oled.o(i.OLED_ClearArea)
    OLED_GPIO_Init                           0x08005c91   Thumb Code    38  oled.o(i.OLED_GPIO_Init)
    OLED_I2C_SendByte                        0x08005cb7   Thumb Code    58  oled.o(i.OLED_I2C_SendByte)
    OLED_I2C_Start                           0x08005cf1   Thumb Code    30  oled.o(i.OLED_I2C_Start)
    OLED_I2C_Stop                            0x08005d0f   Thumb Code    24  oled.o(i.OLED_I2C_Stop)
    OLED_Init                                0x08005d27   Thumb Code   156  oled.o(i.OLED_Init)
    OLED_Pow                                 0x08005dc3   Thumb Code    16  oled.o(i.OLED_Pow)
    OLED_SetCursor                           0x08005dd3   Thumb Code    34  oled.o(i.OLED_SetCursor)
    OLED_ShowChar                            0x08005df5   Thumb Code    52  oled.o(i.OLED_ShowChar)
    OLED_ShowImage                           0x08005e31   Thumb Code   162  oled.o(i.OLED_ShowImage)
    OLED_ShowNum                             0x08005ed9   Thumb Code    72  oled.o(i.OLED_ShowNum)
    OLED_ShowString                          0x08005f21   Thumb Code    44  oled.o(i.OLED_ShowString)
    OLED_Update                              0x08005f4d   Thumb Code    34  oled.o(i.OLED_Update)
    OLED_UpdateArea                          0x08005f75   Thumb Code    98  oled.o(i.OLED_UpdateArea)
    OLED_W_SCL                               0x08005fdd   Thumb Code    40  oled.o(i.OLED_W_SCL)
    OLED_W_SDA                               0x08006009   Thumb Code    40  oled.o(i.OLED_W_SDA)
    OLED_WriteCommand                        0x08006035   Thumb Code    34  oled.o(i.OLED_WriteCommand)
    OLED_WriteData                           0x08006057   Thumb Code    48  oled.o(i.OLED_WriteData)
    PendSV_Handler                           0x08006087   Thumb Code     2  stm32h7xx_it.o(i.PendSV_Handler)
    SVC_Handler                              0x080062d1   Thumb Code     2  stm32h7xx_it.o(i.SVC_Handler)
    Step_abs_pos                             0x080062d3   Thumb Code    52  emm_v5.o(i.Step_abs_pos)
    Step_down                                0x08006307   Thumb Code    30  emm_v5.o(i.Step_down)
    Step_up                                  0x08006325   Thumb Code    32  emm_v5.o(i.Step_up)
    SysTick_Handler                          0x08006345   Thumb Code     4  stm32h7xx_it.o(i.SysTick_Handler)
    SystemClock_Config                       0x08006349   Thumb Code   160  main.o(i.SystemClock_Config)
    SystemInit                               0x080063f1   Thumb Code   178  system_stm32h7xx.o(i.SystemInit)
    TIM6_DAC_IRQHandler                      0x080064cd   Thumb Code     6  stm32h7xx_it.o(i.TIM6_DAC_IRQHandler)
    TIM7_IRQHandler                          0x080064d9   Thumb Code     6  stm32h7xx_it.o(i.TIM7_IRQHandler)
    TIM_Base_SetConfig                       0x080064e5   Thumb Code   160  stm32h7xx_hal_tim.o(i.TIM_Base_SetConfig)
    TIM_CCxChannelCmd                        0x080065a5   Thumb Code    26  stm32h7xx_hal_tim.o(i.TIM_CCxChannelCmd)
    TIM_ETR_SetConfig                        0x080065bf   Thumb Code    20  stm32h7xx_hal_tim.o(i.TIM_ETR_SetConfig)
    TIM_OC2_SetConfig                        0x08006689   Thumb Code   124  stm32h7xx_hal_tim.o(i.TIM_OC2_SetConfig)
    UART4_IRQHandler                         0x0800694d   Thumb Code     6  stm32h7xx_it.o(i.UART4_IRQHandler)
    UART5_IRQHandler                         0x08006959   Thumb Code   192  stm32h7xx_it.o(i.UART5_IRQHandler)
    UART7_IRQHandler                         0x08006a35   Thumb Code     6  stm32h7xx_it.o(i.UART7_IRQHandler)
    UART8_IRQHandler                         0x08006a41   Thumb Code     6  stm32h7xx_it.o(i.UART8_IRQHandler)
    UART_AdvFeatureConfig                    0x08006a95   Thumb Code   200  stm32h7xx_hal_uart.o(i.UART_AdvFeatureConfig)
    UART_CheckIdleState                      0x08006b5d   Thumb Code    96  stm32h7xx_hal_uart.o(i.UART_CheckIdleState)
    UART_SetConfig                           0x08006db5   Thumb Code  1168  stm32h7xx_hal_uart.o(i.UART_SetConfig)
    UART_Start_Receive_DMA                   0x08007245   Thumb Code   152  stm32h7xx_hal_uart.o(i.UART_Start_Receive_DMA)
    UART_WaitOnFlagUntilTimeout              0x080072e9   Thumb Code   190  stm32h7xx_hal_uart.o(i.UART_WaitOnFlagUntilTimeout)
    USART2_IRQHandler                        0x080073a9   Thumb Code     6  stm32h7xx_it.o(i.USART2_IRQHandler)
    UsageFault_Handler                       0x080073b5   Thumb Code     2  stm32h7xx_it.o(i.UsageFault_Handler)
    back_to_zero                             0x080073d7   Thumb Code    10  emm_v5.o(i.back_to_zero)
    ball_control_init                        0x080073e1   Thumb Code    20  ball_control.o(i.ball_control_init)
    ball_first_step                          0x08007401   Thumb Code    88  ball_control.o(i.ball_first_step)
    bsp_read_gpio                            0x08007459   Thumb Code     4  bsp_gpio.o(i.bsp_read_gpio)
    bsp_set_gpio_high                        0x0800745d   Thumb Code     6  bsp_gpio.o(i.bsp_set_gpio_high)
    bsp_set_gpio_low                         0x08007463   Thumb Code     6  bsp_gpio.o(i.bsp_set_gpio_low)
    bsp_set_timer_compare                    0x08007469   Thumb Code    20  bsp_timer.o(i.bsp_set_timer_compare)
    bsp_timer_init                           0x08007481   Thumb Code    44  bsp_timer.o(i.bsp_timer_init)
    bsp_usart_init                           0x080074bd   Thumb Code    68  bsp_usart.o(i.bsp_usart_init)
    dc_motorL_brake                          0x08007519   Thumb Code    32  dc_motor.o(i.dc_motorL_brake)
    dc_motorR_brake                          0x08007541   Thumb Code    36  dc_motor.o(i.dc_motorR_brake)
    dc_motor_on                              0x08007569   Thumb Code    80  dc_motor.o(i.dc_motor_on)
    delay_us                                 0x080075b9   Thumb Code    50  delay.o(i.delay_us)
    forward_open_control                     0x080075f1   Thumb Code    90  ball_control.o(i.forward_open_control)
    get_Acc_x                                0x08007655   Thumb Code     8  bsp_usart.o(i.get_Acc_x)
    get_KEY1_Push_flag                       0x08007661   Thumb Code     4  key.o(i.get_KEY1_Push_flag)
    get_KEY3_Push_flag                       0x08007669   Thumb Code     4  key.o(i.get_KEY3_Push_flag)
    get_KEY4_Push_flag                       0x08007671   Thumb Code     4  key.o(i.get_KEY4_Push_flag)
    get_ball_x                               0x08007679   Thumb Code     6  bsp_usart.o(i.get_ball_x)
    get_complete_line_track_flag             0x08007685   Thumb Code     6  line_tracking.o(i.get_complete_line_track_flag)
    get_g_Line_state_addr                    0x08007691   Thumb Code     4  line_follower.o(i.get_g_Line_state_addr)
    get_g_time_flag_addr                     0x08007699   Thumb Code     4  bsp_timer.o(i.get_g_time_flag_addr)
    get_s_rx_buf_u8                          0x080076a1   Thumb Code     4  bsp_usart.o(i.get_s_rx_buf_u8)
    get_yaw_atk901                           0x080076a9   Thumb Code     8  bsp_usart.o(i.get_yaw_atk901)
    get_yaw_speed                            0x080076b5   Thumb Code     8  bsp_usart.o(i.get_yaw_speed)
    line_continuous_filter                   0x080076c1   Thumb Code   216  line_follower.o(i.line_continuous_filter)
    main                                     0x0800779d   Thumb Code   282  main.o(i.main)
    oled_show                                0x080078d1   Thumb Code   322  oled_show.o(i.oled_show)
    open_control                             0x08007a41   Thumb Code   118  ball_control.o(i.open_control)
    pid_get_speed_controller                 0x08007abd   Thumb Code     4  pid.o(i.pid_get_speed_controller)
    pid_init                                 0x08007ac5   Thumb Code    56  pid.o(i.pid_init)
    read_Line_state                          0x08007b01   Thumb Code   106  line_follower.o(i.read_Line_state)
    set_back_gpio                            0x08007b7d   Thumb Code    46  dc_motor.o(i.set_back_gpio)
    set_forward_gpio                         0x08007bb5   Thumb Code    46  dc_motor.o(i.set_forward_gpio)
    task_num_addr                            0x08007bed   Thumb Code     4  oled_show.o(i.task_num_addr)
    test_key                                 0x08007bf5   Thumb Code    30  key.o(i.test_key)
    tracking_line                            0x08007c19   Thumb Code   406  line_tracking.o(i.tracking_line)
    _fp_init                                 0x08007dc5   Thumb Code    10  fpinit.o(x$fpl$fpinit)
    __fplib_config_fpu_vfp                   0x08007dcd   Thumb Code     0  fpinit.o(x$fpl$fpinit)
    __fplib_config_pureend_doubles           0x08007dcd   Thumb Code     0  fpinit.o(x$fpl$fpinit)
    OLED_F8x16                               0x08007dce   Data        1520  oled_data.o(.constdata)
    OLED_F6x8                                0x080083be   Data         570  oled_data.o(.constdata)
    UARTPrescTable                           0x08008600   Data          24  stm32h7xx_hal_uart.o(.constdata)
    D1CorePrescTable                         0x08008628   Data          16  system_stm32h7xx.o(.constdata)
    Region$$Table$$Base                      0x08008638   Number         0  anon$$obj.o(Region$$Table)
    Region$$Table$$Limit                     0x08008658   Number         0  anon$$obj.o(Region$$Table)
    rxFrameFlag                              0x24000002   Data           1  usart.o(.data)
    rxCount                                  0x24000003   Data           1  usart.o(.data)
    ball_x                                   0x24000004   Data           2  bsp_usart.o(.data)
    Yaw_atk901                               0x24000008   Data           4  bsp_usart.o(.data)
    Yaw_speed                                0x2400000c   Data           4  bsp_usart.o(.data)
    ACC_x                                    0x24000010   Data           4  bsp_usart.o(.data)
    g_Line_state                             0x24000014   Data           8  line_follower.o(.data)
    g_continuous_Line_state                  0x2400001c   Data           8  line_follower.o(.data)
    KEY1_Push_flag                           0x24000024   Data           1  key.o(.data)
    KEY3_Push_flag                           0x24000025   Data           1  key.o(.data)
    KEY4_Push_flag                           0x24000026   Data           1  key.o(.data)
    complete_half_flag                       0x24000028   Data           1  line_tracking.o(.data)
    complete_line_track_flag                 0x24000029   Data           1  line_tracking.o(.data)
    tracking_turn_error                      0x2400002a   Data           2  line_tracking.o(.data)
    tracking_turn_speed                      0x2400002c   Data           2  line_tracking.o(.data)
    tracking_led_num                         0x2400002e   Data           2  line_tracking.o(.data)
    tracking_speed                           0x24000030   Data           2  line_tracking.o(.data)
    last_turn_speed                          0x24000032   Data           2  line_tracking.o(.data)
    kp_l                                     0x24000034   Data           4  line_tracking.o(.data)
    kd_l                                     0x24000038   Data           4  line_tracking.o(.data)
    up_flag                                  0x2400003c   Data           1  ball_control.o(.data)
    down_flag                                0x2400003d   Data           1  ball_control.o(.data)
    zore_x                                   0x2400003e   Data           2  ball_control.o(.data)
    g__5cm_x                                 0x24000040   Data           2  ball_control.o(.data)
    g_5cm_x                                  0x24000042   Data           2  ball_control.o(.data)
    out                                      0x24000044   Data           2  ball_control.o(.data)
    err                                      0x24000046   Data           2  ball_control.o(.data)
    last_err                                 0x24000048   Data           2  ball_control.o(.data)
    count                                    0x2400004c   Data           4  ball_control.o(.data)
    count2                                   0x24000050   Data           4  ball_control.o(.data)
    oled_show_choose                         0x24000054   Data           1  oled_show.o(.data)
    tick_mode                                0x24000055   Data           1  oled_show.o(.data)
    tick_mode_start                          0x24000056   Data           1  oled_show.o(.data)
    task_choose_num                          0x24000057   Data           1  oled_show.o(.data)
    task_num                                 0x24000058   Data           1  oled_show.o(.data)
    tick_cnt                                 0x2400005c   Data           4  oled_show.o(.data)
    full_speed_flag                          0x24000060   Data           1  forward.o(.data)
    f_tracking_turn_error                    0x24000062   Data           2  forward.o(.data)
    f_tracking_turn_speed                    0x24000064   Data           2  forward.o(.data)
    f_tracking_led_num                       0x24000066   Data           2  forward.o(.data)
    f_tracking_speed                         0x24000068   Data           2  forward.o(.data)
    f_last_turn_speed                        0x2400006a   Data           2  forward.o(.data)
    f_kp_l                                   0x2400006c   Data           4  forward.o(.data)
    f_kd_l                                   0x24000070   Data           4  forward.o(.data)
    uwTickFreq                               0x2400007c   Data           1  stm32h7xx_hal.o(.data)
    uwTickPrio                               0x24000080   Data           4  stm32h7xx_hal.o(.data)
    uwTick                                   0x24000084   Data           4  stm32h7xx_hal.o(.data)
    SystemCoreClock                          0x24000088   Data           4  system_stm32h7xx.o(.data)
    SystemD2Clock                            0x2400008c   Data           4  system_stm32h7xx.o(.data)
    htim1                                    0x24000090   Data          76  tim.o(.bss)
    htim3                                    0x240000dc   Data          76  tim.o(.bss)
    htim5                                    0x24000128   Data          76  tim.o(.bss)
    htim6                                    0x24000174   Data          76  tim.o(.bss)
    htim7                                    0x240001c0   Data          76  tim.o(.bss)
    rxCmd                                    0x2400020c   Data         255  usart.o(.bss)
    huart4                                   0x2400030c   Data         144  usart.o(.bss)
    huart5                                   0x2400039c   Data         144  usart.o(.bss)
    huart7                                   0x2400042c   Data         144  usart.o(.bss)
    huart8                                   0x240004bc   Data         144  usart.o(.bss)
    huart2                                   0x2400054c   Data         144  usart.o(.bss)
    hdma_uart4_rx                            0x240005dc   Data         120  usart.o(.bss)
    hdma_uart4_tx                            0x24000654   Data         120  usart.o(.bss)
    hdma_uart5_rx                            0x240006cc   Data         120  usart.o(.bss)
    hdma_uart5_tx                            0x24000744   Data         120  usart.o(.bss)
    hdma_uart7_rx                            0x240007bc   Data         120  usart.o(.bss)
    hdma_uart7_tx                            0x24000834   Data         120  usart.o(.bss)
    hdma_uart8_tx                            0x240008ac   Data         120  usart.o(.bss)
    hdma_uart8_rx                            0x24000924   Data         120  usart.o(.bss)
    hdma_usart2_rx                           0x2400099c   Data         120  usart.o(.bss)
    hdma_usart2_tx                           0x24000a14   Data         120  usart.o(.bss)
    g_time_flag                              0x24000a8c   Data          12  bsp_timer.o(.bss)
    s_rx_buf_u8                              0x24000a98   Data          64  bsp_usart.o(.bss)
    s_rx_buf_u7                              0x24000ad8   Data          64  bsp_usart.o(.bss)
    s_rx_buf_u2                              0x24000b18   Data          64  bsp_usart.o(.bss)
    MMCL_cmd                                 0x24000c84   Data        1024  emm_v5.o(.bss)
    OLED_DisplayBuf                          0x240015b8   Data        1024  oled.o(.bss)
    ball_control                             0x240019b8   Data          52  ball_control.o(.bss)
    g_pid_forward                            0x240019ec   Data          52  pid.o(.bss)
    __libspace_start                         0x24001a20   Data          96  libspace.o(.bss)
    __temporary_stack_top$libspace           0x24001a80   Data           0  libspace.o(.bss)



==============================================================================

Memory Map of the image

  Image Entry point : 0x08000299

  Load Region LR_IROM1 (Base: 0x08000000, Size: 0x000086e8, Max: 0x00020000, ABSOLUTE)

    Execution Region ER_IROM1 (Exec base: 0x08000000, Load base: 0x08000000, Size: 0x00008658, Max: 0x00020000, ABSOLUTE)

    Exec Addr    Load Addr    Size         Type   Attr      Idx    E Section Name        Object

    0x08000000   0x08000000   0x00000298   Data   RO            3    RESET               startup_stm32h750xx.o
    0x08000298   0x08000298   0x00000008   Code   RO         6862  * !!!main             c_w.l(__main.o)
    0x080002a0   0x080002a0   0x00000034   Code   RO         7287    !!!scatter          c_w.l(__scatter.o)
    0x080002d4   0x080002d4   0x0000001a   Code   RO         7289    !!handler_copy      c_w.l(__scatter_copy.o)
    0x080002ee   0x080002ee   0x00000002   PAD
    0x080002f0   0x080002f0   0x0000001c   Code   RO         7291    !!handler_zi        c_w.l(__scatter_zi.o)
    0x0800030c   0x0800030c   0x00000002   Code   RO         7153    .ARM.Collect$$libinit$$00000000  c_w.l(libinit.o)
    0x0800030e   0x0800030e   0x00000004   Code   RO         7167    .ARM.Collect$$libinit$$00000001  c_w.l(libinit2.o)
    0x08000312   0x08000312   0x00000000   Code   RO         7170    .ARM.Collect$$libinit$$00000004  c_w.l(libinit2.o)
    0x08000312   0x08000312   0x00000000   Code   RO         7173    .ARM.Collect$$libinit$$0000000A  c_w.l(libinit2.o)
    0x08000312   0x08000312   0x00000000   Code   RO         7175    .ARM.Collect$$libinit$$0000000C  c_w.l(libinit2.o)
    0x08000312   0x08000312   0x00000000   Code   RO         7177    .ARM.Collect$$libinit$$0000000E  c_w.l(libinit2.o)
    0x08000312   0x08000312   0x00000000   Code   RO         7180    .ARM.Collect$$libinit$$00000011  c_w.l(libinit2.o)
    0x08000312   0x08000312   0x00000000   Code   RO         7182    .ARM.Collect$$libinit$$00000013  c_w.l(libinit2.o)
    0x08000312   0x08000312   0x00000000   Code   RO         7184    .ARM.Collect$$libinit$$00000015  c_w.l(libinit2.o)
    0x08000312   0x08000312   0x00000000   Code   RO         7186    .ARM.Collect$$libinit$$00000017  c_w.l(libinit2.o)
    0x08000312   0x08000312   0x00000000   Code   RO         7188    .ARM.Collect$$libinit$$00000019  c_w.l(libinit2.o)
    0x08000312   0x08000312   0x00000000   Code   RO         7190    .ARM.Collect$$libinit$$0000001B  c_w.l(libinit2.o)
    0x08000312   0x08000312   0x00000000   Code   RO         7192    .ARM.Collect$$libinit$$0000001D  c_w.l(libinit2.o)
    0x08000312   0x08000312   0x00000000   Code   RO         7194    .ARM.Collect$$libinit$$0000001F  c_w.l(libinit2.o)
    0x08000312   0x08000312   0x00000000   Code   RO         7196    .ARM.Collect$$libinit$$00000021  c_w.l(libinit2.o)
    0x08000312   0x08000312   0x00000000   Code   RO         7198    .ARM.Collect$$libinit$$00000023  c_w.l(libinit2.o)
    0x08000312   0x08000312   0x00000000   Code   RO         7200    .ARM.Collect$$libinit$$00000025  c_w.l(libinit2.o)
    0x08000312   0x08000312   0x00000000   Code   RO         7204    .ARM.Collect$$libinit$$0000002C  c_w.l(libinit2.o)
    0x08000312   0x08000312   0x00000000   Code   RO         7206    .ARM.Collect$$libinit$$0000002E  c_w.l(libinit2.o)
    0x08000312   0x08000312   0x00000000   Code   RO         7208    .ARM.Collect$$libinit$$00000030  c_w.l(libinit2.o)
    0x08000312   0x08000312   0x00000000   Code   RO         7210    .ARM.Collect$$libinit$$00000032  c_w.l(libinit2.o)
    0x08000312   0x08000312   0x00000002   Code   RO         7211    .ARM.Collect$$libinit$$00000033  c_w.l(libinit2.o)
    0x08000314   0x08000314   0x00000002   Code   RO         7242    .ARM.Collect$$libshutdown$$00000000  c_w.l(libshutdown.o)
    0x08000316   0x08000316   0x00000000   Code   RO         7268    .ARM.Collect$$libshutdown$$00000002  c_w.l(libshutdown2.o)
    0x08000316   0x08000316   0x00000000   Code   RO         7270    .ARM.Collect$$libshutdown$$00000004  c_w.l(libshutdown2.o)
    0x08000316   0x08000316   0x00000000   Code   RO         7272    .ARM.Collect$$libshutdown$$00000006  c_w.l(libshutdown2.o)
    0x08000316   0x08000316   0x00000000   Code   RO         7275    .ARM.Collect$$libshutdown$$00000009  c_w.l(libshutdown2.o)
    0x08000316   0x08000316   0x00000000   Code   RO         7278    .ARM.Collect$$libshutdown$$0000000C  c_w.l(libshutdown2.o)
    0x08000316   0x08000316   0x00000000   Code   RO         7280    .ARM.Collect$$libshutdown$$0000000E  c_w.l(libshutdown2.o)
    0x08000316   0x08000316   0x00000000   Code   RO         7283    .ARM.Collect$$libshutdown$$00000011  c_w.l(libshutdown2.o)
    0x08000316   0x08000316   0x00000002   Code   RO         7284    .ARM.Collect$$libshutdown$$00000012  c_w.l(libshutdown2.o)
    0x08000318   0x08000318   0x00000000   Code   RO         6894    .ARM.Collect$$rtentry$$00000000  c_w.l(__rtentry.o)
    0x08000318   0x08000318   0x00000000   Code   RO         7059    .ARM.Collect$$rtentry$$00000002  c_w.l(__rtentry2.o)
    0x08000318   0x08000318   0x00000006   Code   RO         7071    .ARM.Collect$$rtentry$$00000004  c_w.l(__rtentry4.o)
    0x0800031e   0x0800031e   0x00000000   Code   RO         7061    .ARM.Collect$$rtentry$$00000009  c_w.l(__rtentry2.o)
    0x0800031e   0x0800031e   0x00000004   Code   RO         7062    .ARM.Collect$$rtentry$$0000000A  c_w.l(__rtentry2.o)
    0x08000322   0x08000322   0x00000000   Code   RO         7064    .ARM.Collect$$rtentry$$0000000C  c_w.l(__rtentry2.o)
    0x08000322   0x08000322   0x00000008   Code   RO         7065    .ARM.Collect$$rtentry$$0000000D  c_w.l(__rtentry2.o)
    0x0800032a   0x0800032a   0x00000002   Code   RO         7156    .ARM.Collect$$rtexit$$00000000  c_w.l(rtexit.o)
    0x0800032c   0x0800032c   0x00000000   Code   RO         7215    .ARM.Collect$$rtexit$$00000002  c_w.l(rtexit2.o)
    0x0800032c   0x0800032c   0x00000004   Code   RO         7216    .ARM.Collect$$rtexit$$00000003  c_w.l(rtexit2.o)
    0x08000330   0x08000330   0x00000006   Code   RO         7217    .ARM.Collect$$rtexit$$00000004  c_w.l(rtexit2.o)
    0x08000336   0x08000336   0x00000002   PAD
    0x08000338   0x08000338   0x00000040   Code   RO            4    .text               startup_stm32h750xx.o
    0x08000378   0x08000378   0x000000ee   Code   RO         6844    .text               c_w.l(lludivv7m.o)
    0x08000466   0x08000466   0x0000004e   Code   RO         6856    .text               c_w.l(rt_memclr_w.o)
    0x080004b4   0x080004b4   0x00000006   Code   RO         6860    .text               c_w.l(heapauxi.o)
    0x080004ba   0x080004ba   0x00000002   PAD
    0x080004bc   0x080004bc   0x00000008   Code   RO         7100    .text               c_w.l(libspace.o)
    0x080004c4   0x080004c4   0x0000004a   Code   RO         7103    .text               c_w.l(sys_stackheap_outer.o)
    0x0800050e   0x0800050e   0x00000012   Code   RO         7142    .text               c_w.l(exit.o)
    0x08000520   0x08000520   0x0000000c   Code   RO         7212    .text               c_w.l(sys_exit.o)
    0x0800052c   0x0800052c   0x00000002   Code   RO         7231    .text               c_w.l(use_no_semi.o)
    0x0800052e   0x0800052e   0x00000000   Code   RO         7233    .text               c_w.l(indicate_semi.o)
    0x0800052e   0x0800052e   0x00000002   PAD
    0x08000530   0x08000530   0x00000190   Code   RO         1967    i.A_to_B_tracking_line  forward.o
    0x080006c0   0x080006c0   0x00000002   Code   RO          472    i.BusFault_Handler  stm32h7xx_it.o
    0x080006c2   0x080006c2   0x00000002   PAD
    0x080006c4   0x080006c4   0x0000000c   Code   RO          473    i.DMA1_Stream0_IRQHandler  stm32h7xx_it.o
    0x080006d0   0x080006d0   0x0000000c   Code   RO          474    i.DMA1_Stream1_IRQHandler  stm32h7xx_it.o
    0x080006dc   0x080006dc   0x0000000c   Code   RO          475    i.DMA1_Stream2_IRQHandler  stm32h7xx_it.o
    0x080006e8   0x080006e8   0x0000000c   Code   RO          476    i.DMA1_Stream3_IRQHandler  stm32h7xx_it.o
    0x080006f4   0x080006f4   0x0000000c   Code   RO          477    i.DMA1_Stream4_IRQHandler  stm32h7xx_it.o
    0x08000700   0x08000700   0x0000000c   Code   RO          478    i.DMA1_Stream5_IRQHandler  stm32h7xx_it.o
    0x0800070c   0x0800070c   0x0000000c   Code   RO          479    i.DMA1_Stream6_IRQHandler  stm32h7xx_it.o
    0x08000718   0x08000718   0x0000000c   Code   RO          480    i.DMA1_Stream7_IRQHandler  stm32h7xx_it.o
    0x08000724   0x08000724   0x0000000c   Code   RO          481    i.DMA2_Stream0_IRQHandler  stm32h7xx_it.o
    0x08000730   0x08000730   0x0000000c   Code   RO          482    i.DMA2_Stream1_IRQHandler  stm32h7xx_it.o
    0x0800073c   0x0800073c   0x000000c0   Code   RO         3641    i.DMA_CalcBaseAndBitshift  stm32h7xx_hal_dma.o
    0x080007fc   0x080007fc   0x000000a0   Code   RO         3642    i.DMA_CalcDMAMUXChannelBaseAndMask  stm32h7xx_hal_dma.o
    0x0800089c   0x0800089c   0x0000007c   Code   RO         3643    i.DMA_CalcDMAMUXRequestGenBaseAndMask  stm32h7xx_hal_dma.o
    0x08000918   0x08000918   0x00000078   Code   RO         3644    i.DMA_CheckFifoParam  stm32h7xx_hal_dma.o
    0x08000990   0x08000990   0x0000023c   Code   RO         3645    i.DMA_SetConfig     stm32h7xx_hal_dma.o
    0x08000bcc   0x08000bcc   0x00000002   Code   RO          483    i.DebugMon_Handler  stm32h7xx_it.o
    0x08000bce   0x08000bce   0x00000016   Code   RO          484    i.EXTI15_10_IRQHandler  stm32h7xx_it.o
    0x08000be4   0x08000be4   0x00000006   Code   RO          485    i.EXTI4_IRQHandler  stm32h7xx_it.o
    0x08000bea   0x08000bea   0x00000012   Code   RO          486    i.EXTI9_5_IRQHandler  stm32h7xx_it.o
    0x08000bfc   0x08000bfc   0x00000024   Code   RO         1086    i.Emm_V5_Origin_Trigger_Return  emm_v5.o
    0x08000c20   0x08000c20   0x00000044   Code   RO         1087    i.Emm_V5_Pos_Control  emm_v5.o
    0x08000c64   0x08000c64   0x00000004   Code   RO           13    i.Error_Handler     main.o
    0x08000c68   0x08000c68   0x0000037c   Code   RO         3646    i.HAL_DMA_Abort     stm32h7xx_hal_dma.o
    0x08000fe4   0x08000fe4   0x000002b0   Code   RO         3647    i.HAL_DMA_Abort_IT  stm32h7xx_hal_dma.o
    0x08001294   0x08001294   0x00000004   Code   RO         3649    i.HAL_DMA_GetError  stm32h7xx_hal_dma.o
    0x08001298   0x08001298   0x000007a8   Code   RO         3651    i.HAL_DMA_IRQHandler  stm32h7xx_hal_dma.o
    0x08001a40   0x08001a40   0x000003fc   Code   RO         3652    i.HAL_DMA_Init      stm32h7xx_hal_dma.o
    0x08001e3c   0x08001e3c   0x000002ec   Code   RO         3656    i.HAL_DMA_Start_IT  stm32h7xx_hal_dma.o
    0x08002128   0x08002128   0x00000024   Code   RO         4355    i.HAL_Delay         stm32h7xx_hal.o
    0x0800214c   0x0800214c   0x00000024   Code   RO         1501    i.HAL_GPIO_EXTI_Callback  key.o
    0x08002170   0x08002170   0x00000018   Code   RO         3493    i.HAL_GPIO_EXTI_IRQHandler  stm32h7xx_hal_gpio.o
    0x08002188   0x08002188   0x00000224   Code   RO         3494    i.HAL_GPIO_Init     stm32h7xx_hal_gpio.o
    0x080023ac   0x080023ac   0x0000000e   Code   RO         3496    i.HAL_GPIO_ReadPin  stm32h7xx_hal_gpio.o
    0x080023ba   0x080023ba   0x0000000e   Code   RO         3498    i.HAL_GPIO_WritePin  stm32h7xx_hal_gpio.o
    0x080023c8   0x080023c8   0x0000000c   Code   RO         4366    i.HAL_GetREVID      stm32h7xx_hal.o
    0x080023d4   0x080023d4   0x0000000c   Code   RO         4367    i.HAL_GetTick       stm32h7xx_hal.o
    0x080023e0   0x080023e0   0x00000010   Code   RO         4373    i.HAL_IncTick       stm32h7xx_hal.o
    0x080023f0   0x080023f0   0x0000005c   Code   RO         4374    i.HAL_Init          stm32h7xx_hal.o
    0x0800244c   0x0800244c   0x0000004c   Code   RO         4375    i.HAL_InitTick      stm32h7xx_hal.o
    0x08002498   0x08002498   0x0000001c   Code   RO          668    i.HAL_MspInit       stm32h7xx_hal_msp.o
    0x080024b4   0x080024b4   0x0000001a   Code   RO         2806    i.HAL_NVIC_EnableIRQ  stm32h7xx_hal_cortex.o
    0x080024ce   0x080024ce   0x00000002   PAD
    0x080024d0   0x080024d0   0x00000040   Code   RO         2812    i.HAL_NVIC_SetPriority  stm32h7xx_hal_cortex.o
    0x08002510   0x08002510   0x00000024   Code   RO         2813    i.HAL_NVIC_SetPriorityGrouping  stm32h7xx_hal_cortex.o
    0x08002534   0x08002534   0x00000058   Code   RO         4095    i.HAL_PWREx_ConfigSupply  stm32h7xx_hal_pwr_ex.o
    0x0800258c   0x0800258c   0x00000024   Code   RO         3057    i.HAL_RCCEx_GetD3PCLK1Freq  stm32h7xx_hal_rcc_ex.o
    0x080025b0   0x080025b0   0x000001c0   Code   RO         3059    i.HAL_RCCEx_GetPLL2ClockFreq  stm32h7xx_hal_rcc_ex.o
    0x08002770   0x08002770   0x000001c0   Code   RO         3060    i.HAL_RCCEx_GetPLL3ClockFreq  stm32h7xx_hal_rcc_ex.o
    0x08002930   0x08002930   0x00000928   Code   RO         3066    i.HAL_RCCEx_PeriphCLKConfig  stm32h7xx_hal_rcc_ex.o
    0x08003258   0x08003258   0x0000027c   Code   RO         2942    i.HAL_RCC_ClockConfig  stm32h7xx_hal_rcc.o
    0x080034d4   0x080034d4   0x00000044   Code   RO         2947    i.HAL_RCC_GetHCLKFreq  stm32h7xx_hal_rcc.o
    0x08003518   0x08003518   0x00000024   Code   RO         2949    i.HAL_RCC_GetPCLK1Freq  stm32h7xx_hal_rcc.o
    0x0800353c   0x0800353c   0x00000024   Code   RO         2950    i.HAL_RCC_GetPCLK2Freq  stm32h7xx_hal_rcc.o
    0x08003560   0x08003560   0x000001b4   Code   RO         2951    i.HAL_RCC_GetSysClockFreq  stm32h7xx_hal_rcc.o
    0x08003714   0x08003714   0x0000063c   Code   RO         2954    i.HAL_RCC_OscConfig  stm32h7xx_hal_rcc.o
    0x08003d50   0x08003d50   0x00000028   Code   RO         2817    i.HAL_SYSTICK_Config  stm32h7xx_hal_cortex.o
    0x08003d78   0x08003d78   0x00000002   Code   RO         5975    i.HAL_TIMEx_Break2Callback  stm32h7xx_hal_tim_ex.o
    0x08003d7a   0x08003d7a   0x00000002   Code   RO         5976    i.HAL_TIMEx_BreakCallback  stm32h7xx_hal_tim_ex.o
    0x08003d7c   0x08003d7c   0x00000002   Code   RO         5977    i.HAL_TIMEx_CommutCallback  stm32h7xx_hal_tim_ex.o
    0x08003d7e   0x08003d7e   0x00000002   PAD
    0x08003d80   0x08003d80   0x0000008c   Code   RO         5979    i.HAL_TIMEx_ConfigBreakDeadTime  stm32h7xx_hal_tim_ex.o
    0x08003e0c   0x08003e0c   0x000000a0   Code   RO         5997    i.HAL_TIMEx_MasterConfigSynchronization  stm32h7xx_hal_tim_ex.o
    0x08003eac   0x08003eac   0x0000004e   Code   RO         5250    i.HAL_TIM_Base_Init  stm32h7xx_hal_tim.o
    0x08003efa   0x08003efa   0x00000002   PAD
    0x08003efc   0x08003efc   0x00000088   Code   RO          320    i.HAL_TIM_Base_MspInit  tim.o
    0x08003f84   0x08003f84   0x00000094   Code   RO         5255    i.HAL_TIM_Base_Start_IT  stm32h7xx_hal_tim.o
    0x08004018   0x08004018   0x00000108   Code   RO         5259    i.HAL_TIM_ConfigClockSource  stm32h7xx_hal_tim.o
    0x08004120   0x08004120   0x000000b8   Code   RO         5271    i.HAL_TIM_Encoder_Init  stm32h7xx_hal_tim.o
    0x080041d8   0x080041d8   0x000000a4   Code   RO          322    i.HAL_TIM_Encoder_MspInit  tim.o
    0x0800427c   0x0800427c   0x000000a8   Code   RO         5274    i.HAL_TIM_Encoder_Start  stm32h7xx_hal_tim.o
    0x08004324   0x08004324   0x00000002   Code   RO         5284    i.HAL_TIM_IC_CaptureCallback  stm32h7xx_hal_tim.o
    0x08004326   0x08004326   0x0000018c   Code   RO         5298    i.HAL_TIM_IRQHandler  stm32h7xx_hal_tim.o
    0x080044b2   0x080044b2   0x00000002   PAD
    0x080044b4   0x080044b4   0x00000054   Code   RO          323    i.HAL_TIM_MspPostInit  tim.o
    0x08004508   0x08004508   0x00000002   Code   RO         5301    i.HAL_TIM_OC_DelayElapsedCallback  stm32h7xx_hal_tim.o
    0x0800450a   0x0800450a   0x00000136   Code   RO         5322    i.HAL_TIM_PWM_ConfigChannel  stm32h7xx_hal_tim.o
    0x08004640   0x08004640   0x0000004e   Code   RO         5325    i.HAL_TIM_PWM_Init  stm32h7xx_hal_tim.o
    0x0800468e   0x0800468e   0x00000002   Code   RO         5327    i.HAL_TIM_PWM_MspInit  stm32h7xx_hal_tim.o
    0x08004690   0x08004690   0x00000002   Code   RO         5328    i.HAL_TIM_PWM_PulseFinishedCallback  stm32h7xx_hal_tim.o
    0x08004692   0x08004692   0x00000002   PAD
    0x08004694   0x08004694   0x00000128   Code   RO         5330    i.HAL_TIM_PWM_Start  stm32h7xx_hal_tim.o
    0x080047bc   0x080047bc   0x00000070   Code   RO          728    i.HAL_TIM_PeriodElapsedCallback  bsp_timer.o
    0x0800482c   0x0800482c   0x00000002   Code   RO         5341    i.HAL_TIM_TriggerCallback  stm32h7xx_hal_tim.o
    0x0800482e   0x0800482e   0x0000003c   Code   RO         6691    i.HAL_UARTEx_DisableFifoMode  stm32h7xx_hal_uart_ex.o
    0x0800486a   0x0800486a   0x0000005e   Code   RO         6696    i.HAL_UARTEx_ReceiveToIdle_DMA  stm32h7xx_hal_uart_ex.o
    0x080048c8   0x080048c8   0x00000108   Code   RO          779    i.HAL_UARTEx_RxEventCallback  bsp_usart.o
    0x080049d0   0x080049d0   0x00000002   Code   RO         6698    i.HAL_UARTEx_RxFifoFullCallback  stm32h7xx_hal_uart_ex.o
    0x080049d2   0x080049d2   0x0000004c   Code   RO         6699    i.HAL_UARTEx_SetRxFifoThreshold  stm32h7xx_hal_uart_ex.o
    0x08004a1e   0x08004a1e   0x0000004c   Code   RO         6700    i.HAL_UARTEx_SetTxFifoThreshold  stm32h7xx_hal_uart_ex.o
    0x08004a6a   0x08004a6a   0x00000002   Code   RO         6702    i.HAL_UARTEx_TxFifoEmptyCallback  stm32h7xx_hal_uart_ex.o
    0x08004a6c   0x08004a6c   0x00000002   Code   RO         6703    i.HAL_UARTEx_WakeupCallback  stm32h7xx_hal_uart_ex.o
    0x08004a6e   0x08004a6e   0x0000009a   Code   RO         6287    i.HAL_UART_DMAStop  stm32h7xx_hal_uart.o
    0x08004b08   0x08004b08   0x0000005c   Code   RO          780    i.HAL_UART_ErrorCallback  bsp_usart.o
    0x08004b64   0x08004b64   0x00000374   Code   RO         6294    i.HAL_UART_IRQHandler  stm32h7xx_hal_uart.o
    0x08004ed8   0x08004ed8   0x00000070   Code   RO         6295    i.HAL_UART_Init     stm32h7xx_hal_uart.o
    0x08004f48   0x08004f48   0x000004d4   Code   RO          404    i.HAL_UART_MspInit  usart.o
    0x0800541c   0x0800541c   0x00000058   Code   RO         6299    i.HAL_UART_Receive_DMA  stm32h7xx_hal_uart.o
    0x08005474   0x08005474   0x00000002   Code   RO         6302    i.HAL_UART_RxCpltCallback  stm32h7xx_hal_uart.o
    0x08005476   0x08005476   0x00000002   Code   RO         6303    i.HAL_UART_RxHalfCpltCallback  stm32h7xx_hal_uart.o
    0x08005478   0x08005478   0x000000a4   Code   RO         6305    i.HAL_UART_Transmit_DMA  stm32h7xx_hal_uart.o
    0x0800551c   0x0800551c   0x00000002   Code   RO         6307    i.HAL_UART_TxCpltCallback  stm32h7xx_hal_uart.o
    0x0800551e   0x0800551e   0x00000002   Code   RO         6308    i.HAL_UART_TxHalfCpltCallback  stm32h7xx_hal_uart.o
    0x08005520   0x08005520   0x00000002   Code   RO          487    i.HardFault_Handler  stm32h7xx_it.o
    0x08005522   0x08005522   0x00000002   PAD
    0x08005524   0x08005524   0x000000cc   Code   RO          295    i.MX_DMA_Init       dma.o
    0x080055f0   0x080055f0   0x000001b0   Code   RO          267    i.MX_GPIO_Init      gpio.o
    0x080057a0   0x080057a0   0x000000e8   Code   RO          324    i.MX_TIM1_Init      tim.o
    0x08005888   0x08005888   0x00000070   Code   RO          325    i.MX_TIM3_Init      tim.o
    0x080058f8   0x080058f8   0x00000070   Code   RO          326    i.MX_TIM5_Init      tim.o
    0x08005968   0x08005968   0x00000048   Code   RO          327    i.MX_TIM6_Init      tim.o
    0x080059b0   0x080059b0   0x00000048   Code   RO          328    i.MX_TIM7_Init      tim.o
    0x080059f8   0x080059f8   0x00000068   Code   RO          405    i.MX_UART4_Init     usart.o
    0x08005a60   0x08005a60   0x00000068   Code   RO          406    i.MX_UART5_Init     usart.o
    0x08005ac8   0x08005ac8   0x00000068   Code   RO          407    i.MX_UART7_Init     usart.o
    0x08005b30   0x08005b30   0x00000068   Code   RO          408    i.MX_UART8_Init     usart.o
    0x08005b98   0x08005b98   0x00000068   Code   RO          409    i.MX_USART2_UART_Init  usart.o
    0x08005c00   0x08005c00   0x00000002   Code   RO          488    i.MemManage_Handler  stm32h7xx_it.o
    0x08005c02   0x08005c02   0x00000002   Code   RO          489    i.NMI_Handler       stm32h7xx_it.o
    0x08005c04   0x08005c04   0x00000028   Code   RO         1552    i.OLED_Clear        oled.o
    0x08005c2c   0x08005c2c   0x00000064   Code   RO         1553    i.OLED_ClearArea    oled.o
    0x08005c90   0x08005c90   0x00000026   Code   RO         1561    i.OLED_GPIO_Init    oled.o
    0x08005cb6   0x08005cb6   0x0000003a   Code   RO         1563    i.OLED_I2C_SendByte  oled.o
    0x08005cf0   0x08005cf0   0x0000001e   Code   RO         1564    i.OLED_I2C_Start    oled.o
    0x08005d0e   0x08005d0e   0x00000018   Code   RO         1565    i.OLED_I2C_Stop     oled.o
    0x08005d26   0x08005d26   0x0000009c   Code   RO         1566    i.OLED_Init         oled.o
    0x08005dc2   0x08005dc2   0x00000010   Code   RO         1568    i.OLED_Pow          oled.o
    0x08005dd2   0x08005dd2   0x00000022   Code   RO         1572    i.OLED_SetCursor    oled.o
    0x08005df4   0x08005df4   0x0000003c   Code   RO         1574    i.OLED_ShowChar     oled.o
    0x08005e30   0x08005e30   0x000000a8   Code   RO         1578    i.OLED_ShowImage    oled.o
    0x08005ed8   0x08005ed8   0x00000048   Code   RO         1579    i.OLED_ShowNum      oled.o
    0x08005f20   0x08005f20   0x0000002c   Code   RO         1581    i.OLED_ShowString   oled.o
    0x08005f4c   0x08005f4c   0x00000028   Code   RO         1582    i.OLED_Update       oled.o
    0x08005f74   0x08005f74   0x00000068   Code   RO         1583    i.OLED_UpdateArea   oled.o
    0x08005fdc   0x08005fdc   0x0000002c   Code   RO         1584    i.OLED_W_SCL        oled.o
    0x08006008   0x08006008   0x0000002c   Code   RO         1585    i.OLED_W_SDA        oled.o
    0x08006034   0x08006034   0x00000022   Code   RO         1586    i.OLED_WriteCommand  oled.o
    0x08006056   0x08006056   0x00000030   Code   RO         1587    i.OLED_WriteData    oled.o
    0x08006086   0x08006086   0x00000002   Code   RO          490    i.PendSV_Handler    stm32h7xx_it.o
    0x08006088   0x08006088   0x00000124   Code   RO         3069    i.RCCEx_PLL2_Config  stm32h7xx_hal_rcc_ex.o
    0x080061ac   0x080061ac   0x00000124   Code   RO         3070    i.RCCEx_PLL3_Config  stm32h7xx_hal_rcc_ex.o
    0x080062d0   0x080062d0   0x00000002   Code   RO          491    i.SVC_Handler       stm32h7xx_it.o
    0x080062d2   0x080062d2   0x00000034   Code   RO         1108    i.Step_abs_pos      emm_v5.o
    0x08006306   0x08006306   0x0000001e   Code   RO         1109    i.Step_down         emm_v5.o
    0x08006324   0x08006324   0x00000020   Code   RO         1110    i.Step_up           emm_v5.o
    0x08006344   0x08006344   0x00000004   Code   RO          492    i.SysTick_Handler   stm32h7xx_it.o
    0x08006348   0x08006348   0x000000a8   Code   RO           14    i.SystemClock_Config  main.o
    0x080063f0   0x080063f0   0x000000dc   Code   RO         6809    i.SystemInit        system_stm32h7xx.o
    0x080064cc   0x080064cc   0x0000000c   Code   RO          493    i.TIM6_DAC_IRQHandler  stm32h7xx_it.o
    0x080064d8   0x080064d8   0x0000000c   Code   RO          494    i.TIM7_IRQHandler   stm32h7xx_it.o
    0x080064e4   0x080064e4   0x000000c0   Code   RO         5343    i.TIM_Base_SetConfig  stm32h7xx_hal_tim.o
    0x080065a4   0x080065a4   0x0000001a   Code   RO         5344    i.TIM_CCxChannelCmd  stm32h7xx_hal_tim.o
    0x080065be   0x080065be   0x00000014   Code   RO         5354    i.TIM_ETR_SetConfig  stm32h7xx_hal_tim.o
    0x080065d2   0x080065d2   0x00000002   PAD
    0x080065d4   0x080065d4   0x00000014   Code   RO         5355    i.TIM_ITRx_SetConfig  stm32h7xx_hal_tim.o
    0x080065e8   0x080065e8   0x000000a0   Code   RO         5356    i.TIM_OC1_SetConfig  stm32h7xx_hal_tim.o
    0x08006688   0x08006688   0x00000094   Code   RO         5357    i.TIM_OC2_SetConfig  stm32h7xx_hal_tim.o
    0x0800671c   0x0800671c   0x00000094   Code   RO         5358    i.TIM_OC3_SetConfig  stm32h7xx_hal_tim.o
    0x080067b0   0x080067b0   0x00000074   Code   RO         5359    i.TIM_OC4_SetConfig  stm32h7xx_hal_tim.o
    0x08006824   0x08006824   0x00000070   Code   RO         5360    i.TIM_OC5_SetConfig  stm32h7xx_hal_tim.o
    0x08006894   0x08006894   0x00000070   Code   RO         5361    i.TIM_OC6_SetConfig  stm32h7xx_hal_tim.o
    0x08006904   0x08006904   0x00000022   Code   RO         5363    i.TIM_TI1_ConfigInputStage  stm32h7xx_hal_tim.o
    0x08006926   0x08006926   0x00000024   Code   RO         5365    i.TIM_TI2_ConfigInputStage  stm32h7xx_hal_tim.o
    0x0800694a   0x0800694a   0x00000002   PAD
    0x0800694c   0x0800694c   0x0000000c   Code   RO          495    i.UART4_IRQHandler  stm32h7xx_it.o
    0x08006958   0x08006958   0x000000dc   Code   RO          496    i.UART5_IRQHandler  stm32h7xx_it.o
    0x08006a34   0x08006a34   0x0000000c   Code   RO          497    i.UART7_IRQHandler  stm32h7xx_it.o
    0x08006a40   0x08006a40   0x0000000c   Code   RO          498    i.UART8_IRQHandler  stm32h7xx_it.o
    0x08006a4c   0x08006a4c   0x00000048   Code   RO         6704    i.UARTEx_SetNbDataToProcess  stm32h7xx_hal_uart_ex.o
    0x08006a94   0x08006a94   0x000000c8   Code   RO         6309    i.UART_AdvFeatureConfig  stm32h7xx_hal_uart.o
    0x08006b5c   0x08006b5c   0x00000060   Code   RO         6310    i.UART_CheckIdleState  stm32h7xx_hal_uart.o
    0x08006bbc   0x08006bbc   0x00000014   Code   RO         6311    i.UART_DMAAbortOnError  stm32h7xx_hal_uart.o
    0x08006bd0   0x08006bd0   0x00000050   Code   RO         6312    i.UART_DMAError     stm32h7xx_hal_uart.o
    0x08006c20   0x08006c20   0x00000082   Code   RO         6313    i.UART_DMAReceiveCplt  stm32h7xx_hal_uart.o
    0x08006ca2   0x08006ca2   0x0000001c   Code   RO         6315    i.UART_DMARxHalfCplt  stm32h7xx_hal_uart.o
    0x08006cbe   0x08006cbe   0x00000042   Code   RO         6317    i.UART_DMATransmitCplt  stm32h7xx_hal_uart.o
    0x08006d00   0x08006d00   0x0000000a   Code   RO         6319    i.UART_DMATxHalfCplt  stm32h7xx_hal_uart.o
    0x08006d0a   0x08006d0a   0x00000002   PAD
    0x08006d0c   0x08006d0c   0x00000054   Code   RO         6321    i.UART_EndRxTransfer  stm32h7xx_hal_uart.o
    0x08006d60   0x08006d60   0x00000024   Code   RO         6322    i.UART_EndTransmit_IT  stm32h7xx_hal_uart.o
    0x08006d84   0x08006d84   0x0000002e   Code   RO         6323    i.UART_EndTxTransfer  stm32h7xx_hal_uart.o
    0x08006db2   0x08006db2   0x00000002   PAD
    0x08006db4   0x08006db4   0x00000490   Code   RO         6328    i.UART_SetConfig    stm32h7xx_hal_uart.o
    0x08007244   0x08007244   0x000000a4   Code   RO         6329    i.UART_Start_Receive_DMA  stm32h7xx_hal_uart.o
    0x080072e8   0x080072e8   0x000000be   Code   RO         6335    i.UART_WaitOnFlagUntilTimeout  stm32h7xx_hal_uart.o
    0x080073a6   0x080073a6   0x00000002   PAD
    0x080073a8   0x080073a8   0x0000000c   Code   RO          499    i.USART2_IRQHandler  stm32h7xx_it.o
    0x080073b4   0x080073b4   0x00000002   Code   RO          500    i.UsageFault_Handler  stm32h7xx_it.o
    0x080073b6   0x080073b6   0x00000020   Code   RO         2819    i.__NVIC_SetPriority  stm32h7xx_hal_cortex.o
    0x080073d6   0x080073d6   0x0000000a   Code   RO         1115    i.back_to_zero      emm_v5.o
    0x080073e0   0x080073e0   0x00000020   Code   RO         1862    i.ball_control_init  ball_control.o
    0x08007400   0x08007400   0x00000058   Code   RO         1863    i.ball_first_step   ball_control.o
    0x08007458   0x08007458   0x00000004   Code   RO          692    i.bsp_read_gpio     bsp_gpio.o
    0x0800745c   0x0800745c   0x00000006   Code   RO          693    i.bsp_set_gpio_high  bsp_gpio.o
    0x08007462   0x08007462   0x00000006   Code   RO          694    i.bsp_set_gpio_low  bsp_gpio.o
    0x08007468   0x08007468   0x00000018   Code   RO          729    i.bsp_set_timer_compare  bsp_timer.o
    0x08007480   0x08007480   0x0000003c   Code   RO          730    i.bsp_timer_init    bsp_timer.o
    0x080074bc   0x080074bc   0x0000005c   Code   RO          783    i.bsp_usart_init    bsp_usart.o
    0x08007518   0x08007518   0x00000028   Code   RO          947    i.dc_motorL_brake   dc_motor.o
    0x08007540   0x08007540   0x00000028   Code   RO          948    i.dc_motorR_brake   dc_motor.o
    0x08007568   0x08007568   0x00000050   Code   RO          949    i.dc_motor_on       dc_motor.o
    0x080075b8   0x080075b8   0x00000038   Code   RO         2222    i.delay_us          delay.o
    0x080075f0   0x080075f0   0x00000064   Code   RO         1865    i.forward_open_control  ball_control.o
    0x08007654   0x08007654   0x0000000c   Code   RO          785    i.get_Acc_x         bsp_usart.o
    0x08007660   0x08007660   0x00000008   Code   RO         1502    i.get_KEY1_Push_flag  key.o
    0x08007668   0x08007668   0x00000008   Code   RO         1503    i.get_KEY3_Push_flag  key.o
    0x08007670   0x08007670   0x00000008   Code   RO         1504    i.get_KEY4_Push_flag  key.o
    0x08007678   0x08007678   0x0000000c   Code   RO          786    i.get_ball_x        bsp_usart.o
    0x08007684   0x08007684   0x0000000c   Code   RO         1822    i.get_complete_line_track_flag  line_tracking.o
    0x08007690   0x08007690   0x00000008   Code   RO          871    i.get_g_Line_state_addr  line_follower.o
    0x08007698   0x08007698   0x00000008   Code   RO          732    i.get_g_time_flag_addr  bsp_timer.o
    0x080076a0   0x080076a0   0x00000008   Code   RO          787    i.get_s_rx_buf_u8   bsp_usart.o
    0x080076a8   0x080076a8   0x0000000c   Code   RO          788    i.get_yaw_atk901    bsp_usart.o
    0x080076b4   0x080076b4   0x0000000c   Code   RO          789    i.get_yaw_speed     bsp_usart.o
    0x080076c0   0x080076c0   0x000000dc   Code   RO          872    i.line_continuous_filter  line_follower.o
    0x0800779c   0x0800779c   0x00000134   Code   RO           15    i.main              main.o
    0x080078d0   0x080078d0   0x00000170   Code   RO         1923    i.oled_show         oled_show.o
    0x08007a40   0x08007a40   0x0000007c   Code   RO         1866    i.open_control      ball_control.o
    0x08007abc   0x08007abc   0x00000008   Code   RO         2001    i.pid_get_speed_controller  pid.o
    0x08007ac4   0x08007ac4   0x0000003c   Code   RO         2002    i.pid_init          pid.o
    0x08007b00   0x08007b00   0x0000007c   Code   RO          873    i.read_Line_state   line_follower.o
    0x08007b7c   0x08007b7c   0x00000038   Code   RO          950    i.set_back_gpio     dc_motor.o
    0x08007bb4   0x08007bb4   0x00000038   Code   RO          951    i.set_forward_gpio  dc_motor.o
    0x08007bec   0x08007bec   0x00000008   Code   RO         1924    i.task_num_addr     oled_show.o
    0x08007bf4   0x08007bf4   0x00000024   Code   RO         1505    i.test_key          key.o
    0x08007c18   0x08007c18   0x000001ac   Code   RO         1823    i.tracking_line     line_tracking.o
    0x08007dc4   0x08007dc4   0x0000000a   Code   RO         7227    x$fpl$fpinit        fz_wv.l(fpinit.o)
    0x08007dce   0x08007dce   0x000005f0   Data   RO         1795    .constdata          oled_data.o
    0x080083be   0x080083be   0x0000023a   Data   RO         1796    .constdata          oled_data.o
    0x080085f8   0x080085f8   0x00000008   Data   RO         3658    .constdata          stm32h7xx_hal_dma.o
    0x08008600   0x08008600   0x00000018   Data   RO         6336    .constdata          stm32h7xx_hal_uart.o
    0x08008618   0x08008618   0x00000010   Data   RO         6706    .constdata          stm32h7xx_hal_uart_ex.o
    0x08008628   0x08008628   0x00000010   Data   RO         6810    .constdata          system_stm32h7xx.o
    0x08008638   0x08008638   0x00000020   Data   RO         7285    Region$$Table       anon$$obj.o


    Execution Region RW_IRAM1 (Exec base: 0x20000000, Load base: 0x08008658, Size: 0x00000000, Max: 0x00020000, ABSOLUTE)

    **** No section assigned to this execution region ****


    Execution Region RW_IRAM2 (Exec base: 0x24000000, Load base: 0x08008658, Size: 0x00002080, Max: 0x00080000, ABSOLUTE)

    Exec Addr    Load Addr    Size         Type   Attr      Idx    E Section Name        Object

    0x24000000   0x08008658   0x00000002   Data   RW           19    .data               main.o
    0x24000002   0x0800865a   0x00000001   Data   RW          412    .data               usart.o
    0x24000003   0x0800865b   0x00000001   Data   RW          413    .data               usart.o
    0x24000004   0x0800865c   0x00000010   Data   RW          791    .data               bsp_usart.o
    0x24000014   0x0800866c   0x00000010   Data   RW          874    .data               line_follower.o
    0x24000024   0x0800867c   0x00000003   Data   RW         1506    .data               key.o
    0x24000027   0x0800867f   0x00000001   PAD
    0x24000028   0x08008680   0x00000014   Data   RW         1828    .data               line_tracking.o
    0x2400003c   0x08008694   0x00000018   Data   RW         1868    .data               ball_control.o
    0x24000054   0x080086ac   0x0000000c   Data   RW         1926    .data               oled_show.o
    0x24000060   0x080086b8   0x00000018   Data   RW         1969    .data               forward.o
    0x24000078   0x080086d0   0x00000002   Data   RW         2223    .data               delay.o
    0x2400007a   0x080086d2   0x00000002   PAD
    0x2400007c   0x080086d4   0x0000000c   Data   RW         4396    .data               stm32h7xx_hal.o
    0x24000088   0x080086e0   0x00000008   Data   RW         6811    .data               system_stm32h7xx.o
    0x24000090        -       0x0000017c   Zero   RW          329    .bss                tim.o
    0x2400020c        -       0x000000ff   Zero   RW          410    .bss                usart.o
    0x2400030b   0x080086e8   0x00000001   PAD
    0x2400030c        -       0x00000780   Zero   RW          411    .bss                usart.o
    0x24000a8c        -       0x0000000c   Zero   RW          733    .bss                bsp_timer.o
    0x24000a98        -       0x000001ec   Zero   RW          790    .bss                bsp_usart.o
    0x24000c84        -       0x00000934   Zero   RW         1116    .bss                emm_v5.o
    0x240015b8        -       0x00000400   Zero   RW         1589    .bss                oled.o
    0x240019b8        -       0x00000034   Zero   RW         1867    .bss                ball_control.o
    0x240019ec        -       0x00000034   Zero   RW         2003    .bss                pid.o
    0x24001a20        -       0x00000060   Zero   RW         7101    .bss                c_w.l(libspace.o)
    0x24001a80        -       0x00000200   Zero   RW            2    HEAP                startup_stm32h750xx.o
    0x24001c80        -       0x00000400   Zero   RW            1    STACK               startup_stm32h750xx.o


==============================================================================

Image component sizes


      Code (inc. data)   RO Data    RW Data    ZI Data      Debug   Object Name

       344         28          0         24         52       3005   ball_control.o
        16          0          0          0          0       1899   bsp_gpio.o
       204         32          0          0         12       2722   bsp_timer.o
       504         94          0         16        492       5425   bsp_usart.o
       272         32          0          0          0       2597   dc_motor.o
        56          6          0          2          0        767   delay.o
       204          4          0          0          0        978   dma.o
       228         20          0          0       2356      28283   emm_v5.o
       400          4          0         24          0       2090   forward.o
       432         26          0          0          0       1279   gpio.o
        96         24          0          3          0       2966   key.o
       352         26          0         16          0       3060   line_follower.o
       440         28          0         20          0       2687   line_tracking.o
       480         34          0          2          0    1285160   main.o
      1154         46          0          0       1024      12083   oled.o
         0          0       2090          0          0       1196   oled_data.o
       376         50          0         12          0       2039   oled_show.o
        68          8          0          0         52       1666   pid.o
        64         26        664          0       1536        832   startup_stm32h750xx.o
       244         46          0         12          0      23372   stm32h7xx_hal.o
       198         14          0          0          0      39571   stm32h7xx_hal_cortex.o
      6480        144          8          0          0      14929   stm32h7xx_hal_dma.o
       600         50          0          0          0       3718   stm32h7xx_hal_gpio.o
        28          6          0          0          0        914   stm32h7xx_hal_msp.o
        88          6          0          0          0        821   stm32h7xx_hal_pwr_ex.o
      2808        126          0          0          0       8000   stm32h7xx_hal_rcc.o
      3860        126          0          0          0       8113   stm32h7xx_hal_rcc_ex.o
      3056        276          0          0          0      20779   stm32h7xx_hal_tim.o
       306         36          0          0          0       4128   stm32h7xx_hal_tim_ex.o
      3728        156         24          0          0      39139   stm32h7xx_hal_uart.o
       384          6         16          0          0       6433   stm32h7xx_hal_uart_ex.o
       478        124          0          0          0      13573   stm32h7xx_it.o
       220         42         16          8          0       1414   system_stm32h7xx.o
       984         96          0          0        380       5930   tim.o
      1756        114          0          2       2175       6102   usart.o

    ----------------------------------------------------------------------
     30932       1856       2850        144       8080    1557670   Object Totals
         0          0         32          0          0          0   (incl. Generated)
        24          0          0          3          1          0   (incl. Padding)

    ----------------------------------------------------------------------

      Code (inc. data)   RO Data    RW Data    ZI Data      Debug   Library Member Name

         8          0          0          0          0         68   __main.o
         0          0          0          0          0          0   __rtentry.o
        12          0          0          0          0          0   __rtentry2.o
         6          0          0          0          0          0   __rtentry4.o
        52          8          0          0          0          0   __scatter.o
        26          0          0          0          0          0   __scatter_copy.o
        28          0          0          0          0          0   __scatter_zi.o
        18          0          0          0          0         80   exit.o
         6          0          0          0          0        152   heapauxi.o
         0          0          0          0          0          0   indicate_semi.o
         2          0          0          0          0          0   libinit.o
         6          0          0          0          0          0   libinit2.o
         2          0          0          0          0          0   libshutdown.o
         2          0          0          0          0          0   libshutdown2.o
         8          4          0          0         96         68   libspace.o
       238          0          0          0          0        100   lludivv7m.o
        78          0          0          0          0         80   rt_memclr_w.o
         2          0          0          0          0          0   rtexit.o
        10          0          0          0          0          0   rtexit2.o
        12          4          0          0          0         68   sys_exit.o
        74          0          0          0          0         80   sys_stackheap_outer.o
         2          0          0          0          0         68   use_no_semi.o
        10          0          0          0          0        116   fpinit.o

    ----------------------------------------------------------------------
       610         16          0          0         96        880   Library Totals
         8          0          0          0          0          0   (incl. Padding)

    ----------------------------------------------------------------------

      Code (inc. data)   RO Data    RW Data    ZI Data      Debug   Library Name

       592         16          0          0         96        764   c_w.l
        10          0          0          0          0        116   fz_wv.l

    ----------------------------------------------------------------------
       610         16          0          0         96        880   Library Totals

    ----------------------------------------------------------------------

==============================================================================


      Code (inc. data)   RO Data    RW Data    ZI Data      Debug   

     31542       1872       2850        144       8176    1537690   Grand Totals
     31542       1872       2850        144       8176    1537690   ELF Image Totals
     31542       1872       2850        144          0          0   ROM Totals

==============================================================================

    Total RO  Size (Code + RO Data)                34392 (  33.59kB)
    Total RW  Size (RW Data + ZI Data)              8320 (   8.13kB)
    Total ROM Size (Code + RO Data + RW Data)      34536 (  33.73kB)

==============================================================================

