Component: ARM Compiler 5.06 update 7 (build 960) Tool: armlink [4d3601]

==============================================================================

Section Cross References

    startup_stm32h750xx.o(STACK) refers (Special) to heapauxi.o(.text) for __use_two_region_memory
    startup_stm32h750xx.o(HEAP) refers (Special) to heapauxi.o(.text) for __use_two_region_memory
    startup_stm32h750xx.o(RESET) refers (Special) to heapauxi.o(.text) for __use_two_region_memory
    startup_stm32h750xx.o(RESET) refers to startup_stm32h750xx.o(STACK) for __initial_sp
    startup_stm32h750xx.o(RESET) refers to startup_stm32h750xx.o(.text) for Reset_Handler
    startup_stm32h750xx.o(RESET) refers to stm32h7xx_it.o(i.NMI_Handler) for NMI_Handler
    startup_stm32h750xx.o(RESET) refers to stm32h7xx_it.o(i.HardFault_Handler) for HardFault_Handler
    startup_stm32h750xx.o(RESET) refers to stm32h7xx_it.o(i.MemManage_Handler) for MemManage_Handler
    startup_stm32h750xx.o(RESET) refers to stm32h7xx_it.o(i.BusFault_Handler) for BusFault_Handler
    startup_stm32h750xx.o(RESET) refers to stm32h7xx_it.o(i.UsageFault_Handler) for UsageFault_Handler
    startup_stm32h750xx.o(RESET) refers to stm32h7xx_it.o(i.SVC_Handler) for SVC_Handler
    startup_stm32h750xx.o(RESET) refers to stm32h7xx_it.o(i.DebugMon_Handler) for DebugMon_Handler
    startup_stm32h750xx.o(RESET) refers to stm32h7xx_it.o(i.PendSV_Handler) for PendSV_Handler
    startup_stm32h750xx.o(RESET) refers to stm32h7xx_it.o(i.SysTick_Handler) for SysTick_Handler
    startup_stm32h750xx.o(RESET) refers to stm32h7xx_it.o(i.DMA1_Stream0_IRQHandler) for DMA1_Stream0_IRQHandler
    startup_stm32h750xx.o(RESET) refers to stm32h7xx_it.o(i.DMA1_Stream1_IRQHandler) for DMA1_Stream1_IRQHandler
    startup_stm32h750xx.o(RESET) refers to stm32h7xx_it.o(i.DMA1_Stream2_IRQHandler) for DMA1_Stream2_IRQHandler
    startup_stm32h750xx.o(RESET) refers to stm32h7xx_it.o(i.DMA1_Stream3_IRQHandler) for DMA1_Stream3_IRQHandler
    startup_stm32h750xx.o(RESET) refers to stm32h7xx_it.o(i.EXTI15_10_IRQHandler) for EXTI15_10_IRQHandler
    startup_stm32h750xx.o(RESET) refers to stm32h7xx_it.o(i.TIM6_DAC_IRQHandler) for TIM6_DAC_IRQHandler
    startup_stm32h750xx.o(RESET) refers to stm32h7xx_it.o(i.UART7_IRQHandler) for UART7_IRQHandler
    startup_stm32h750xx.o(RESET) refers to stm32h7xx_it.o(i.UART8_IRQHandler) for UART8_IRQHandler
    startup_stm32h750xx.o(.text) refers (Special) to heapauxi.o(.text) for __use_two_region_memory
    startup_stm32h750xx.o(.text) refers to system_stm32h7xx.o(i.SystemInit) for SystemInit
    startup_stm32h750xx.o(.text) refers to __main.o(!!!main) for __main
    startup_stm32h750xx.o(.text) refers to startup_stm32h750xx.o(HEAP) for Heap_Mem
    startup_stm32h750xx.o(.text) refers to startup_stm32h750xx.o(STACK) for Stack_Mem
    main.o(i.SystemClock_Config) refers to rt_memclr_w.o(.text) for __aeabi_memclr4
    main.o(i.SystemClock_Config) refers to stm32h7xx_hal_pwr_ex.o(i.HAL_PWREx_ConfigSupply) for HAL_PWREx_ConfigSupply
    main.o(i.SystemClock_Config) refers to stm32h7xx_hal_rcc.o(i.HAL_RCC_OscConfig) for HAL_RCC_OscConfig
    main.o(i.SystemClock_Config) refers to main.o(i.Error_Handler) for Error_Handler
    main.o(i.SystemClock_Config) refers to stm32h7xx_hal_rcc.o(i.HAL_RCC_ClockConfig) for HAL_RCC_ClockConfig
    main.o(i.main) refers to stm32h7xx_hal.o(i.HAL_Init) for HAL_Init
    main.o(i.main) refers to main.o(i.SystemClock_Config) for SystemClock_Config
    main.o(i.main) refers to gpio.o(i.MX_GPIO_Init) for MX_GPIO_Init
    main.o(i.main) refers to dma.o(i.MX_DMA_Init) for MX_DMA_Init
    main.o(i.main) refers to tim.o(i.MX_TIM1_Init) for MX_TIM1_Init
    main.o(i.main) refers to tim.o(i.MX_TIM3_Init) for MX_TIM3_Init
    main.o(i.main) refers to tim.o(i.MX_TIM5_Init) for MX_TIM5_Init
    main.o(i.main) refers to tim.o(i.MX_TIM6_Init) for MX_TIM6_Init
    main.o(i.main) refers to usart.o(i.MX_UART8_Init) for MX_UART8_Init
    main.o(i.main) refers to usart.o(i.MX_UART7_Init) for MX_UART7_Init
    main.o(i.main) refers to bsp_timer.o(i.bsp_timer_init) for bsp_timer_init
    main.o(i.main) refers to bsp_usart.o(i.bsp_usart_init) for bsp_usart_init
    main.o(i.main) refers to bsp_gpio.o(i.bsp_set_gpio_high) for bsp_set_gpio_high
    main.o(i.main) refers to stm32h7xx_hal_cortex.o(i.HAL_NVIC_DisableIRQ) for HAL_NVIC_DisableIRQ
    main.o(i.main) refers to stm32h7xx_hal_cortex.o(i.HAL_NVIC_EnableIRQ) for HAL_NVIC_EnableIRQ
    main.o(i.main) refers to bsp_timer.o(i.get_g_time_flag_addr) for get_g_time_flag_addr
    main.o(i.main) refers to pid.o(i.pid_get_speed_controller) for pid_get_speed_controller
    main.o(i.main) refers to pid.o(i.pid_init) for pid_init
    main.o(i.main) refers to dc_motor.o(i.dc_motor_on) for dc_motor_on
    gpio.o(i.MX_GPIO_Init) refers to rt_memclr_w.o(.text) for __aeabi_memclr4
    gpio.o(i.MX_GPIO_Init) refers to stm32h7xx_hal_gpio.o(i.HAL_GPIO_WritePin) for HAL_GPIO_WritePin
[...]
    i.UsageFault_Handler                     0x080064f8   Section        0  stm32h7xx_it.o(i.UsageFault_Handler)
    i.__ARM_fpclassify                       0x080064fa   Section        0  fpclassify.o(i.__ARM_fpclassify)
    i.__NVIC_SetPriority                     0x0800652a   Section        0  stm32h7xx_hal_cortex.o(i.__NVIC_SetPriority)
    __NVIC_SetPriority                       0x0800652b   Thumb Code    32  stm32h7xx_hal_cortex.o(i.__NVIC_SetPriority)
    i.__hardfp_asin                          0x08006550   Section        0  asin.o(i.__hardfp_asin)
    i.__hardfp_atan                          0x08006758   Section        0  atan.o(i.__hardfp_atan)
    i.__hardfp_atan2                         0x08006958   Section        0  atan2.o(i.__hardfp_atan2)
    i.__kernel_poly                          0x08006b20   Section        0  poly.o(i.__kernel_poly)
    i.__mathlib_dbl_infnan                   0x08006b90   Section        0  dunder.o(i.__mathlib_dbl_infnan)
    i.__mathlib_dbl_infnan2                  0x08006b96   Section        0  dunder.o(i.__mathlib_dbl_infnan2)
    i.__mathlib_dbl_invalid                  0x08006ba0   Section        0  dunder.o(i.__mathlib_dbl_invalid)
    i.__mathlib_dbl_underflow                0x08006bb8   Section        0  dunder.o(i.__mathlib_dbl_underflow)
    i.atan                                   0x08006bd0   Section        0  atan.o(i.atan)
    i.atk_ms6050_dmp_get_data                0x08006be0   Section        0  inv_mpu.o(i.atk_ms6050_dmp_get_data)
    i.atk_ms6050_get_accelerometer           0x08006cf8   Section        0  atk_ms6050.o(i.atk_ms6050_get_accelerometer)
    i.atk_ms6050_get_clock_ms                0x08006d3c   Section        0  inv_mpu.o(i.atk_ms6050_get_clock_ms)
    i.atk_ms6050_get_gyroscope               0x08006d52   Section        0  atk_ms6050.o(i.atk_ms6050_get_gyroscope)
    i.atk_ms6050_iic_ack                     0x08006d98   Section        0  atk_ms6050_iic.o(i.atk_ms6050_iic_ack)
    i.atk_ms6050_iic_nack                    0x08006dec   Section        0  atk_ms6050_iic.o(i.atk_ms6050_iic_nack)
    i.atk_ms6050_iic_read_byte               0x08006e2c   Section        0  atk_ms6050_iic.o(i.atk_ms6050_iic_read_byte)
    i.atk_ms6050_iic_send_byte               0x08006e94   Section        0  atk_ms6050_iic.o(i.atk_ms6050_iic_send_byte)
    i.atk_ms6050_iic_start                   0x08006f00   Section        0  atk_ms6050_iic.o(i.atk_ms6050_iic_start)
    i.atk_ms6050_iic_stop                    0x08006f4c   Section        0  atk_ms6050_iic.o(i.atk_ms6050_iic_stop)
    i.atk_ms6050_iic_wait_ack                0x08006f8c   Section        0  atk_ms6050_iic.o(i.atk_ms6050_iic_wait_ack)
    i.atk_ms6050_read                        0x08006ff4   Section        0  atk_ms6050.o(i.atk_ms6050_read)
    i.atk_ms6050_write                       0x08007078   Section        0  atk_ms6050.o(i.atk_ms6050_write)
    i.bsp_set_gpio_high                      0x080070e2   Section        0  bsp_gpio.o(i.bsp_set_gpio_high)
    i.bsp_set_gpio_low                       0x080070e8   Section        0  bsp_gpio.o(i.bsp_set_gpio_low)
    i.bsp_set_timer_compare                  0x080070f0   Section        0  bsp_timer.o(i.bsp_set_timer_compare)
    i.bsp_timer_init                         0x08007108   Section        0  bsp_timer.o(i.bsp_timer_init)
    i.bsp_usart_init                         0x08007144   Section        0  bsp_usart.o(i.bsp_usart_init)
    i.dc_motor_on                            0x0800716c   Section        0  dc_motor.o(i.dc_motor_on)
    i.decode_gesture                         0x080071bc   Section        0  inv_mpu_dmp_motion_driver.o(i.decode_gesture)
    decode_gesture                           0x080071bd   Thumb Code    56  inv_mpu_dmp_motion_driver.o(i.decode_gesture)
    i.delay_us                               0x080071f8   Section        0  delay.o(i.delay_us)
    i.dmp_read_fifo                          0x08007230   Section        0  inv_mpu_dmp_motion_driver.o(i.dmp_read_fifo)
    i.fabs                                   0x080073b4   Section        0  fabs.o(i.fabs)
    i.get_g_time_flag_addr                   0x080073cc   Section        0  bsp_timer.o(i.get_g_time_flag_addr)
    i.main                                   0x080073d4   Section        0  main.o(i.main)
    i.mpu_read_fifo_stream                   0x08007464   Section        0  inv_mpu.o(i.mpu_read_fifo_stream)
    i.mpu_reset_fifo                         0x08007510   Section        0  inv_mpu.o(i.mpu_reset_fifo)
    i.pid_get_speed_controller               0x0800767c   Section        0  pid.o(i.pid_get_speed_controller)
    i.pid_init                               0x08007684   Section        0  pid.o(i.pid_init)
    i.set_back_gpio                          0x080076c0   Section        0  dc_motor.o(i.set_back_gpio)
    i.set_forward_gpio                       0x080076f8   Section        0  dc_motor.o(i.set_forward_gpio)
    i.sqrt                                   0x08007730   Section        0  sqrt.o(i.sqrt)
    x$fpl$fpinit                             0x0800779a   Section       10  fpinit.o(x$fpl$fpinit)
    $v0                                      0x0800779a   Number         0  fpinit.o(x$fpl$fpinit)
    .constdata                               0x080077a4   Section        8  stm32h7xx_hal_dma.o(.constdata)
    x$fpl$usenofp                            0x080077a4   Section        0  usenofp.o(x$fpl$usenofp)
    flagBitshiftOffset                       0x080077a4   Data           8  stm32h7xx_hal_dma.o(.constdata)
    .constdata                               0x080077ac   Section       24  stm32h7xx_hal_uart.o(.constdata)
    .constdata                               0x080077c4   Section       16  stm32h7xx_hal_uart_ex.o(.constdata)
    numerator                                0x080077c4   Data           8  stm32h7xx_hal_uart_ex.o(.constdata)
    denominator                              0x080077cc   Data           8  stm32h7xx_hal_uart_ex.o(.constdata)
    .constdata                               0x080077d4   Section       16  system_stm32h7xx.o(.constdata)
    .constdata                               0x080077e4   Section       27  inv_mpu.o(.constdata)
    .constdata                               0x08007800   Section       12  inv_mpu.o(.constdata)
    .constdata                               0x0800780c   Section       40  inv_mpu.o(.constdata)
    .constdata                               0x08007838   Section       80  asin.o(.constdata)
    pS                                       0x08007838   Data          48  asin.o(.constdata)
    qS                                       0x08007868   Data          32  asin.o(.constdata)
    .constdata                               0x08007888   Section      152  atan.o(.constdata)
    atanhi                                   0x08007888   Data          32  atan.o(.constdata)
    atanlo                                   0x080078a8   Data          32  atan.o(.constdata)
    aTodd                                    0x080078c8   Data          40  atan.o(.constdata)
    aTeven                                   0x080078f0   Data          48  atan.o(.constdata)
    .constdata                               0x08007920   Section        8  qnan.o(.constdata)
    .data                                    0x24000000   Section        8  bsp_timer.o(.data)
    .data                                    0x24000008   Section        4  bsp_usart.o(.data)
    .data                                    0x2400000c   Section       24  mpu6050.o(.data)
    .data                                    0x24000024   Section       12  stm32h7xx_hal.o(.data)
    .data                                    0x24000030   Section        8  system_stm32h7xx.o(.data)
    .data                                    0x24000038   Section        2  delay.o(.data)
    g_fac_us                                 0x24000038   Data           2  delay.o(.data)
    .data                                    0x2400003c   Section       53  inv_mpu.o(.data)
    st                                       0x2400003c   Data          44  inv_mpu.o(.data)
    gyro_orientation                         0x24000068   Data           9  inv_mpu.o(.data)
    .bss                                     0x24000074   Section      304  tim.o(.bss)
    .bss                                     0x240001a4   Section      776  usart.o(.bss)
    .bss                                     0x240004ac   Section      428  bsp_usart.o(.bss)
    s_uart_tx_buf                            0x2400052c   Data         300  bsp_usart.o(.bss)
    .bss                                     0x24000658   Section       52  pid.o(.bss)
    .bss                                     0x2400068c   Section       16  inv_mpu_dmp_motion_driver.o(.bss)
    dmp                                      0x2400068c   Data          16  inv_mpu_dmp_motion_driver.o(.bss)
    .bss                                     0x2400069c   Section       96  libspace.o(.bss)
    HEAP                                     0x24000700   Section      512  startup_stm32h750xx.o(HEAP)
    Heap_Mem                                 0x24000700   Data         512  startup_stm32h750xx.o(HEAP)
    STACK                                    0x24000900   Section     1024  startup_stm32h750xx.o(STACK)
    Stack_Mem                                0x24000900   Data        1024  startup_stm32h750xx.o(STACK)
    __initial_sp                             0x24000d00   Data           0  startup_stm32h750xx.o(STACK)

    Global Symbols

    Symbol Name                              Value     Ov Type        Size  Object(Section)

    BuildAttributes$$THM_ISAv4$E$P$D$K$B$S$7EM$VFPv5_D16$PE$PLD8$A:L22UL41UL21$X:L11$S22US41US21$IEEE1$IW$USESV6$~STKCKD$USESV7$~SHL$OTIME$ROPI$IEEEX$EBA8$UX$STANDARDLIB$REQ8$PRES8$EABIv2 0x00000000   Number         0  anon$$obj.o ABSOLUTE
    __ARM_use_no_argv                        0x00000000   Number         0  main.o ABSOLUTE
    _printf_flags                            0x00000000   Number         0  printf_stubs.o ABSOLUTE
    _printf_return_value                     0x00000000   Number         0  printf_stubs.o ABSOLUTE
    _printf_sizespec                         0x00000000   Number         0  printf_stubs.o ABSOLUTE
    _printf_widthprec                        0x00000000   Number         0  printf_stubs.o ABSOLUTE
    __ARM_exceptions_init                     - Undefined Weak Reference
    __alloca_initialize                       - Undefined Weak Reference
    __arm_fini_                               - Undefined Weak Reference
    __arm_preinit_                            - Undefined Weak Reference
    __cpp_initialize__aeabi_                  - Undefined Weak Reference
    __cxa_finalize                            - Undefined Weak Reference
    __sigvec_lookup                           - Undefined Weak Reference
    _atexit_init                              - Undefined Weak Reference
    _call_atexit_fns                          - Undefined Weak Reference
    _clock_init                               - Undefined Weak Reference
    _fp_trap_init                             - Undefined Weak Reference
    _fp_trap_shutdown                         - Undefined Weak Reference
    _get_lc_collate                           - Undefined Weak Reference
    _get_lc_monetary                          - Undefined Weak Reference
    _get_lc_time                              - Undefined Weak Reference
    _getenv_init                              - Undefined Weak Reference
    _handle_redirection                       - Undefined Weak Reference
    _init_alloc                               - Undefined Weak Reference
    _init_user_alloc                          - Undefined Weak Reference
    _initio                                   - Undefined Weak Reference
    _printf_mbtowc                            - Undefined Weak Reference
    _printf_wc                                - Undefined Weak Reference
    _rand_init                                - Undefined Weak Reference
    _signal_finish                            - Undefined Weak Reference
    _signal_init                              - Undefined Weak Reference
    _terminate_alloc                          - Undefined Weak Reference
    _terminate_user_alloc                     - Undefined Weak Reference
    _terminateio                              - Undefined Weak Reference
    __Vectors_Size                           0x00000298   Number         0  startup_stm32h750xx.o ABSOLUTE
    __Vectors                                0x08000000   Data           4  startup_stm32h750xx.o(RESET)
    __Vectors_End                            0x08000298   Data           0  startup_stm32h750xx.o(RESET)
    __main                                   0x08000299   Thumb Code     8  __main.o(!!!main)
    __scatterload                            0x080002a1   Thumb Code     0  __scatter.o(!!!scatter)
    __scatterload_rt2                        0x080002a1   Thumb Code    44  __scatter.o(!!!scatter)
    __scatterload_rt2_thumb_only             0x080002a1   Thumb Code     0  __scatter.o(!!!scatter)
    __scatterload_null                       0x080002af   Thumb Code     0  __scatter.o(!!!scatter)
    __scatterload_copy                       0x080002d5   Thumb Code    26  __scatter_copy.o(!!handler_copy)
    __scatterload_zeroinit                   0x080002f1   Thumb Code    28  __scatter_zi.o(!!handler_zi)
    __rt_lib_init                            0x0800030d   Thumb Code     0  libinit.o(.ARM.Collect$$libinit$$00000000)
    __rt_lib_init_fp_1                       0x0800030f   Thumb Code     0  libinit2.o(.ARM.Collect$$libinit$$00000001)
    __rt_lib_init_alloca_1                   0x08000313   Thumb Code     0  libinit2.o(.ARM.Collect$$libinit$$0000002E)
    __rt_lib_init_argv_1                     0x08000313   Thumb Code     0  libinit2.o(.ARM.Collect$$libinit$$0000002C)
    __rt_lib_init_atexit_1                   0x08000313   Thumb Code     0  libinit2.o(.ARM.Collect$$libinit$$0000001B)
    __rt_lib_init_clock_1                    0x08000313   Thumb Code     0  libinit2.o(.ARM.Collect$$libinit$$00000021)
    __rt_lib_init_cpp_1                      0x08000313   Thumb Code     0  libinit2.o(.ARM.Collect$$libinit$$00000032)
    __rt_lib_init_exceptions_1               0x08000313   Thumb Code     0  libinit2.o(.ARM.Collect$$libinit$$00000030)
    __rt_lib_init_fp_trap_1                  0x08000313   Thumb Code     0  libinit2.o(.ARM.Collect$$libinit$$0000001F)
    __rt_lib_init_getenv_1                   0x08000313   Thumb Code     0  libinit2.o(.ARM.Collect$$libinit$$00000023)
    __rt_lib_init_heap_1                     0x08000313   Thumb Code     0  libinit2.o(.ARM.Collect$$libinit$$0000000A)
    __rt_lib_init_lc_collate_1               0x08000313   Thumb Code     0  libinit2.o(.ARM.Collect$$libinit$$00000011)
    __rt_lib_init_lc_ctype_1                 0x08000313   Thumb Code     0  libinit2.o(.ARM.Collect$$libinit$$00000013)
    __rt_lib_init_lc_monetary_1              0x08000313   Thumb Code     0  libinit2.o(.ARM.Collect$$libinit$$00000015)
    __rt_lib_init_lc_numeric_1               0x08000313   Thumb Code     0  libinit2.o(.ARM.Collect$$libinit$$00000017)
    __rt_lib_init_lc_time_1                  0x08000313   Thumb Code     0  libinit2.o(.ARM.Collect$$libinit$$00000019)
    __rt_lib_init_preinit_1                  0x08000313   Thumb Code     0  libinit2.o(.ARM.Collect$$libinit$$00000004)
    __rt_lib_init_rand_1                     0x08000313   Thumb Code     0  libinit2.o(.ARM.Collect$$libinit$$0000000E)
    __rt_lib_init_return                     0x08000313   Thumb Code     0  libinit2.o(.ARM.Collect$$libinit$$00000033)
    __rt_lib_init_signal_1                   0x08000313   Thumb Code     0  libinit2.o(.ARM.Collect$$libinit$$0000001D)
    __rt_lib_init_stdio_1                    0x08000313   Thumb Code     0  libinit2.o(.ARM.Collect$$libinit$$00000025)
    __rt_lib_init_user_alloc_1               0x08000313   Thumb Code     0  libinit2.o(.ARM.Collect$$libinit$$0000000C)
    __rt_lib_shutdown                        0x08000315   Thumb Code     0  libshutdown.o(.ARM.Collect$$libshutdown$$00000000)
    __rt_lib_shutdown_cpp_1                  0x08000317   Thumb Code     0  libshutdown2.o(.ARM.Collect$$libshutdown$$00000004)
    __rt_lib_shutdown_fini_1                 0x08000317   Thumb Code     0  libshutdown2.o(.ARM.Collect$$libshutdown$$00000002)
    __rt_lib_shutdown_fp_trap_1              0x08000317   Thumb Code     0  libshutdown2.o(.ARM.Collect$$libshutdown$$00000009)
    __rt_lib_shutdown_heap_1                 0x08000317   Thumb Code     0  libshutdown2.o(.ARM.Collect$$libshutdown$$00000011)
    __rt_lib_shutdown_return                 0x08000317   Thumb Code     0  libshutdown2.o(.ARM.Collect$$libshutdown$$00000012)
    __rt_lib_shutdown_signal_1               0x08000317   Thumb Code     0  libshutdown2.o(.ARM.Collect$$libshutdown$$0000000C)
    __rt_lib_shutdown_stdio_1                0x08000317   Thumb Code     0  libshutdown2.o(.ARM.Collect$$libshutdown$$00000006)
    __rt_lib_shutdown_user_alloc_1           0x08000317   Thumb Code     0  libshutdown2.o(.ARM.Collect$$libshutdown$$0000000E)
    __rt_entry                               0x08000319   Thumb Code     0  __rtentry.o(.ARM.Collect$$rtentry$$00000000)
    __rt_entry_presh_1                       0x08000319   Thumb Code     0  __rtentry2.o(.ARM.Collect$$rtentry$$00000002)
    __rt_entry_sh                            0x08000319   Thumb Code     0  __rtentry4.o(.ARM.Collect$$rtentry$$00000004)
    __rt_entry_li                            0x0800031f   Thumb Code     0  __rtentry2.o(.ARM.Collect$$rtentry$$0000000A)
    __rt_entry_postsh_1                      0x0800031f   Thumb Code     0  __rtentry2.o(.ARM.Collect$$rtentry$$00000009)
    __rt_entry_main                          0x08000323   Thumb Code     0  __rtentry2.o(.ARM.Collect$$rtentry$$0000000D)
    __rt_entry_postli_1                      0x08000323   Thumb Code     0  __rtentry2.o(.ARM.Collect$$rtentry$$0000000C)
    __rt_exit                                0x0800032b   Thumb Code     0  rtexit.o(.ARM.Collect$$rtexit$$00000000)
    __rt_exit_ls                             0x0800032d   Thumb Code     0  rtexit2.o(.ARM.Collect$$rtexit$$00000003)
    __rt_exit_prels_1                        0x0800032d   Thumb Code     0  rtexit2.o(.ARM.Collect$$rtexit$$00000002)
    __rt_exit_exit                           0x08000331   Thumb Code     0  rtexit2.o(.ARM.Collect$$rtexit$$00000004)
    Reset_Handler                            0x08000339   Thumb Code     8  startup_stm32h750xx.o(.text)
    ADC3_IRQHandler                          0x08000353   Thumb Code     0  startup_stm32h750xx.o(.text)
    ADC_IRQHandler                           0x08000353   Thumb Code     0  startup_stm32h750xx.o(.text)
    BDMA_Channel0_IRQHandler                 0x08000353   Thumb Code     0  startup_stm32h750xx.o(.text)
    BDMA_Channel1_IRQHandler                 0x08000353   Thumb Code     0  startup_stm32h750xx.o(.text)
    BDMA_Channel2_IRQHandler                 0x08000353   Thumb Code     0  startup_stm32h750xx.o(.text)
    BDMA_Channel3_IRQHandler                 0x08000353   Thumb Code     0  startup_stm32h750xx.o(.text)
    BDMA_Channel4_IRQHandler                 0x08000353   Thumb Code     0  startup_stm32h750xx.o(.text)
    BDMA_Channel5_IRQHandler                 0x08000353   Thumb Code     0  startup_stm32h750xx.o(.text)
    BDMA_Channel6_IRQHandler                 0x08000353   Thumb Code     0  startup_stm32h750xx.o(.text)
    BDMA_Channel7_IRQHandler                 0x08000353   Thumb Code     0  startup_stm32h750xx.o(.text)
    CEC_IRQHandler                           0x08000353   Thumb Code     0  startup_stm32h750xx.o(.text)
    COMP1_IRQHandler                         0x08000353   Thumb Code     0  startup_stm32h750xx.o(.text)
    CRS_IRQHandler                           0x08000353   Thumb Code     0  startup_stm32h750xx.o(.text)
    CRYP_IRQHandler                          0x08000353   Thumb Code     0  startup_stm32h750xx.o(.text)
    DCMI_IRQHandler                          0x08000353   Thumb Code     0  startup_stm32h750xx.o(.text)
    DFSDM1_FLT0_IRQHandler                   0x08000353   Thumb Code     0  startup_stm32h750xx.o(.text)
    DFSDM1_FLT1_IRQHandler                   0x08000353   Thumb Code     0  startup_stm32h750xx.o(.text)
    DFSDM1_FLT2_IRQHandler                   0x08000353   Thumb Code     0  startup_stm32h750xx.o(.text)
    DFSDM1_FLT3_IRQHandler                   0x08000353   Thumb Code     0  startup_stm32h750xx.o(.text)
    DMA1_Stream4_IRQHandler                  0x08000353   Thumb Code     0  startup_stm32h750xx.o(.text)
    DMA1_Stream5_IRQHandler                  0x08000353   Thumb Code     0  startup_stm32h750xx.o(.text)
    DMA1_Stream6_IRQHandler                  0x08000353   Thumb Code     0  startup_stm32h750xx.o(.text)
    DMA1_Stream7_IRQHandler                  0x08000353   Thumb Code     0  startup_stm32h750xx.o(.text)
    DMA2D_IRQHandler                         0x08000353   Thumb Code     0  startup_stm32h750xx.o(.text)
    DMA2_Stream0_IRQHandler                  0x08000353   Thumb Code     0  startup_stm32h750xx.o(.text)
    DMA2_Stream1_IRQHandler                  0x08000353   Thumb Code     0  startup_stm32h750xx.o(.text)
    DMA2_Stream2_IRQHandler                  0x08000353   Thumb Code     0  startup_stm32h750xx.o(.text)
    DMA2_Stream3_IRQHandler                  0x08000353   Thumb Code     0  startup_stm32h750xx.o(.text)
    DMA2_Stream4_IRQHandler                  0x08000353   Thumb Code     0  startup_stm32h750xx.o(.text)
    DMA2_Stream5_IRQHandler                  0x08000353   Thumb Code     0  startup_stm32h750xx.o(.text)
    DMA2_Stream6_IRQHandler                  0x08000353   Thumb Code     0  startup_stm32h750xx.o(.text)
    DMA2_Stream7_IRQHandler                  0x08000353   Thumb Code     0  startup_stm32h750xx.o(.text)
    DMAMUX1_OVR_IRQHandler                   0x08000353   Thumb Code     0  startup_stm32h750xx.o(.text)
    DMAMUX2_OVR_IRQHandler                   0x08000353   Thumb Code     0  startup_stm32h750xx.o(.text)
    ECC_IRQHandler                           0x08000353   Thumb Code     0  startup_stm32h750xx.o(.text)
    ETH_IRQHandler                           0x08000353   Thumb Code     0  startup_stm32h750xx.o(.text)
    ETH_WKUP_IRQHandler                      0x08000353   Thumb Code     0  startup_stm32h750xx.o(.text)
    EXTI0_IRQHandler                         0x08000353   Thumb Code     0  startup_stm32h750xx.o(.text)
    EXTI1_IRQHandler                         0x08000353   Thumb Code     0  startup_stm32h750xx.o(.text)
    EXTI2_IRQHandler                         0x08000353   Thumb Code     0  startup_stm32h750xx.o(.text)
    EXTI3_IRQHandler                         0x08000353   Thumb Code     0  startup_stm32h750xx.o(.text)
    EXTI4_IRQHandler                         0x08000353   Thumb Code     0  startup_stm32h750xx.o(.text)
    EXTI9_5_IRQHandler                       0x08000353   Thumb Code     0  startup_stm32h750xx.o(.text)
    FDCAN1_IT0_IRQHandler                    0x08000353   Thumb Code     0  startup_stm32h750xx.o(.text)
    FDCAN1_IT1_IRQHandler                    0x08000353   Thumb Code     0  startup_stm32h750xx.o(.text)
    FDCAN2_IT0_IRQHandler                    0x08000353   Thumb Code     0  startup_stm32h750xx.o(.text)
    FDCAN2_IT1_IRQHandler                    0x08000353   Thumb Code     0  startup_stm32h750xx.o(.text)
    FDCAN_CAL_IRQHandler                     0x08000353   Thumb Code     0  startup_stm32h750xx.o(.text)
    FLASH_IRQHandler                         0x08000353   Thumb Code     0  startup_stm32h750xx.o(.text)
    FMC_IRQHandler                           0x08000353   Thumb Code     0  startup_stm32h750xx.o(.text)
    FPU_IRQHandler                           0x08000353   Thumb Code     0  startup_stm32h750xx.o(.text)
    HASH_RNG_IRQHandler                      0x08000353   Thumb Code     0  startup_stm32h750xx.o(.text)
    HRTIM1_FLT_IRQHandler                    0x08000353   Thumb Code     0  startup_stm32h750xx.o(.text)
    HRTIM1_Master_IRQHandler                 0x08000353   Thumb Code     0  startup_stm32h750xx.o(.text)
    HRTIM1_TIMA_IRQHandler                   0x08000353   Thumb Code     0  startup_stm32h750xx.o(.text)
    HRTIM1_TIMB_IRQHandler                   0x08000353   Thumb Code     0  startup_stm32h750xx.o(.text)
    HRTIM1_TIMC_IRQHandler                   0x08000353   Thumb Code     0  startup_stm32h750xx.o(.text)
    HRTIM1_TIMD_IRQHandler                   0x08000353   Thumb Code     0  startup_stm32h750xx.o(.text)
    HRTIM1_TIME_IRQHandler                   0x08000353   Thumb Code     0  startup_stm32h750xx.o(.text)
    HSEM1_IRQHandler                         0x08000353   Thumb Code     0  startup_stm32h750xx.o(.text)
    I2C1_ER_IRQHandler                       0x08000353   Thumb Code     0  startup_stm32h750xx.o(.text)
    I2C1_EV_IRQHandler                       0x08000353   Thumb Code     0  startup_stm32h750xx.o(.text)
    I2C2_ER_IRQHandler                       0x08000353   Thumb Code     0  startup_stm32h750xx.o(.text)
    I2C2_EV_IRQHandler                       0x08000353   Thumb Code     0  startup_stm32h750xx.o(.text)
    I2C3_ER_IRQHandler                       0x08000353   Thumb Code     0  startup_stm32h750xx.o(.text)
    I2C3_EV_IRQHandler                       0x08000353   Thumb Code     0  startup_stm32h750xx.o(.text)
    I2C4_ER_IRQHandler                       0x08000353   Thumb Code     0  startup_stm32h750xx.o(.text)
    I2C4_EV_IRQHandler                       0x08000353   Thumb Code     0  startup_stm32h750xx.o(.text)
    JPEG_IRQHandler                          0x08000353   Thumb Code     0  startup_stm32h750xx.o(.text)
    LPTIM1_IRQHandler                        0x08000353   Thumb Code     0  startup_stm32h750xx.o(.text)
    LPTIM2_IRQHandler                        0x08000353   Thumb Code     0  startup_stm32h750xx.o(.text)
    LPTIM3_IRQHandler                        0x08000353   Thumb Code     0  startup_stm32h750xx.o(.text)
    LPTIM4_IRQHandler                        0x08000353   Thumb Code     0  startup_stm32h750xx.o(.text)
    LPTIM5_IRQHandler                        0x08000353   Thumb Code     0  startup_stm32h750xx.o(.text)
    LPUART1_IRQHandler                       0x08000353   Thumb Code     0  startup_stm32h750xx.o(.text)
    LTDC_ER_IRQHandler                       0x08000353   Thumb Code     0  startup_stm32h750xx.o(.text)
    LTDC_IRQHandler                          0x08000353   Thumb Code     0  startup_stm32h750xx.o(.text)
    MDIOS_IRQHandler                         0x08000353   Thumb Code     0  startup_stm32h750xx.o(.text)
    MDIOS_WKUP_IRQHandler                    0x08000353   Thumb Code     0  startup_stm32h750xx.o(.text)
    MDMA_IRQHandler                          0x08000353   Thumb Code     0  startup_stm32h750xx.o(.text)
    OTG_FS_EP1_IN_IRQHandler                 0x08000353   Thumb Code     0  startup_stm32h750xx.o(.text)
    OTG_FS_EP1_OUT_IRQHandler                0x08000353   Thumb Code     0  startup_stm32h750xx.o(.text)
    OTG_FS_IRQHandler                        0x08000353   Thumb Code     0  startup_stm32h750xx.o(.text)
    OTG_FS_WKUP_IRQHandler                   0x08000353   Thumb Code     0  startup_stm32h750xx.o(.text)
    OTG_HS_EP1_IN_IRQHandler                 0x08000353   Thumb Code     0  startup_stm32h750xx.o(.text)
    OTG_HS_EP1_OUT_IRQHandler                0x08000353   Thumb Code     0  startup_stm32h750xx.o(.text)
    OTG_HS_IRQHandler                        0x08000353   Thumb Code     0  startup_stm32h750xx.o(.text)
    OTG_HS_WKUP_IRQHandler                   0x08000353   Thumb Code     0  startup_stm32h750xx.o(.text)
    PVD_AVD_IRQHandler                       0x08000353   Thumb Code     0  startup_stm32h750xx.o(.text)
    QUADSPI_IRQHandler                       0x08000353   Thumb Code     0  startup_stm32h750xx.o(.text)
    RCC_IRQHandler                           0x08000353   Thumb Code     0  startup_stm32h750xx.o(.text)
    RTC_Alarm_IRQHandler                     0x08000353   Thumb Code     0  startup_stm32h750xx.o(.text)
    RTC_WKUP_IRQHandler                      0x08000353   Thumb Code     0  startup_stm32h750xx.o(.text)
    SAI1_IRQHandler                          0x08000353   Thumb Code     0  startup_stm32h750xx.o(.text)
    SAI2_IRQHandler                          0x08000353   Thumb Code     0  startup_stm32h750xx.o(.text)
    SAI3_IRQHandler                          0x08000353   Thumb Code     0  startup_stm32h750xx.o(.text)
    SAI4_IRQHandler                          0x08000353   Thumb Code     0  startup_stm32h750xx.o(.text)
    SDMMC1_IRQHandler                        0x08000353   Thumb Code     0  startup_stm32h750xx.o(.text)
    SDMMC2_IRQHandler                        0x08000353   Thumb Code     0  startup_stm32h750xx.o(.text)
    SPDIF_RX_IRQHandler                      0x08000353   Thumb Code     0  startup_stm32h750xx.o(.text)
    SPI1_IRQHandler                          0x08000353   Thumb Code     0  startup_stm32h750xx.o(.text)
    SPI2_IRQHandler                          0x08000353   Thumb Code     0  startup_stm32h750xx.o(.text)
    SPI3_IRQHandler                          0x08000353   Thumb Code     0  startup_stm32h750xx.o(.text)
    SPI4_IRQHandler                          0x08000353   Thumb Code     0  startup_stm32h750xx.o(.text)
    SPI5_IRQHandler                          0x08000353   Thumb Code     0  startup_stm32h750xx.o(.text)
    SPI6_IRQHandler                          0x08000353   Thumb Code     0  startup_stm32h750xx.o(.text)
    SWPMI1_IRQHandler                        0x08000353   Thumb Code     0  startup_stm32h750xx.o(.text)
    TAMP_STAMP_IRQHandler                    0x08000353   Thumb Code     0  startup_stm32h750xx.o(.text)
    TIM15_IRQHandler                         0x08000353   Thumb Code     0  startup_stm32h750xx.o(.text)
    TIM16_IRQHandler                         0x08000353   Thumb Code     0  startup_stm32h750xx.o(.text)
    TIM17_IRQHandler                         0x08000353   Thumb Code     0  startup_stm32h750xx.o(.text)
    TIM1_BRK_IRQHandler                      0x08000353   Thumb Code     0  startup_stm32h750xx.o(.text)
    TIM1_CC_IRQHandler                       0x08000353   Thumb Code     0  startup_stm32h750xx.o(.text)
    TIM1_TRG_COM_IRQHandler                  0x08000353   Thumb Code     0  startup_stm32h750xx.o(.text)
    TIM1_UP_IRQHandler                       0x08000353   Thumb Code     0  startup_stm32h750xx.o(.text)
    TIM2_IRQHandler                          0x08000353   Thumb Code     0  startup_stm32h750xx.o(.text)
    TIM3_IRQHandler                          0x08000353   Thumb Code     0  startup_stm32h750xx.o(.text)
    TIM4_IRQHandler                          0x08000353   Thumb Code     0  startup_stm32h750xx.o(.text)
    TIM5_IRQHandler                          0x08000353   Thumb Code     0  startup_stm32h750xx.o(.text)
    TIM7_IRQHandler                          0x08000353   Thumb Code     0  startup_stm32h750xx.o(.text)
    TIM8_BRK_TIM12_IRQHandler                0x08000353   Thumb Code     0  startup_stm32h750xx.o(.text)
    TIM8_CC_IRQHandler                       0x08000353   Thumb Code     0  startup_stm32h750xx.o(.text)
    TIM8_TRG_COM_TIM14_IRQHandler            0x08000353   Thumb Code     0  startup_stm32h750xx.o(.text)
    TIM8_UP_TIM13_IRQHandler                 0x08000353   Thumb Code     0  startup_stm32h750xx.o(.text)
    UART4_IRQHandler                         0x08000353   Thumb Code     0  startup_stm32h750xx.o(.text)
    UART5_IRQHandler                         0x08000353   Thumb Code     0  startup_stm32h750xx.o(.text)
    USART1_IRQHandler                        0x08000353   Thumb Code     0  startup_stm32h750xx.o(.text)
    USART2_IRQHandler                        0x08000353   Thumb Code     0  startup_stm32h750xx.o(.text)
    USART3_IRQHandler                        0x08000353   Thumb Code     0  startup_stm32h750xx.o(.text)
    USART6_IRQHandler                        0x08000353   Thumb Code     0  startup_stm32h750xx.o(.text)
    WAKEUP_PIN_IRQHandler                    0x08000353   Thumb Code     0  startup_stm32h750xx.o(.text)
    WWDG_IRQHandler                          0x08000353   Thumb Code     0  startup_stm32h750xx.o(.text)
    __user_initial_stackheap                 0x08000355   Thumb Code     0  startup_stm32h750xx.o(.text)
    __aeabi_uldivmod                         0x08000379   Thumb Code     0  lludivv7m.o(.text)
    _ll_udiv                                 0x08000379   Thumb Code   238  lludivv7m.o(.text)
    __aeabi_memclr4                          0x08000467   Thumb Code     0  rt_memclr_w.o(.text)
    __aeabi_memclr8                          0x08000467   Thumb Code     0  rt_memclr_w.o(.text)
    __rt_memclr_w                            0x08000467   Thumb Code    78  rt_memclr_w.o(.text)
    _memset_w                                0x0800046b   Thumb Code     0  rt_memclr_w.o(.text)
    __use_two_region_memory                  0x080004b5   Thumb Code     2  heapauxi.o(.text)
    __rt_heap_escrow$2region                 0x080004b7   Thumb Code     2  heapauxi.o(.text)
    __rt_heap_expand$2region                 0x080004b9   Thumb Code     2  heapauxi.o(.text)
    __read_errno                             0x080004bb   Thumb Code    10  _rserrno.o(.text)
    __set_errno                              0x080004c5   Thumb Code    12  _rserrno.o(.text)
    __aeabi_errno_addr                       0x080004d1   Thumb Code     8  rt_errno_addr_intlibspace.o(.text)
    __errno$intlibspace                      0x080004d1   Thumb Code     0  rt_errno_addr_intlibspace.o(.text)
    __rt_errno_addr$intlibspace              0x080004d1   Thumb Code     0  rt_errno_addr_intlibspace.o(.text)
    __user_libspace                          0x080004d9   Thumb Code     8  libspace.o(.text)
    __user_perproc_libspace                  0x080004d9   Thumb Code     0  libspace.o(.text)
    __user_perthread_libspace                0x080004d9   Thumb Code     0  libspace.o(.text)
    __user_setup_stackheap                   0x080004e1   Thumb Code    74  sys_stackheap_outer.o(.text)
    exit                                     0x0800052b   Thumb Code    18  exit.o(.text)
    _sys_exit                                0x0800053d   Thumb Code     8  sys_exit.o(.text)
    __I$use$semihosting                      0x08000549   Thumb Code     0  use_no_semi.o(.text)
    __use_no_semihosting_swi                 0x08000549   Thumb Code     2  use_no_semi.o(.text)
    BusFault_Handler                         0x0800054b   Thumb Code     2  stm32h7xx_it.o(i.BusFault_Handler)
    __semihosting_library_function           0x0800054b   Thumb Code     0  indicate_semi.o(.text)
    DMA1_Stream0_IRQHandler                  0x0800054d   Thumb Code     6  stm32h7xx_it.o(i.DMA1_Stream0_IRQHandler)
    DMA1_Stream1_IRQHandler                  0x08000559   Thumb Code     6  stm32h7xx_it.o(i.DMA1_Stream1_IRQHandler)
    DMA1_Stream2_IRQHandler                  0x08000565   Thumb Code     6  stm32h7xx_it.o(i.DMA1_Stream2_IRQHandler)
    DMA1_Stream3_IRQHandler                  0x08000571   Thumb Code     6  stm32h7xx_it.o(i.DMA1_Stream3_IRQHandler)
    DebugMon_Handler                         0x08000a0d   Thumb Code     2  stm32h7xx_it.o(i.DebugMon_Handler)
    EXTI15_10_IRQHandler                     0x08000a0f   Thumb Code     8  stm32h7xx_it.o(i.EXTI15_10_IRQHandler)
    Error_Handler                            0x08000a17   Thumb Code     4  main.o(i.Error_Handler)
    Get_MPU6050_Data                         0x08000a1d   Thumb Code    40  mpu6050.o(i.Get_MPU6050_Data)
    HAL_DMA_Abort                            0x08000a49   Thumb Code   880  stm32h7xx_hal_dma.o(i.HAL_DMA_Abort)
    HAL_DMA_Abort_IT                         0x08000dc5   Thumb Code   674  stm32h7xx_hal_dma.o(i.HAL_DMA_Abort_IT)
    HAL_DMA_IRQHandler                       0x08001075   Thumb Code  1948  stm32h7xx_hal_dma.o(i.HAL_DMA_IRQHandler)
    HAL_DMA_Init                             0x0800181d   Thumb Code   994  stm32h7xx_hal_dma.o(i.HAL_DMA_Init)
    HAL_DMA_Start_IT                         0x08001c19   Thumb Code   734  stm32h7xx_hal_dma.o(i.HAL_DMA_Start_IT)
    HAL_Delay                                0x08001f05   Thumb Code    32  stm32h7xx_hal.o(i.HAL_Delay)
    HAL_GPIO_EXTI_Callback                   0x08001f29   Thumb Code    20  mpu6050.o(i.HAL_GPIO_EXTI_Callback)
    HAL_GPIO_EXTI_IRQHandler                 0x08001f41   Thumb Code    24  stm32h7xx_hal_gpio.o(i.HAL_GPIO_EXTI_IRQHandler)
    HAL_GPIO_Init                            0x08001f59   Thumb Code   498  stm32h7xx_hal_gpio.o(i.HAL_GPIO_Init)
    HAL_GPIO_ReadPin                         0x0800217d   Thumb Code    14  stm32h7xx_hal_gpio.o(i.HAL_GPIO_ReadPin)
    HAL_GPIO_WritePin                        0x0800218b   Thumb Code    14  stm32h7xx_hal_gpio.o(i.HAL_GPIO_WritePin)
    HAL_GetREVID                             0x08002199   Thumb Code     8  stm32h7xx_hal.o(i.HAL_GetREVID)
    HAL_GetTick                              0x080021a5   Thumb Code     6  stm32h7xx_hal.o(i.HAL_GetTick)
    HAL_IncTick                              0x080021b1   Thumb Code    12  stm32h7xx_hal.o(i.HAL_IncTick)
    HAL_Init                                 0x080021c1   Thumb Code    74  stm32h7xx_hal.o(i.HAL_Init)
    HAL_InitTick                             0x0800221d   Thumb Code    66  stm32h7xx_hal.o(i.HAL_InitTick)
    HAL_MspInit                              0x08002269   Thumb Code    22  stm32h7xx_hal_msp.o(i.HAL_MspInit)
    HAL_NVIC_DisableIRQ                      0x08002285   Thumb Code    34  stm32h7xx_hal_cortex.o(i.HAL_NVIC_DisableIRQ)
    HAL_NVIC_EnableIRQ                       0x080022a7   Thumb Code    26  stm32h7xx_hal_cortex.o(i.HAL_NVIC_EnableIRQ)
    HAL_NVIC_SetPriority                     0x080022c1   Thumb Code    60  stm32h7xx_hal_cortex.o(i.HAL_NVIC_SetPriority)
    HAL_NVIC_SetPriorityGrouping             0x08002301   Thumb Code    26  stm32h7xx_hal_cortex.o(i.HAL_NVIC_SetPriorityGrouping)
    HAL_PWREx_ConfigSupply                   0x08002325   Thumb Code    82  stm32h7xx_hal_pwr_ex.o(i.HAL_PWREx_ConfigSupply)
    HAL_RCCEx_GetD3PCLK1Freq                 0x0800237d   Thumb Code    26  stm32h7xx_hal_rcc_ex.o(i.HAL_RCCEx_GetD3PCLK1Freq)
    HAL_RCCEx_GetPLL2ClockFreq               0x080023a1   Thumb Code   424  stm32h7xx_hal_rcc_ex.o(i.HAL_RCCEx_GetPLL2ClockFreq)
    HAL_RCCEx_GetPLL3ClockFreq               0x08002561   Thumb Code   424  stm32h7xx_hal_rcc_ex.o(i.HAL_RCCEx_GetPLL3ClockFreq)
    HAL_RCCEx_PeriphCLKConfig                0x08002721   Thumb Code  2558  stm32h7xx_hal_rcc_ex.o(i.HAL_RCCEx_PeriphCLKConfig)
    HAL_RCC_ClockConfig                      0x08003125   Thumb Code   604  stm32h7xx_hal_rcc.o(i.HAL_RCC_ClockConfig)
    HAL_RCC_GetHCLKFreq                      0x080033a1   Thumb Code    52  stm32h7xx_hal_rcc.o(i.HAL_RCC_GetHCLKFreq)
    HAL_RCC_GetPCLK1Freq                     0x080033e5   Thumb Code    26  stm32h7xx_hal_rcc.o(i.HAL_RCC_GetPCLK1Freq)
    HAL_RCC_GetPCLK2Freq                     0x08003409   Thumb Code    26  stm32h7xx_hal_rcc.o(i.HAL_RCC_GetPCLK2Freq)
    HAL_RCC_GetSysClockFreq                  0x0800342d   Thumb Code   402  stm32h7xx_hal_rcc.o(i.HAL_RCC_GetSysClockFreq)
    HAL_RCC_OscConfig                        0x080035e1   Thumb Code  1664  stm32h7xx_hal_rcc.o(i.HAL_RCC_OscConfig)
    HAL_SYSTICK_Config                       0x08003c65   Thumb Code    40  stm32h7xx_hal_cortex.o(i.HAL_SYSTICK_Config)
    HAL_TIMEx_Break2Callback                 0x08003c8d   Thumb Code     2  stm32h7xx_hal_tim_ex.o(i.HAL_TIMEx_Break2Callback)
    HAL_TIMEx_BreakCallback                  0x08003c8f   Thumb Code     2  stm32h7xx_hal_tim_ex.o(i.HAL_TIMEx_BreakCallback)
    HAL_TIMEx_CommutCallback                 0x08003c91   Thumb Code     2  stm32h7xx_hal_tim_ex.o(i.HAL_TIMEx_CommutCallback)
    HAL_TIMEx_ConfigBreakDeadTime            0x08003c95   Thumb Code   132  stm32h7xx_hal_tim_ex.o(i.HAL_TIMEx_ConfigBreakDeadTime)
    HAL_TIMEx_MasterConfigSynchronization    0x08003d21   Thumb Code   132  stm32h7xx_hal_tim_ex.o(i.HAL_TIMEx_MasterConfigSynchronization)
    HAL_TIM_Base_Init                        0x08003dc1   Thumb Code    78  stm32h7xx_hal_tim.o(i.HAL_TIM_Base_Init)
    HAL_TIM_Base_MspInit                     0x08003e11   Thumb Code    76  tim.o(i.HAL_TIM_Base_MspInit)
    HAL_TIM_Base_Start_IT                    0x08003e69   Thumb Code   116  stm32h7xx_hal_tim.o(i.HAL_TIM_Base_Start_IT)
    HAL_TIM_ConfigClockSource                0x08003efd   Thumb Code   260  stm32h7xx_hal_tim.o(i.HAL_TIM_ConfigClockSource)
    HAL_TIM_Encoder_Init                     0x08004005   Thumb Code   178  stm32h7xx_hal_tim.o(i.HAL_TIM_Encoder_Init)
    HAL_TIM_Encoder_MspInit                  0x080040bd   Thumb Code   146  tim.o(i.HAL_TIM_Encoder_MspInit)
    HAL_TIM_Encoder_Start                    0x08004161   Thumb Code   168  stm32h7xx_hal_tim.o(i.HAL_TIM_Encoder_Start)
    HAL_TIM_IC_CaptureCallback               0x08004209   Thumb Code     2  stm32h7xx_hal_tim.o(i.HAL_TIM_IC_CaptureCallback)
    HAL_TIM_IRQHandler                       0x0800420b   Thumb Code   338  stm32h7xx_hal_tim.o(i.HAL_TIM_IRQHandler)
    HAL_TIM_MspPostInit                      0x0800435d   Thumb Code    72  tim.o(i.HAL_TIM_MspPostInit)
    HAL_TIM_OC_DelayElapsedCallback          0x080043b1   Thumb Code     2  stm32h7xx_hal_tim.o(i.HAL_TIM_OC_DelayElapsedCallback)
    HAL_TIM_PWM_ConfigChannel                0x080043b3   Thumb Code   310  stm32h7xx_hal_tim.o(i.HAL_TIM_PWM_ConfigChannel)
    HAL_TIM_PWM_Init                         0x080044e9   Thumb Code    78  stm32h7xx_hal_tim.o(i.HAL_TIM_PWM_Init)
    HAL_TIM_PWM_MspInit                      0x08004537   Thumb Code     2  stm32h7xx_hal_tim.o(i.HAL_TIM_PWM_MspInit)
    HAL_TIM_PWM_PulseFinishedCallback        0x08004539   Thumb Code     2  stm32h7xx_hal_tim.o(i.HAL_TIM_PWM_PulseFinishedCallback)
    HAL_TIM_PWM_Start                        0x0800453d   Thumb Code   254  stm32h7xx_hal_tim.o(i.HAL_TIM_PWM_Start)
    HAL_TIM_PeriodElapsedCallback            0x08004665   Thumb Code    58  bsp_timer.o(i.HAL_TIM_PeriodElapsedCallback)
    HAL_TIM_TriggerCallback                  0x080046a9   Thumb Code     2  stm32h7xx_hal_tim.o(i.HAL_TIM_TriggerCallback)
    HAL_UARTEx_DisableFifoMode               0x080046ab   Thumb Code    62  stm32h7xx_hal_uart_ex.o(i.HAL_UARTEx_DisableFifoMode)
    HAL_UARTEx_ReceiveToIdle_DMA             0x080046e9   Thumb Code    82  stm32h7xx_hal_uart_ex.o(i.HAL_UARTEx_ReceiveToIdle_DMA)
    HAL_UARTEx_RxEventCallback               0x0800473d   Thumb Code   122  bsp_usart.o(i.HAL_UARTEx_RxEventCallback)
    HAL_UARTEx_RxFifoFullCallback            0x080047d1   Thumb Code     2  stm32h7xx_hal_uart_ex.o(i.HAL_UARTEx_RxFifoFullCallback)
    HAL_UARTEx_SetRxFifoThreshold            0x080047d3   Thumb Code    76  stm32h7xx_hal_uart_ex.o(i.HAL_UARTEx_SetRxFifoThreshold)
    HAL_UARTEx_SetTxFifoThreshold            0x0800481f   Thumb Code    76  stm32h7xx_hal_uart_ex.o(i.HAL_UARTEx_SetTxFifoThreshold)
    HAL_UARTEx_TxFifoEmptyCallback           0x0800486b   Thumb Code     2  stm32h7xx_hal_uart_ex.o(i.HAL_UARTEx_TxFifoEmptyCallback)
    HAL_UARTEx_WakeupCallback                0x0800486d   Thumb Code     2  stm32h7xx_hal_uart_ex.o(i.HAL_UARTEx_WakeupCallback)
    HAL_UART_ErrorCallback                   0x08004871   Thumb Code    56  bsp_usart.o(i.HAL_UART_ErrorCallback)
    HAL_UART_IRQHandler                      0x080048b5   Thumb Code   920  stm32h7xx_hal_uart.o(i.HAL_UART_IRQHandler)
    HAL_UART_Init                            0x08004c61   Thumb Code   112  stm32h7xx_hal_uart.o(i.HAL_UART_Init)
    HAL_UART_MspInit                         0x08004cd1   Thumb Code   454  usart.o(i.HAL_UART_MspInit)
    HAL_UART_RxCpltCallback                  0x08004eb5   Thumb Code     2  stm32h7xx_hal_uart.o(i.HAL_UART_RxCpltCallback)
    HAL_UART_RxHalfCpltCallback              0x08004eb7   Thumb Code     2  stm32h7xx_hal_uart.o(i.HAL_UART_RxHalfCpltCallback)
    HAL_UART_TxCpltCallback                  0x08004eb9   Thumb Code     2  stm32h7xx_hal_uart.o(i.HAL_UART_TxCpltCallback)
    HardFault_Handler                        0x08004ebb   Thumb Code     2  stm32h7xx_it.o(i.HardFault_Handler)
    MX_DMA_Init                              0x08004ebd   Thumb Code    88  dma.o(i.MX_DMA_Init)
    MX_GPIO_Init                             0x08004f19   Thumb Code   328  gpio.o(i.MX_GPIO_Init)
    MX_TIM1_Init                             0x08005075   Thumb Code   222  tim.o(i.MX_TIM1_Init)
    MX_TIM3_Init                             0x0800515d   Thumb Code   102  tim.o(i.MX_TIM3_Init)
    MX_TIM5_Init                             0x080051cd   Thumb Code   102  tim.o(i.MX_TIM5_Init)
    MX_TIM6_Init                             0x0800523d   Thumb Code    64  tim.o(i.MX_TIM6_Init)
    MX_UART7_Init                            0x08005285   Thumb Code    94  usart.o(i.MX_UART7_Init)
    MX_UART8_Init                            0x080052ed   Thumb Code    94  usart.o(i.MX_UART8_Init)
    MemManage_Handler                        0x08005355   Thumb Code     2  stm32h7xx_it.o(i.MemManage_Handler)
    NMI_Handler                              0x08005357   Thumb Code     2  stm32h7xx_it.o(i.NMI_Handler)
    PendSV_Handler                           0x08005359   Thumb Code     2  stm32h7xx_it.o(i.PendSV_Handler)
    SVC_Handler                              0x080055a5   Thumb Code     2  stm32h7xx_it.o(i.SVC_Handler)
    SysTick_Handler                          0x080055a7   Thumb Code     4  stm32h7xx_it.o(i.SysTick_Handler)
    SystemClock_Config                       0x080055ad   Thumb Code   160  main.o(i.SystemClock_Config)
    SystemInit                               0x08005655   Thumb Code   178  system_stm32h7xx.o(i.SystemInit)
    TIM6_DAC_IRQHandler                      0x08005731   Thumb Code     6  stm32h7xx_it.o(i.TIM6_DAC_IRQHandler)
    TIM_Base_SetConfig                       0x0800573d   Thumb Code   168  stm32h7xx_hal_tim.o(i.TIM_Base_SetConfig)
    TIM_CCxChannelCmd                        0x08005805   Thumb Code    26  stm32h7xx_hal_tim.o(i.TIM_CCxChannelCmd)
    TIM_ETR_SetConfig                        0x0800581f   Thumb Code    20  stm32h7xx_hal_tim.o(i.TIM_ETR_SetConfig)
    TIM_OC2_SetConfig                        0x080058e9   Thumb Code   124  stm32h7xx_hal_tim.o(i.TIM_OC2_SetConfig)
    UART7_IRQHandler                         0x08005bad   Thumb Code     6  stm32h7xx_it.o(i.UART7_IRQHandler)
    UART8_IRQHandler                         0x08005bb9   Thumb Code     6  stm32h7xx_it.o(i.UART8_IRQHandler)
    UART_AdvFeatureConfig                    0x08005c0d   Thumb Code   200  stm32h7xx_hal_uart.o(i.UART_AdvFeatureConfig)
    UART_CheckIdleState                      0x08005cd5   Thumb Code   170  stm32h7xx_hal_uart.o(i.UART_CheckIdleState)
    UART_SetConfig                           0x08005f2d   Thumb Code  1168  stm32h7xx_hal_uart.o(i.UART_SetConfig)
    UART_Start_Receive_DMA                   0x080063bd   Thumb Code   152  stm32h7xx_hal_uart.o(i.UART_Start_Receive_DMA)
    UART_WaitOnFlagUntilTimeout              0x08006461   Thumb Code   152  stm32h7xx_hal_uart.o(i.UART_WaitOnFlagUntilTimeout)
    UsageFault_Handler                       0x080064f9   Thumb Code     2  stm32h7xx_it.o(i.UsageFault_Handler)
    __ARM_fpclassify                         0x080064fb   Thumb Code    48  fpclassify.o(i.__ARM_fpclassify)
    __hardfp_asin                            0x08006551   Thumb Code   432  asin.o(i.__hardfp_asin)
    __hardfp_atan                            0x08006759   Thumb Code   402  atan.o(i.__hardfp_atan)
    __hardfp_atan2                           0x08006959   Thumb Code   392  atan2.o(i.__hardfp_atan2)
    __kernel_poly                            0x08006b21   Thumb Code   112  poly.o(i.__kernel_poly)
    __mathlib_dbl_infnan                     0x08006b91   Thumb Code     6  dunder.o(i.__mathlib_dbl_infnan)
    __mathlib_dbl_infnan2                    0x08006b97   Thumb Code     6  dunder.o(i.__mathlib_dbl_infnan2)
    __mathlib_dbl_invalid                    0x08006ba1   Thumb Code    10  dunder.o(i.__mathlib_dbl_invalid)
    __mathlib_dbl_underflow                  0x08006bb9   Thumb Code    10  dunder.o(i.__mathlib_dbl_underflow)
    atan                                     0x08006bd1   Thumb Code    16  atan.o(i.atan)
    atk_ms6050_dmp_get_data                  0x08006be1   Thumb Code   266  inv_mpu.o(i.atk_ms6050_dmp_get_data)
    atk_ms6050_get_accelerometer             0x08006cf9   Thumb Code    68  atk_ms6050.o(i.atk_ms6050_get_accelerometer)
    atk_ms6050_get_clock_ms                  0x08006d3d   Thumb Code    22  inv_mpu.o(i.atk_ms6050_get_clock_ms)
    atk_ms6050_get_gyroscope                 0x08006d53   Thumb Code    68  atk_ms6050.o(i.atk_ms6050_get_gyroscope)
    atk_ms6050_iic_ack                       0x08006d99   Thumb Code    78  atk_ms6050_iic.o(i.atk_ms6050_iic_ack)
    atk_ms6050_iic_nack                      0x08006ded   Thumb Code    58  atk_ms6050_iic.o(i.atk_ms6050_iic_nack)
    atk_ms6050_iic_read_byte                 0x08006e2d   Thumb Code   100  atk_ms6050_iic.o(i.atk_ms6050_iic_read_byte)
    atk_ms6050_iic_send_byte                 0x08006e95   Thumb Code   102  atk_ms6050_iic.o(i.atk_ms6050_iic_send_byte)
    atk_ms6050_iic_start                     0x08006f01   Thumb Code    70  atk_ms6050_iic.o(i.atk_ms6050_iic_start)
    atk_ms6050_iic_stop                      0x08006f4d   Thumb Code    60  atk_ms6050_iic.o(i.atk_ms6050_iic_stop)
    atk_ms6050_iic_wait_ack                  0x08006f8d   Thumb Code   100  atk_ms6050_iic.o(i.atk_ms6050_iic_wait_ack)
    atk_ms6050_read                          0x08006ff5   Thumb Code   132  atk_ms6050.o(i.atk_ms6050_read)
    atk_ms6050_write                         0x08007079   Thumb Code   106  atk_ms6050.o(i.atk_ms6050_write)
    bsp_set_gpio_high                        0x080070e3   Thumb Code     6  bsp_gpio.o(i.bsp_set_gpio_high)
    bsp_set_gpio_low                         0x080070e9   Thumb Code     6  bsp_gpio.o(i.bsp_set_gpio_low)
    bsp_set_timer_compare                    0x080070f1   Thumb Code    20  bsp_timer.o(i.bsp_set_timer_compare)
    bsp_timer_init                           0x08007109   Thumb Code    44  bsp_timer.o(i.bsp_timer_init)
    bsp_usart_init                           0x08007145   Thumb Code    28  bsp_usart.o(i.bsp_usart_init)
    dc_motor_on                              0x0800716d   Thumb Code    80  dc_motor.o(i.dc_motor_on)
    delay_us                                 0x080071f9   Thumb Code    50  delay.o(i.delay_us)
    dmp_read_fifo                            0x08007231   Thumb Code   384  inv_mpu_dmp_motion_driver.o(i.dmp_read_fifo)
    fabs                                     0x080073b5   Thumb Code    24  fabs.o(i.fabs)
    get_g_time_flag_addr                     0x080073cd   Thumb Code     4  bsp_timer.o(i.get_g_time_flag_addr)
    main                                     0x080073d5   Thumb Code   128  main.o(i.main)
    mpu_read_fifo_stream                     0x08007465   Thumb Code   166  inv_mpu.o(i.mpu_read_fifo_stream)
    mpu_reset_fifo                           0x08007511   Thumb Code   360  inv_mpu.o(i.mpu_reset_fifo)
    pid_get_speed_controller                 0x0800767d   Thumb Code     4  pid.o(i.pid_get_speed_controller)
    pid_init                                 0x08007685   Thumb Code    56  pid.o(i.pid_init)
    set_back_gpio                            0x080076c1   Thumb Code    46  dc_motor.o(i.set_back_gpio)
    set_forward_gpio                         0x080076f9   Thumb Code    46  dc_motor.o(i.set_forward_gpio)
    sqrt                                     0x08007731   Thumb Code   106  sqrt.o(i.sqrt)
    _fp_init                                 0x0800779b   Thumb Code    10  fpinit.o(x$fpl$fpinit)
    __fplib_config_fpu_vfp                   0x080077a3   Thumb Code     0  fpinit.o(x$fpl$fpinit)
    __fplib_config_pureend_doubles           0x080077a3   Thumb Code     0  fpinit.o(x$fpl$fpinit)
    __I$use$fp                               0x080077a4   Number         0  usenofp.o(x$fpl$usenofp)
    UARTPrescTable                           0x080077ac   Data          24  stm32h7xx_hal_uart.o(.constdata)
    D1CorePrescTable                         0x080077d4   Data          16  system_stm32h7xx.o(.constdata)
    reg                                      0x080077e4   Data          27  inv_mpu.o(.constdata)
    hw                                       0x08007800   Data          12  inv_mpu.o(.constdata)
    test                                     0x0800780c   Data          40  inv_mpu.o(.constdata)
    __mathlib_zero                           0x08007920   Data           8  qnan.o(.constdata)
    Region$$Table$$Base                      0x08007928   Number         0  anon$$obj.o(Region$$Table)
    Region$$Table$$Limit                     0x08007948   Number         0  anon$$obj.o(Region$$Table)
    g_time_flag                              0x24000000   Data           8  bsp_timer.o(.data)
    Yaw_atk901                               0x24000008   Data           4  bsp_usart.o(.data)
    acc_x                                    0x2400000c   Data           2  mpu6050.o(.data)
    acc_y                                    0x2400000e   Data           2  mpu6050.o(.data)
    acc_z                                    0x24000010   Data           2  mpu6050.o(.data)
    gyr_x                                    0x24000012   Data           2  mpu6050.o(.data)
    gyr_y                                    0x24000014   Data           2  mpu6050.o(.data)
    gyr_z                                    0x24000016   Data           2  mpu6050.o(.data)
    Pitch                                    0x24000018   Data           4  mpu6050.o(.data)
    Roll                                     0x2400001c   Data           4  mpu6050.o(.data)
    Yaw                                      0x24000020   Data           4  mpu6050.o(.data)
    uwTickFreq                               0x24000024   Data           1  stm32h7xx_hal.o(.data)
    uwTickPrio                               0x24000028   Data           4  stm32h7xx_hal.o(.data)
    uwTick                                   0x2400002c   Data           4  stm32h7xx_hal.o(.data)
    SystemCoreClock                          0x24000030   Data           4  system_stm32h7xx.o(.data)
    SystemD2Clock                            0x24000034   Data           4  system_stm32h7xx.o(.data)
    htim1                                    0x24000074   Data          76  tim.o(.bss)
    htim3                                    0x240000c0   Data          76  tim.o(.bss)
    htim5                                    0x2400010c   Data          76  tim.o(.bss)
    htim6                                    0x24000158   Data          76  tim.o(.bss)
    huart7                                   0x240001a4   Data         148  usart.o(.bss)
    huart8                                   0x24000238   Data         148  usart.o(.bss)
    hdma_uart7_rx                            0x240002cc   Data         120  usart.o(.bss)
    hdma_uart7_tx                            0x24000344   Data         120  usart.o(.bss)
    hdma_uart8_tx                            0x240003bc   Data         120  usart.o(.bss)
    hdma_uart8_rx                            0x24000434   Data         120  usart.o(.bss)
    s_rx_buf_u8                              0x240004ac   Data          64  bsp_usart.o(.bss)
    s_rx_buf_u7                              0x240004ec   Data          64  bsp_usart.o(.bss)
    g_pid_forward                            0x24000658   Data          52  pid.o(.bss)
    __libspace_start                         0x2400069c   Data          96  libspace.o(.bss)
    __temporary_stack_top$libspace           0x240006fc   Data           0  libspace.o(.bss)



==============================================================================

Memory Map of the image

  Image Entry point : 0x08000299

  Load Region LR_IROM1 (Base: 0x08000000, Size: 0x000079bc, Max: 0x00020000, ABSOLUTE)

    Execution Region ER_IROM1 (Exec base: 0x08000000, Load base: 0x08000000, Size: 0x00007948, Max: 0x00020000, ABSOLUTE)

    Exec Addr    Load Addr    Size         Type   Attr      Idx    E Section Name        Object

    0x08000000   0x08000000   0x00000298   Data   RO            3    RESET               startup_stm32h750xx.o
    0x08000298   0x08000298   0x00000008   Code   RO         5820  * !!!main             c_w.l(__main.o)
    0x080002a0   0x080002a0   0x00000034   Code   RO         6239    !!!scatter          c_w.l(__scatter.o)
    0x080002d4   0x080002d4   0x0000001a   Code   RO         6241    !!handler_copy      c_w.l(__scatter_copy.o)
    0x080002ee   0x080002ee   0x00000002   PAD
    0x080002f0   0x080002f0   0x0000001c   Code   RO         6243    !!handler_zi        c_w.l(__scatter_zi.o)
    0x0800030c   0x0800030c   0x00000002   Code   RO         6103    .ARM.Collect$$libinit$$00000000  c_w.l(libinit.o)
    0x0800030e   0x0800030e   0x00000004   Code   RO         6119    .ARM.Collect$$libinit$$00000001  c_w.l(libinit2.o)
    0x08000312   0x08000312   0x00000000   Code   RO         6122    .ARM.Collect$$libinit$$00000004  c_w.l(libinit2.o)
    0x08000312   0x08000312   0x00000000   Code   RO         6125    .ARM.Collect$$libinit$$0000000A  c_w.l(libinit2.o)
    0x08000312   0x08000312   0x00000000   Code   RO         6127    .ARM.Collect$$libinit$$0000000C  c_w.l(libinit2.o)
    0x08000312   0x08000312   0x00000000   Code   RO         6129    .ARM.Collect$$libinit$$0000000E  c_w.l(libinit2.o)
    0x08000312   0x08000312   0x00000000   Code   RO         6132    .ARM.Collect$$libinit$$00000011  c_w.l(libinit2.o)
    0x08000312   0x08000312   0x00000000   Code   RO         6134    .ARM.Collect$$libinit$$00000013  c_w.l(libinit2.o)
    0x08000312   0x08000312   0x00000000   Code   RO         6136    .ARM.Collect$$libinit$$00000015  c_w.l(libinit2.o)
    0x08000312   0x08000312   0x00000000   Code   RO         6138    .ARM.Collect$$libinit$$00000017  c_w.l(libinit2.o)
    0x08000312   0x08000312   0x00000000   Code   RO         6140    .ARM.Collect$$libinit$$00000019  c_w.l(libinit2.o)
    0x08000312   0x08000312   0x00000000   Code   RO         6142    .ARM.Collect$$libinit$$0000001B  c_w.l(libinit2.o)
    0x08000312   0x08000312   0x00000000   Code   RO         6144    .ARM.Collect$$libinit$$0000001D  c_w.l(libinit2.o)
    0x08000312   0x08000312   0x00000000   Code   RO         6146    .ARM.Collect$$libinit$$0000001F  c_w.l(libinit2.o)
    0x08000312   0x08000312   0x00000000   Code   RO         6148    .ARM.Collect$$libinit$$00000021  c_w.l(libinit2.o)
    0x08000312   0x08000312   0x00000000   Code   RO         6150    .ARM.Collect$$libinit$$00000023  c_w.l(libinit2.o)
    0x08000312   0x08000312   0x00000000   Code   RO         6152    .ARM.Collect$$libinit$$00000025  c_w.l(libinit2.o)
    0x08000312   0x08000312   0x00000000   Code   RO         6156    .ARM.Collect$$libinit$$0000002C  c_w.l(libinit2.o)
    0x08000312   0x08000312   0x00000000   Code   RO         6158    .ARM.Collect$$libinit$$0000002E  c_w.l(libinit2.o)
    0x08000312   0x08000312   0x00000000   Code   RO         6160    .ARM.Collect$$libinit$$00000030  c_w.l(libinit2.o)
    0x08000312   0x08000312   0x00000000   Code   RO         6162    .ARM.Collect$$libinit$$00000032  c_w.l(libinit2.o)
    0x08000312   0x08000312   0x00000002   Code   RO         6163    .ARM.Collect$$libinit$$00000033  c_w.l(libinit2.o)
    0x08000314   0x08000314   0x00000002   Code   RO         6194    .ARM.Collect$$libshutdown$$00000000  c_w.l(libshutdown.o)
    0x08000316   0x08000316   0x00000000   Code   RO         6220    .ARM.Collect$$libshutdown$$00000002  c_w.l(libshutdown2.o)
    0x08000316   0x08000316   0x00000000   Code   RO         6222    .ARM.Collect$$libshutdown$$00000004  c_w.l(libshutdown2.o)
    0x08000316   0x08000316   0x00000000   Code   RO         6224    .ARM.Collect$$libshutdown$$00000006  c_w.l(libshutdown2.o)
    0x08000316   0x08000316   0x00000000   Code   RO         6227    .ARM.Collect$$libshutdown$$00000009  c_w.l(libshutdown2.o)
    0x08000316   0x08000316   0x00000000   Code   RO         6230    .ARM.Collect$$libshutdown$$0000000C  c_w.l(libshutdown2.o)
    0x08000316   0x08000316   0x00000000   Code   RO         6232    .ARM.Collect$$libshutdown$$0000000E  c_w.l(libshutdown2.o)
    0x08000316   0x08000316   0x00000000   Code   RO         6235    .ARM.Collect$$libshutdown$$00000011  c_w.l(libshutdown2.o)
    0x08000316   0x08000316   0x00000002   Code   RO         6236    .ARM.Collect$$libshutdown$$00000012  c_w.l(libshutdown2.o)
    0x08000318   0x08000318   0x00000000   Code   RO         5848    .ARM.Collect$$rtentry$$00000000  c_w.l(__rtentry.o)
    0x08000318   0x08000318   0x00000000   Code   RO         6011    .ARM.Collect$$rtentry$$00000002  c_w.l(__rtentry2.o)
    0x08000318   0x08000318   0x00000006   Code   RO         6023    .ARM.Collect$$rtentry$$00000004  c_w.l(__rtentry4.o)
    0x0800031e   0x0800031e   0x00000000   Code   RO         6013    .ARM.Collect$$rtentry$$00000009  c_w.l(__rtentry2.o)
    0x0800031e   0x0800031e   0x00000004   Code   RO         6014    .ARM.Collect$$rtentry$$0000000A  c_w.l(__rtentry2.o)
    0x08000322   0x08000322   0x00000000   Code   RO         6016    .ARM.Collect$$rtentry$$0000000C  c_w.l(__rtentry2.o)
    0x08000322   0x08000322   0x00000008   Code   RO         6017    .ARM.Collect$$rtentry$$0000000D  c_w.l(__rtentry2.o)
    0x0800032a   0x0800032a   0x00000002   Code   RO         6106    .ARM.Collect$$rtexit$$00000000  c_w.l(rtexit.o)
    0x0800032c   0x0800032c   0x00000000   Code   RO         6167    .ARM.Collect$$rtexit$$00000002  c_w.l(rtexit2.o)
    0x0800032c   0x0800032c   0x00000004   Code   RO         6168    .ARM.Collect$$rtexit$$00000003  c_w.l(rtexit2.o)
    0x08000330   0x08000330   0x00000006   Code   RO         6169    .ARM.Collect$$rtexit$$00000004  c_w.l(rtexit2.o)
    0x08000336   0x08000336   0x00000002   PAD
    0x08000338   0x08000338   0x00000040   Code   RO            4    .text               startup_stm32h750xx.o
    0x08000378   0x08000378   0x000000ee   Code   RO         5806    .text               c_w.l(lludivv7m.o)
    0x08000466   0x08000466   0x0000004e   Code   RO         5816    .text               c_w.l(rt_memclr_w.o)
    0x080004b4   0x080004b4   0x00000006   Code   RO         5818    .text               c_w.l(heapauxi.o)
    0x080004ba   0x080004ba   0x00000016   Code   RO         5853    .text               c_w.l(_rserrno.o)
    0x080004d0   0x080004d0   0x00000008   Code   RO         6030    .text               c_w.l(rt_errno_addr_intlibspace.o)
    0x080004d8   0x080004d8   0x00000008   Code   RO         6050    .text               c_w.l(libspace.o)
    0x080004e0   0x080004e0   0x0000004a   Code   RO         6053    .text               c_w.l(sys_stackheap_outer.o)
    0x0800052a   0x0800052a   0x00000012   Code   RO         6092    .text               c_w.l(exit.o)
    0x0800053c   0x0800053c   0x0000000c   Code   RO         6164    .text               c_w.l(sys_exit.o)
    0x08000548   0x08000548   0x00000002   Code   RO         6183    .text               c_w.l(use_no_semi.o)
    0x0800054a   0x0800054a   0x00000000   Code   RO         6185    .text               c_w.l(indicate_semi.o)
    0x0800054a   0x0800054a   0x00000002   Code   RO          430    i.BusFault_Handler  stm32h7xx_it.o
    0x0800054c   0x0800054c   0x0000000c   Code   RO          431    i.DMA1_Stream0_IRQHandler  stm32h7xx_it.o
    0x08000558   0x08000558   0x0000000c   Code   RO          432    i.DMA1_Stream1_IRQHandler  stm32h7xx_it.o
    0x08000564   0x08000564   0x0000000c   Code   RO          433    i.DMA1_Stream2_IRQHandler  stm32h7xx_it.o
    0x08000570   0x08000570   0x0000000c   Code   RO          434    i.DMA1_Stream3_IRQHandler  stm32h7xx_it.o
    0x0800057c   0x0800057c   0x000000c0   Code   RO         1784    i.DMA_CalcBaseAndBitshift  stm32h7xx_hal_dma.o
    0x0800063c   0x0800063c   0x000000a0   Code   RO         1785    i.DMA_CalcDMAMUXChannelBaseAndMask  stm32h7xx_hal_dma.o
    0x080006dc   0x080006dc   0x0000007c   Code   RO         1786    i.DMA_CalcDMAMUXRequestGenBaseAndMask  stm32h7xx_hal_dma.o
    0x08000758   0x08000758   0x00000078   Code   RO         1787    i.DMA_CheckFifoParam  stm32h7xx_hal_dma.o
    0x080007d0   0x080007d0   0x0000023c   Code   RO         1788    i.DMA_SetConfig     stm32h7xx_hal_dma.o
    0x08000a0c   0x08000a0c   0x00000002   Code   RO          435    i.DebugMon_Handler  stm32h7xx_it.o
    0x08000a0e   0x08000a0e   0x00000008   Code   RO          436    i.EXTI15_10_IRQHandler  stm32h7xx_it.o
    0x08000a16   0x08000a16   0x00000004   Code   RO           13    i.Error_Handler     main.o
    0x08000a1a   0x08000a1a   0x00000002   PAD
    0x08000a1c   0x08000a1c   0x0000002c   Code   RO          844    i.Get_MPU6050_Data  mpu6050.o
    0x08000a48   0x08000a48   0x0000037c   Code   RO         1789    i.HAL_DMA_Abort     stm32h7xx_hal_dma.o
    0x08000dc4   0x08000dc4   0x000002b0   Code   RO         1790    i.HAL_DMA_Abort_IT  stm32h7xx_hal_dma.o
    0x08001074   0x08001074   0x000007a8   Code   RO         1794    i.HAL_DMA_IRQHandler  stm32h7xx_hal_dma.o
    0x0800181c   0x0800181c   0x000003fc   Code   RO         1795    i.HAL_DMA_Init      stm32h7xx_hal_dma.o
    0x08001c18   0x08001c18   0x000002ec   Code   RO         1799    i.HAL_DMA_Start_IT  stm32h7xx_hal_dma.o
    0x08001f04   0x08001f04   0x00000024   Code   RO         2498    i.HAL_Delay         stm32h7xx_hal.o
    0x08001f28   0x08001f28   0x00000018   Code   RO          845    i.HAL_GPIO_EXTI_Callback  mpu6050.o
    0x08001f40   0x08001f40   0x00000018   Code   RO         1636    i.HAL_GPIO_EXTI_IRQHandler  stm32h7xx_hal_gpio.o
    0x08001f58   0x08001f58   0x00000224   Code   RO         1637    i.HAL_GPIO_Init     stm32h7xx_hal_gpio.o
    0x0800217c   0x0800217c   0x0000000e   Code   RO         1639    i.HAL_GPIO_ReadPin  stm32h7xx_hal_gpio.o
    0x0800218a   0x0800218a   0x0000000e   Code   RO         1641    i.HAL_GPIO_WritePin  stm32h7xx_hal_gpio.o
    0x08002198   0x08002198   0x0000000c   Code   RO         2509    i.HAL_GetREVID      stm32h7xx_hal.o
    0x080021a4   0x080021a4   0x0000000c   Code   RO         2510    i.HAL_GetTick       stm32h7xx_hal.o
    0x080021b0   0x080021b0   0x00000010   Code   RO         2516    i.HAL_IncTick       stm32h7xx_hal.o
    0x080021c0   0x080021c0   0x0000005c   Code   RO         2517    i.HAL_Init          stm32h7xx_hal.o
    0x0800221c   0x0800221c   0x0000004c   Code   RO         2518    i.HAL_InitTick      stm32h7xx_hal.o
    0x08002268   0x08002268   0x0000001c   Code   RO          554    i.HAL_MspInit       stm32h7xx_hal_msp.o
    0x08002284   0x08002284   0x00000022   Code   RO          938    i.HAL_NVIC_DisableIRQ  stm32h7xx_hal_cortex.o
    0x080022a6   0x080022a6   0x0000001a   Code   RO          939    i.HAL_NVIC_EnableIRQ  stm32h7xx_hal_cortex.o
    0x080022c0   0x080022c0   0x00000040   Code   RO          945    i.HAL_NVIC_SetPriority  stm32h7xx_hal_cortex.o
    0x08002300   0x08002300   0x00000024   Code   RO          946    i.HAL_NVIC_SetPriorityGrouping  stm32h7xx_hal_cortex.o
    0x08002324   0x08002324   0x00000058   Code   RO         2238    i.HAL_PWREx_ConfigSupply  stm32h7xx_hal_pwr_ex.o
    0x0800237c   0x0800237c   0x00000024   Code   RO         1200    i.HAL_RCCEx_GetD3PCLK1Freq  stm32h7xx_hal_rcc_ex.o
    0x080023a0   0x080023a0   0x000001c0   Code   RO         1202    i.HAL_RCCEx_GetPLL2ClockFreq  stm32h7xx_hal_rcc_ex.o
    0x08002560   0x08002560   0x000001c0   Code   RO         1203    i.HAL_RCCEx_GetPLL3ClockFreq  stm32h7xx_hal_rcc_ex.o
    0x08002720   0x08002720   0x00000a04   Code   RO         1209    i.HAL_RCCEx_PeriphCLKConfig  stm32h7xx_hal_rcc_ex.o
    0x08003124   0x08003124   0x0000027c   Code   RO         1085    i.HAL_RCC_ClockConfig  stm32h7xx_hal_rcc.o
    0x080033a0   0x080033a0   0x00000044   Code   RO         1090    i.HAL_RCC_GetHCLKFreq  stm32h7xx_hal_rcc.o
    0x080033e4   0x080033e4   0x00000024   Code   RO         1092    i.HAL_RCC_GetPCLK1Freq  stm32h7xx_hal_rcc.o
    0x08003408   0x08003408   0x00000024   Code   RO         1093    i.HAL_RCC_GetPCLK2Freq  stm32h7xx_hal_rcc.o
    0x0800342c   0x0800342c   0x000001b4   Code   RO         1094    i.HAL_RCC_GetSysClockFreq  stm32h7xx_hal_rcc.o
    0x080035e0   0x080035e0   0x00000684   Code   RO         1097    i.HAL_RCC_OscConfig  stm32h7xx_hal_rcc.o
    0x08003c64   0x08003c64   0x00000028   Code   RO          950    i.HAL_SYSTICK_Config  stm32h7xx_hal_cortex.o
    0x08003c8c   0x08003c8c   0x00000002   Code   RO         4128    i.HAL_TIMEx_Break2Callback  stm32h7xx_hal_tim_ex.o
    0x08003c8e   0x08003c8e   0x00000002   Code   RO         4129    i.HAL_TIMEx_BreakCallback  stm32h7xx_hal_tim_ex.o
    0x08003c90   0x08003c90   0x00000002   Code   RO         4130    i.HAL_TIMEx_CommutCallback  stm32h7xx_hal_tim_ex.o
    0x08003c92   0x08003c92   0x00000002   PAD
    0x08003c94   0x08003c94   0x0000008c   Code   RO         4132    i.HAL_TIMEx_ConfigBreakDeadTime  stm32h7xx_hal_tim_ex.o
    0x08003d20   0x08003d20   0x000000a0   Code   RO         4150    i.HAL_TIMEx_MasterConfigSynchronization  stm32h7xx_hal_tim_ex.o
    0x08003dc0   0x08003dc0   0x0000004e   Code   RO         3403    i.HAL_TIM_Base_Init  stm32h7xx_hal_tim.o
    0x08003e0e   0x08003e0e   0x00000002   PAD
    0x08003e10   0x08003e10   0x00000058   Code   RO          305    i.HAL_TIM_Base_MspInit  tim.o
    0x08003e68   0x08003e68   0x00000094   Code   RO         3408    i.HAL_TIM_Base_Start_IT  stm32h7xx_hal_tim.o
    0x08003efc   0x08003efc   0x00000108   Code   RO         3412    i.HAL_TIM_ConfigClockSource  stm32h7xx_hal_tim.o
    0x08004004   0x08004004   0x000000b8   Code   RO         3424    i.HAL_TIM_Encoder_Init  stm32h7xx_hal_tim.o
    0x080040bc   0x080040bc   0x000000a4   Code   RO          307    i.HAL_TIM_Encoder_MspInit  tim.o
    0x08004160   0x08004160   0x000000a8   Code   RO         3427    i.HAL_TIM_Encoder_Start  stm32h7xx_hal_tim.o
    0x08004208   0x08004208   0x00000002   Code   RO         3437    i.HAL_TIM_IC_CaptureCallback  stm32h7xx_hal_tim.o
    0x0800420a   0x0800420a   0x00000152   Code   RO         3451    i.HAL_TIM_IRQHandler  stm32h7xx_hal_tim.o
    0x0800435c   0x0800435c   0x00000054   Code   RO          308    i.HAL_TIM_MspPostInit  tim.o
    0x080043b0   0x080043b0   0x00000002   Code   RO         3454    i.HAL_TIM_OC_DelayElapsedCallback  stm32h7xx_hal_tim.o
    0x080043b2   0x080043b2   0x00000136   Code   RO         3475    i.HAL_TIM_PWM_ConfigChannel  stm32h7xx_hal_tim.o
    0x080044e8   0x080044e8   0x0000004e   Code   RO         3478    i.HAL_TIM_PWM_Init  stm32h7xx_hal_tim.o
    0x08004536   0x08004536   0x00000002   Code   RO         3480    i.HAL_TIM_PWM_MspInit  stm32h7xx_hal_tim.o
    0x08004538   0x08004538   0x00000002   Code   RO         3481    i.HAL_TIM_PWM_PulseFinishedCallback  stm32h7xx_hal_tim.o
    0x0800453a   0x0800453a   0x00000002   PAD
    0x0800453c   0x0800453c   0x00000128   Code   RO         3483    i.HAL_TIM_PWM_Start  stm32h7xx_hal_tim.o
    0x08004664   0x08004664   0x00000044   Code   RO          614    i.HAL_TIM_PeriodElapsedCallback  bsp_timer.o
    0x080046a8   0x080046a8   0x00000002   Code   RO         3494    i.HAL_TIM_TriggerCallback  stm32h7xx_hal_tim.o
    0x080046aa   0x080046aa   0x0000003e   Code   RO         4844    i.HAL_UARTEx_DisableFifoMode  stm32h7xx_hal_uart_ex.o
    0x080046e8   0x080046e8   0x00000052   Code   RO         4850    i.HAL_UARTEx_ReceiveToIdle_DMA  stm32h7xx_hal_uart_ex.o
    0x0800473a   0x0800473a   0x00000002   PAD
    0x0800473c   0x0800473c   0x00000094   Code   RO          665    i.HAL_UARTEx_RxEventCallback  bsp_usart.o
    0x080047d0   0x080047d0   0x00000002   Code   RO         4852    i.HAL_UARTEx_RxFifoFullCallback  stm32h7xx_hal_uart_ex.o
    0x080047d2   0x080047d2   0x0000004c   Code   RO         4853    i.HAL_UARTEx_SetRxFifoThreshold  stm32h7xx_hal_uart_ex.o
    0x0800481e   0x0800481e   0x0000004c   Code   RO         4854    i.HAL_UARTEx_SetTxFifoThreshold  stm32h7xx_hal_uart_ex.o
    0x0800486a   0x0800486a   0x00000002   Code   RO         4856    i.HAL_UARTEx_TxFifoEmptyCallback  stm32h7xx_hal_uart_ex.o
    0x0800486c   0x0800486c   0x00000002   Code   RO         4857    i.HAL_UARTEx_WakeupCallback  stm32h7xx_hal_uart_ex.o
    0x0800486e   0x0800486e   0x00000002   PAD
    0x08004870   0x08004870   0x00000044   Code   RO          666    i.HAL_UART_ErrorCallback  bsp_usart.o
    0x080048b4   0x080048b4   0x000003ac   Code   RO         4447    i.HAL_UART_IRQHandler  stm32h7xx_hal_uart.o
    0x08004c60   0x08004c60   0x00000070   Code   RO         4448    i.HAL_UART_Init     stm32h7xx_hal_uart.o
    0x08004cd0   0x08004cd0   0x000001e4   Code   RO          383    i.HAL_UART_MspInit  usart.o
    0x08004eb4   0x08004eb4   0x00000002   Code   RO         4455    i.HAL_UART_RxCpltCallback  stm32h7xx_hal_uart.o
    0x08004eb6   0x08004eb6   0x00000002   Code   RO         4456    i.HAL_UART_RxHalfCpltCallback  stm32h7xx_hal_uart.o
    0x08004eb8   0x08004eb8   0x00000002   Code   RO         4460    i.HAL_UART_TxCpltCallback  stm32h7xx_hal_uart.o
    0x08004eba   0x08004eba   0x00000002   Code   RO          437    i.HardFault_Handler  stm32h7xx_it.o
    0x08004ebc   0x08004ebc   0x0000005c   Code   RO          262    i.MX_DMA_Init       dma.o
    0x08004f18   0x08004f18   0x0000015c   Code   RO          238    i.MX_GPIO_Init      gpio.o
    0x08005074   0x08005074   0x000000e8   Code   RO          309    i.MX_TIM1_Init      tim.o
    0x0800515c   0x0800515c   0x00000070   Code   RO          310    i.MX_TIM3_Init      tim.o
    0x080051cc   0x080051cc   0x00000070   Code   RO          311    i.MX_TIM5_Init      tim.o
    0x0800523c   0x0800523c   0x00000048   Code   RO          312    i.MX_TIM6_Init      tim.o
    0x08005284   0x08005284   0x00000068   Code   RO          384    i.MX_UART7_Init     usart.o
    0x080052ec   0x080052ec   0x00000068   Code   RO          385    i.MX_UART8_Init     usart.o
    0x08005354   0x08005354   0x00000002   Code   RO          438    i.MemManage_Handler  stm32h7xx_it.o
    0x08005356   0x08005356   0x00000002   Code   RO          439    i.NMI_Handler       stm32h7xx_it.o
    0x08005358   0x08005358   0x00000002   Code   RO          440    i.PendSV_Handler    stm32h7xx_it.o
    0x0800535a   0x0800535a   0x00000002   PAD
    0x0800535c   0x0800535c   0x00000124   Code   RO         1212    i.RCCEx_PLL2_Config  stm32h7xx_hal_rcc_ex.o
    0x08005480   0x08005480   0x00000124   Code   RO         1213    i.RCCEx_PLL3_Config  stm32h7xx_hal_rcc_ex.o
    0x080055a4   0x080055a4   0x00000002   Code   RO          441    i.SVC_Handler       stm32h7xx_it.o
    0x080055a6   0x080055a6   0x00000004   Code   RO          442    i.SysTick_Handler   stm32h7xx_it.o
    0x080055aa   0x080055aa   0x00000002   PAD
    0x080055ac   0x080055ac   0x000000a8   Code   RO           14    i.SystemClock_Config  main.o
    0x08005654   0x08005654   0x000000dc   Code   RO         4968    i.SystemInit        system_stm32h7xx.o
    0x08005730   0x08005730   0x0000000c   Code   RO          443    i.TIM6_DAC_IRQHandler  stm32h7xx_it.o
    0x0800573c   0x0800573c   0x000000c8   Code   RO         3496    i.TIM_Base_SetConfig  stm32h7xx_hal_tim.o
    0x08005804   0x08005804   0x0000001a   Code   RO         3497    i.TIM_CCxChannelCmd  stm32h7xx_hal_tim.o
    0x0800581e   0x0800581e   0x00000014   Code   RO         3507    i.TIM_ETR_SetConfig  stm32h7xx_hal_tim.o
    0x08005832   0x08005832   0x00000002   PAD
    0x08005834   0x08005834   0x00000014   Code   RO         3508    i.TIM_ITRx_SetConfig  stm32h7xx_hal_tim.o
    0x08005848   0x08005848   0x000000a0   Code   RO         3509    i.TIM_OC1_SetConfig  stm32h7xx_hal_tim.o
    0x080058e8   0x080058e8   0x00000094   Code   RO         3510    i.TIM_OC2_SetConfig  stm32h7xx_hal_tim.o
    0x0800597c   0x0800597c   0x00000094   Code   RO         3511    i.TIM_OC3_SetConfig  stm32h7xx_hal_tim.o
    0x08005a10   0x08005a10   0x00000074   Code   RO         3512    i.TIM_OC4_SetConfig  stm32h7xx_hal_tim.o
    0x08005a84   0x08005a84   0x00000070   Code   RO         3513    i.TIM_OC5_SetConfig  stm32h7xx_hal_tim.o
    0x08005af4   0x08005af4   0x00000070   Code   RO         3514    i.TIM_OC6_SetConfig  stm32h7xx_hal_tim.o
    0x08005b64   0x08005b64   0x00000022   Code   RO         3516    i.TIM_TI1_ConfigInputStage  stm32h7xx_hal_tim.o
    0x08005b86   0x08005b86   0x00000024   Code   RO         3518    i.TIM_TI2_ConfigInputStage  stm32h7xx_hal_tim.o
    0x08005baa   0x08005baa   0x00000002   PAD
    0x08005bac   0x08005bac   0x0000000c   Code   RO          444    i.UART7_IRQHandler  stm32h7xx_it.o
    0x08005bb8   0x08005bb8   0x0000000c   Code   RO          445    i.UART8_IRQHandler  stm32h7xx_it.o
    0x08005bc4   0x08005bc4   0x00000048   Code   RO         4858    i.UARTEx_SetNbDataToProcess  stm32h7xx_hal_uart_ex.o
    0x08005c0c   0x08005c0c   0x000000c8   Code   RO         4462    i.UART_AdvFeatureConfig  stm32h7xx_hal_uart.o
    0x08005cd4   0x08005cd4   0x000000aa   Code   RO         4463    i.UART_CheckIdleState  stm32h7xx_hal_uart.o
    0x08005d7e   0x08005d7e   0x00000010   Code   RO         4464    i.UART_DMAAbortOnError  stm32h7xx_hal_uart.o
    0x08005d8e   0x08005d8e   0x00000050   Code   RO         4465    i.UART_DMAError     stm32h7xx_hal_uart.o
    0x08005dde   0x08005dde   0x00000084   Code   RO         4466    i.UART_DMAReceiveCplt  stm32h7xx_hal_uart.o
    0x08005e62   0x08005e62   0x00000020   Code   RO         4468    i.UART_DMARxHalfCplt  stm32h7xx_hal_uart.o
    0x08005e82   0x08005e82   0x00000002   PAD
    0x08005e84   0x08005e84   0x00000054   Code   RO         4474    i.UART_EndRxTransfer  stm32h7xx_hal_uart.o
    0x08005ed8   0x08005ed8   0x00000024   Code   RO         4475    i.UART_EndTransmit_IT  stm32h7xx_hal_uart.o
    0x08005efc   0x08005efc   0x0000002e   Code   RO         4476    i.UART_EndTxTransfer  stm32h7xx_hal_uart.o
    0x08005f2a   0x08005f2a   0x00000002   PAD
    0x08005f2c   0x08005f2c   0x00000490   Code   RO         4481    i.UART_SetConfig    stm32h7xx_hal_uart.o
    0x080063bc   0x080063bc   0x000000a4   Code   RO         4482    i.UART_Start_Receive_DMA  stm32h7xx_hal_uart.o
    0x08006460   0x08006460   0x00000098   Code   RO         4488    i.UART_WaitOnFlagUntilTimeout  stm32h7xx_hal_uart.o
    0x080064f8   0x080064f8   0x00000002   Code   RO          446    i.UsageFault_Handler  stm32h7xx_it.o
    0x080064fa   0x080064fa   0x00000030   Code   RO         5993    i.__ARM_fpclassify  m_wv.l(fpclassify.o)
    0x0800652a   0x0800652a   0x00000020   Code   RO          952    i.__NVIC_SetPriority  stm32h7xx_hal_cortex.o
    0x0800654a   0x0800654a   0x00000006   PAD
    0x08006550   0x08006550   0x00000208   Code   RO         5822    i.__hardfp_asin     m_wv.l(asin.o)
    0x08006758   0x08006758   0x00000200   Code   RO         5959    i.__hardfp_atan     m_wv.l(atan.o)
    0x08006958   0x08006958   0x000001c8   Code   RO         5836    i.__hardfp_atan2    m_wv.l(atan2.o)
    0x08006b20   0x08006b20   0x00000070   Code   RO         5995    i.__kernel_poly     m_wv.l(poly.o)
    0x08006b90   0x08006b90   0x00000006   Code   RO         5974    i.__mathlib_dbl_infnan  m_wv.l(dunder.o)
    0x08006b96   0x08006b96   0x00000006   Code   RO         5975    i.__mathlib_dbl_infnan2  m_wv.l(dunder.o)
    0x08006b9c   0x08006b9c   0x00000004   PAD
    0x08006ba0   0x08006ba0   0x00000018   Code   RO         5976    i.__mathlib_dbl_invalid  m_wv.l(dunder.o)
    0x08006bb8   0x08006bb8   0x00000018   Code   RO         5979    i.__mathlib_dbl_underflow  m_wv.l(dunder.o)
    0x08006bd0   0x08006bd0   0x00000010   Code   RO         5961    i.atan              m_wv.l(atan.o)
    0x08006be0   0x08006be0   0x00000118   Code   RO         5264    i.atk_ms6050_dmp_get_data  inv_mpu.o
    0x08006cf8   0x08006cf8   0x00000044   Code   RO         5049    i.atk_ms6050_get_accelerometer  atk_ms6050.o
    0x08006d3c   0x08006d3c   0x00000016   Code   RO         5266    i.atk_ms6050_get_clock_ms  inv_mpu.o
    0x08006d52   0x08006d52   0x00000044   Code   RO         5050    i.atk_ms6050_get_gyroscope  atk_ms6050.o
    0x08006d96   0x08006d96   0x00000002   PAD
    0x08006d98   0x08006d98   0x00000054   Code   RO         5159    i.atk_ms6050_iic_ack  atk_ms6050_iic.o
    0x08006dec   0x08006dec   0x00000040   Code   RO         5161    i.atk_ms6050_iic_nack  atk_ms6050_iic.o
    0x08006e2c   0x08006e2c   0x00000068   Code   RO         5162    i.atk_ms6050_iic_read_byte  atk_ms6050_iic.o
    0x08006e94   0x08006e94   0x0000006c   Code   RO         5163    i.atk_ms6050_iic_send_byte  atk_ms6050_iic.o
    0x08006f00   0x08006f00   0x0000004c   Code   RO         5164    i.atk_ms6050_iic_start  atk_ms6050_iic.o
    0x08006f4c   0x08006f4c   0x00000040   Code   RO         5165    i.atk_ms6050_iic_stop  atk_ms6050_iic.o
    0x08006f8c   0x08006f8c   0x00000068   Code   RO         5166    i.atk_ms6050_iic_wait_ack  atk_ms6050_iic.o
    0x08006ff4   0x08006ff4   0x00000084   Code   RO         5054    i.atk_ms6050_read   atk_ms6050.o
    0x08007078   0x08007078   0x0000006a   Code   RO         5061    i.atk_ms6050_write  atk_ms6050.o
    0x080070e2   0x080070e2   0x00000006   Code   RO          579    i.bsp_set_gpio_high  bsp_gpio.o
    0x080070e8   0x080070e8   0x00000006   Code   RO          580    i.bsp_set_gpio_low  bsp_gpio.o
    0x080070ee   0x080070ee   0x00000002   PAD
    0x080070f0   0x080070f0   0x00000018   Code   RO          615    i.bsp_set_timer_compare  bsp_timer.o
    0x08007108   0x08007108   0x0000003c   Code   RO          616    i.bsp_timer_init    bsp_timer.o
    0x08007144   0x08007144   0x00000028   Code   RO          669    i.bsp_usart_init    bsp_usart.o
    0x0800716c   0x0800716c   0x00000050   Code   RO          798    i.dc_motor_on       dc_motor.o
    0x080071bc   0x080071bc   0x0000003c   Code   RO         5610    i.decode_gesture    inv_mpu_dmp_motion_driver.o
    0x080071f8   0x080071f8   0x00000038   Code   RO         5227    i.delay_us          delay.o
    0x08007230   0x08007230   0x00000184   Code   RO         5620    i.dmp_read_fifo     inv_mpu_dmp_motion_driver.o
    0x080073b4   0x080073b4   0x00000018   Code   RO         5989    i.fabs              m_wv.l(fabs.o)
    0x080073cc   0x080073cc   0x00000008   Code   RO          618    i.get_g_time_flag_addr  bsp_timer.o
    0x080073d4   0x080073d4   0x00000090   Code   RO           15    i.main              main.o
    0x08007464   0x08007464   0x000000ac   Code   RO         5294    i.mpu_read_fifo_stream  inv_mpu.o
    0x08007510   0x08007510   0x0000016c   Code   RO         5298    i.mpu_reset_fifo    inv_mpu.o
    0x0800767c   0x0800767c   0x00000008   Code   RO         5006    i.pid_get_speed_controller  pid.o
    0x08007684   0x08007684   0x0000003c   Code   RO         5007    i.pid_init          pid.o
    0x080076c0   0x080076c0   0x00000038   Code   RO          799    i.set_back_gpio     dc_motor.o
    0x080076f8   0x080076f8   0x00000038   Code   RO          800    i.set_forward_gpio  dc_motor.o
    0x08007730   0x08007730   0x0000006a   Code   RO         6000    i.sqrt              m_wv.l(sqrt.o)
    0x0800779a   0x0800779a   0x0000000a   Code   RO         6179    x$fpl$fpinit        fz_wv.l(fpinit.o)
    0x080077a4   0x080077a4   0x00000000   Code   RO         5958    x$fpl$usenofp       fz_wv.l(usenofp.o)
    0x080077a4   0x080077a4   0x00000008   Data   RO         1801    .constdata          stm32h7xx_hal_dma.o
    0x080077ac   0x080077ac   0x00000018   Data   RO         4489    .constdata          stm32h7xx_hal_uart.o
    0x080077c4   0x080077c4   0x00000010   Data   RO         4860    .constdata          stm32h7xx_hal_uart_ex.o
    0x080077d4   0x080077d4   0x00000010   Data   RO         4969    .constdata          system_stm32h7xx.o
    0x080077e4   0x080077e4   0x0000001b   Data   RO         5313    .constdata          inv_mpu.o
    0x080077ff   0x080077ff   0x00000001   PAD
    0x08007800   0x08007800   0x0000000c   Data   RO         5314    .constdata          inv_mpu.o
    0x0800780c   0x0800780c   0x00000028   Data   RO         5315    .constdata          inv_mpu.o
    0x08007834   0x08007834   0x00000004   PAD
    0x08007838   0x08007838   0x00000050   Data   RO         5825    .constdata          m_wv.l(asin.o)
    0x08007888   0x08007888   0x00000098   Data   RO         5962    .constdata          m_wv.l(atan.o)
    0x08007920   0x08007920   0x00000008   Data   RO         5997    .constdata          m_wv.l(qnan.o)
    0x08007928   0x08007928   0x00000020   Data   RO         6237    Region$$Table       anon$$obj.o


    Execution Region RW_IRAM1 (Exec base: 0x20000000, Load base: 0x08007948, Size: 0x00000000, Max: 0x00020000, ABSOLUTE)

    **** No section assigned to this execution region ****


    Execution Region RW_IRAM2 (Exec base: 0x24000000, Load base: 0x08007948, Size: 0x00000d00, Max: 0x00080000, ABSOLUTE)

    Exec Addr    Load Addr    Size         Type   Attr      Idx    E Section Name        Object

    0x24000000   0x08007948   0x00000008   Data   RW          619    .data               bsp_timer.o
    0x24000008   0x08007950   0x00000004   Data   RW          673    .data               bsp_usart.o
    0x2400000c   0x08007954   0x00000018   Data   RW          849    .data               mpu6050.o
    0x24000024   0x0800796c   0x0000000c   Data   RW         2539    .data               stm32h7xx_hal.o
    0x24000030   0x08007978   0x00000008   Data   RW         4970    .data               system_stm32h7xx.o
    0x24000038   0x08007980   0x00000002   Data   RW         5228    .data               delay.o
    0x2400003a   0x08007982   0x00000002   PAD
    0x2400003c   0x08007984   0x00000035   Data   RW         5316    .data               inv_mpu.o
    0x24000071   0x080079b9   0x00000003   PAD
    0x24000074        -       0x00000130   Zero   RW          313    .bss                tim.o
    0x240001a4        -       0x00000308   Zero   RW          386    .bss                usart.o
    0x240004ac        -       0x000001ac   Zero   RW          672    .bss                bsp_usart.o
    0x24000658        -       0x00000034   Zero   RW         5008    .bss                pid.o
    0x2400068c        -       0x00000010   Zero   RW         5638    .bss                inv_mpu_dmp_motion_driver.o
    0x2400069c        -       0x00000060   Zero   RW         6051    .bss                c_w.l(libspace.o)
    0x240006fc   0x080079b9   0x00000004   PAD
    0x24000700        -       0x00000200   Zero   RW            2    HEAP                startup_stm32h750xx.o
    0x24000900        -       0x00000400   Zero   RW            1    STACK               startup_stm32h750xx.o


==============================================================================

Image component sizes


      Code (inc. data)   RO Data    RW Data    ZI Data      Debug   Object Name

       374          0          0          0          0       3499   atk_ms6050.o
       604         36          0          0          0       4976   atk_ms6050_iic.o
        12          0          0          0          0       1239   bsp_gpio.o
       160         34          0          8          0       2578   bsp_timer.o
       256         50          0          4        428       2472   bsp_usart.o
       192         20          0          0          0       1609   dc_motor.o
        56          6          0          2          0        751   delay.o
        92          4          0          0          0        762   dma.o
       348         20          0          0          0       1071   gpio.o
       838         24         79         53          0       9326   inv_mpu.o
       448          8          0          0         16       7488   inv_mpu_dmp_motion_driver.o
       316         24          0          0          0    1287452   main.o
        68          8          0         24          0       1457   mpu6050.o
        68          8          0          0         52       1522   pid.o
        64         26        664          0       1536        828   startup_stm32h750xx.o
       244         46          0         12          0      23260   stm32h7xx_hal.o
       232         14          0          0          0      40229   stm32h7xx_hal_cortex.o
      6476        144          8          0          0      14186   stm32h7xx_hal_dma.o
       600         50          0          0          0       3582   stm32h7xx_hal_gpio.o
        28          6          0          0          0        778   stm32h7xx_hal_msp.o
        88          6          0          0          0        817   stm32h7xx_hal_pwr_ex.o
      2880        126          0          0          0       7924   stm32h7xx_hal_rcc.o
      4080        132          0          0          0       8213   stm32h7xx_hal_rcc_ex.o
      3006        276          0          0          0      20743   stm32h7xx_hal_tim.o
       306         36          0          0          0       4008   stm32h7xx_hal_tim_ex.o
      3338        140         24          0          0      34443   stm32h7xx_hal_uart.o
       374          6         16          0          0       6229   stm32h7xx_hal_uart_ex.o
       112         42          0          0          0       7685   stm32h7xx_it.o
       220         42         16          8          0       1286   system_stm32h7xx.o
       864         80          0          0        304       5101   tim.o
       692         50          0          0        776       2871   usart.o

    ----------------------------------------------------------------------
     27470       1464        844        116       3112    1508385   Object Totals
         0          0         32          0          0          0   (incl. Generated)
        34          0          5          5          0          0   (incl. Padding)

    ----------------------------------------------------------------------

      Code (inc. data)   RO Data    RW Data    ZI Data      Debug   Library Member Name

         8          0          0          0          0         68   __main.o
         0          0          0          0          0          0   __rtentry.o
        12          0          0          0          0          0   __rtentry2.o
         6          0          0          0          0          0   __rtentry4.o
        52          8          0          0          0          0   __scatter.o
        26          0          0          0          0          0   __scatter_copy.o
        28          0          0          0          0          0   __scatter_zi.o
        22          0          0          0          0        100   _rserrno.o
        18          0          0          0          0         80   exit.o
         6          0          0          0          0        152   heapauxi.o
         0          0          0          0          0          0   indicate_semi.o
         2          0          0          0          0          0   libinit.o
         6          0          0          0          0          0   libinit2.o
         2          0          0          0          0          0   libshutdown.o
         2          0          0          0          0          0   libshutdown2.o
         8          4          0          0         96         68   libspace.o
       238          0          0          0          0        100   lludivv7m.o
         8          4          0          0          0         68   rt_errno_addr_intlibspace.o
        78          0          0          0          0         80   rt_memclr_w.o
         2          0          0          0          0          0   rtexit.o
        10          0          0          0          0          0   rtexit2.o
        12          4          0          0          0         68   sys_exit.o
        74          0          0          0          0         80   sys_stackheap_outer.o
         2          0          0          0          0         68   use_no_semi.o
        10          0          0          0          0        116   fpinit.o
         0          0          0          0          0          0   usenofp.o
       520         88         80          0          0        252   asin.o
       528        110        152          0          0        348   atan.o
       456         64          0          0          0        188   atan2.o
        60         28          0          0          0        464   dunder.o
        24          0          0          0          0        124   fabs.o
        48          0          0          0          0        124   fpclassify.o
       112          0          0          0          0        116   poly.o
         0          0          8          0          0          0   qnan.o
       106          0          0          0          0        140   sqrt.o

    ----------------------------------------------------------------------
      2494        310        240          0        100       2804   Library Totals
         8          0          0          0          4          0   (incl. Padding)

    ----------------------------------------------------------------------

      Code (inc. data)   RO Data    RW Data    ZI Data      Debug   Library Name

       622         20          0          0         96        932   c_w.l
        10          0          0          0          0        116   fz_wv.l
      1854        290        240          0          0       1756   m_wv.l

    ----------------------------------------------------------------------
      2494        310        240          0        100       2804   Library Totals

    ----------------------------------------------------------------------

==============================================================================


      Code (inc. data)   RO Data    RW Data    ZI Data      Debug   

     29964       1774       1084        116       3212    1494225   Grand Totals
     29964       1774       1084        116       3212    1494225   ELF Image Totals
     29964       1774       1084        116          0          0   ROM Totals

==============================================================================

    Total RO  Size (Code + RO Data)                31048 (  30.32kB)
    Total RW  Size (RW Data + ZI Data)              3328 (   3.25kB)
    Total ROM Size (Code + RO Data + RW Data)      31164 (  30.43kB)

==============================================================================

