<html>
<body>
<pre>
<h1>µVision Build Log</h1>
<h2>Tool Versions:</h2>
IDE-Version: ¦ÌVision V5.39.0.0
Copyright (C) 2023 ARM Ltd and ARM Germany GmbH. All rights reserved.
License Information: taylor swift, taylor, LIC=FQQMA-1G67G-NTN3G-VK2S7-H4EUN-UYSAH
 
Tool Versions:
Toolchain:       MDK-ARM Professional  Version: 5.39.0.0
Toolchain Path:  D:\Keil_v5\ARM\ARMCC\Bin
C Compiler:      Armcc.exe V5.06 update 7 (build 960)
Assembler:       Armasm.exe V5.06 update 7 (build 960)
Linker/Locator:  ArmLink.exe V5.06 update 7 (build 960)
Library Manager: ArmAr.exe V5.06 update 7 (build 960)
Hex Converter:   FromElf.exe V5.06 update 7 (build 960)
CPU DLL:         SARMCM3.DLL V5.39.0.0
Dialog DLL:      DCM.DLL V1.17.5.0
Target DLL:      STLink\ST-LINKIII-KEIL_SWO.dll V3.2.0.0
Dialog DLL:      TCM.DLL V1.56.4.0
 
<h2>Project:</h2>
D:\A_26E\26Daisai\diansai\MDK-ARM\diansai.uvprojx
Project File Date:  08/01/2026

<h2>Output:</h2>
*** Using Compiler 'V5.06 update 7 (build 960)', folder: 'D:\Keil_v5\ARM\ARMCC\Bin'
Rebuild target 'diansai'
assembling startup_stm32h750xx.s...
compiling Line_Follower.c...
compiling gpio.c...
compiling encoder.c...
compiling stm32h7xx_hal_msp.c...
compiling dma.c...
compiling bsp_usart.c...
compiling bsp_gpio.c...
compiling main.c...
compiling stm32h7xx_it.c...
compiling bsp_timer.c...
compiling tim.c...
compiling usart.c...
compiling dc_motor.c...
compiling key.c...
compiling OLED_Data.c...
compiling mpu6050.c...
compiling line_tracking.c...
compiling Emm_V5.c...
compiling ball_control.c...
APP\ball_control.c(59): warning:  #177-D: variable "ret"  was declared but never referenced
  	 HAL_StatusTypeDef ret;
APP\ball_control.c: 1 warning, 0 errors
compiling OLED.c...
compiling atk_ms6050_iic.c...
compiling five.c...
compiling forward.c...
compiling atk_ms6050.c...
compiling Oled_show.c...
compiling pid.c...
Alg\pid.c(87): warning:  #177-D: variable "d_temp"  was declared but never referenced
      float d_temp;
Alg\pid.c: 1 warning, 0 errors
compiling delay.c...
compiling inv_mpu_dmp_motion_driver.c...
compiling stm32h7xx_hal_cortex.c...
compiling inv_mpu.c...
compiling stm32h7xx_hal_rcc.c...
compiling stm32h7xx_hal_flash.c...
compiling stm32h7xx_hal_rcc_ex.c...
compiling stm32h7xx_hal_gpio.c...
compiling stm32h7xx_hal_flash_ex.c...
compiling stm32h7xx_hal_hsem.c...
compiling stm32h7xx_hal_dma_ex.c...
compiling stm32h7xx_hal_dma.c...
compiling stm32h7xx_hal_mdma.c...
compiling stm32h7xx_hal_pwr.c...
compiling stm32h7xx_hal_pwr_ex.c...
compiling stm32h7xx_hal.c...
compiling stm32h7xx_hal_i2c_ex.c...
compiling stm32h7xx_hal_exti.c...
compiling stm32h7xx_hal_i2c.c...
compiling stm32h7xx_hal_tim_ex.c...
compiling stm32h7xx_hal_uart_ex.c...
compiling system_stm32h7xx.c...
compiling stm32h7xx_hal_tim.c...
compiling stm32h7xx_hal_uart.c...
linking...
Program Size: Code=31558 RO-data=2850 RW-data=148 ZI-data=8180  
FromELF: creating hex file...
"diansai\diansai.axf" - 0 Error(s), 2 Warning(s).

<h2>Software Packages used:</h2>

Package Vendor: ARM
                http://www.keil.com/pack/ARM.CMSIS.5.9.0.pack
                ARM::CMSIS@5.9.0
                CMSIS (Common Microcontroller Software Interface Standard)
   * Component: CORE Version: 5.6.0

Package Vendor: Keil
                http://www.keil.com/pack/Keil.STM32H7xx_DFP.2.7.0.pack
                Keil::STM32H7xx_DFP@2.7.0
                STMicroelectronics STM32H7 Series Device Support and Examples

<h2>Collection of Component include folders:</h2>
  ./RTE/_diansai
  D:/Keil_v5/ARM/PACK/ARM/CMSIS/5.9.0/CMSIS/Core/Include
  D:/Keil_v5/ARM/PACK/Keil/STM32H7xx_DFP/2.7.0/Drivers/CMSIS/Device/ST/STM32H7xx/Include

<h2>Collection of Component Files used:</h2>

   * Component: ARM::CMSIS:CORE@5.6.0
      Include file:  CMSIS/Core/Include/tz_context.h
Build Time Elapsed:  00:00:04
</pre>
</body>
</html>
